Archive member included to satisfy reference by file (symbol)

/Users/wara_1234/Documents/LPCXpresso_8.2.2/workspace/lpc_board_nxp_lpcxpresso_1769/Debug/liblpc_board_nxp_lpcxpresso_1769.a(board.o)
                              ./src/lab5.o (Board_LED_Set)
/Users/wara_1234/Documents/LPCXpresso_8.2.2/workspace/lpc_board_nxp_lpcxpresso_1769/Debug/liblpc_board_nxp_lpcxpresso_1769.a(board_sysinit.o)
                              ./src/sysinit.o (Board_SystemInit)
/Users/wara_1234/Documents/LPCXpresso_8.2.2/workspace/lpc_chip_175x_6x/Debug/liblpc_chip_175x_6x.a(chip_17xx_40xx.o)
                              ./src/lab5.o (SystemCoreClockUpdate)
/Users/wara_1234/Documents/LPCXpresso_8.2.2/workspace/lpc_chip_175x_6x/Debug/liblpc_chip_175x_6x.a(clock_17xx_40xx.o)
                              /Users/wara_1234/Documents/LPCXpresso_8.2.2/workspace/lpc_chip_175x_6x/Debug/liblpc_chip_175x_6x.a(chip_17xx_40xx.o) (Chip_Clock_EnablePLL)
/Users/wara_1234/Documents/LPCXpresso_8.2.2/workspace/lpc_chip_175x_6x/Debug/liblpc_chip_175x_6x.a(i2s_17xx_40xx.o)
                              /Users/wara_1234/Documents/LPCXpresso_8.2.2/workspace/lpc_board_nxp_lpcxpresso_1769/Debug/liblpc_board_nxp_lpcxpresso_1769.a(board.o) (Chip_I2S_Init)
/Users/wara_1234/Documents/LPCXpresso_8.2.2/workspace/lpc_chip_175x_6x/Debug/liblpc_chip_175x_6x.a(iocon_17xx_40xx.o)
                              ./src/lab5.o (Chip_IOCON_PinMux)
/Users/wara_1234/Documents/LPCXpresso_8.2.2/workspace/lpc_chip_175x_6x/Debug/liblpc_chip_175x_6x.a(sysinit_17xx_40xx.o)
                              /Users/wara_1234/Documents/LPCXpresso_8.2.2/workspace/lpc_board_nxp_lpcxpresso_1769/Debug/liblpc_board_nxp_lpcxpresso_1769.a(board_sysinit.o) (Chip_SetupXtalClocking)
/Users/wara_1234/Documents/LPCXpresso_8.2.2/workspace/lpc_chip_175x_6x/Debug/liblpc_chip_175x_6x.a(timer_17xx_40xx.o)
                              ./src/lab5.o (Chip_TIMER_Init)
/Users/wara_1234/Documents/LPCXpresso_8.2.2/workspace/lpc_chip_175x_6x/Debug/liblpc_chip_175x_6x.a(uart_17xx_40xx.o)
                              /Users/wara_1234/Documents/LPCXpresso_8.2.2/workspace/lpc_board_nxp_lpcxpresso_1769/Debug/liblpc_board_nxp_lpcxpresso_1769.a(board.o) (Chip_UART_Init)
/Users/wara_1234/Documents/LPCXpresso_8.2.2/workspace/lpc_chip_175x_6x/Debug/liblpc_chip_175x_6x.a(ring_buffer.o)
                              /Users/wara_1234/Documents/LPCXpresso_8.2.2/workspace/lpc_chip_175x_6x/Debug/liblpc_chip_175x_6x.a(uart_17xx_40xx.o) (RingBuffer_Insert)
/Applications/lpcxpresso_8.2.2_650/lpcxpresso/tools/bin/../lib/gcc/arm-none-eabi/5.4.1/../../../../arm-none-eabi/lib/armv7-m/libcr_c.a(memcpy.o)
                              /Users/wara_1234/Documents/LPCXpresso_8.2.2/workspace/lpc_board_nxp_lpcxpresso_1769/Debug/liblpc_board_nxp_lpcxpresso_1769.a(board.o) (memcpy)
/Applications/lpcxpresso_8.2.2_650/lpcxpresso/tools/bin/../lib/gcc/arm-none-eabi/5.4.1/../../../../arm-none-eabi/lib/armv7-m/libcr_c.a(__weak__main.o)
                              ./src/cr_startup_lpc175x_6x.o (__main)
/Applications/lpcxpresso_8.2.2_650/lpcxpresso/tools/bin/../lib/gcc/arm-none-eabi/5.4.1/armv7-m/libcr_eabihelpers.a(division_64.o)
                              /Users/wara_1234/Documents/LPCXpresso_8.2.2/workspace/lpc_chip_175x_6x/Debug/liblpc_chip_175x_6x.a(i2s_17xx_40xx.o) (__aeabi_uldivmod)
/Applications/lpcxpresso_8.2.2_650/lpcxpresso/tools/bin/../lib/gcc/arm-none-eabi/5.4.1/armv7-m/libcr_eabihelpers.a(division_idiv0.o)
                              /Applications/lpcxpresso_8.2.2_650/lpcxpresso/tools/bin/../lib/gcc/arm-none-eabi/5.4.1/armv7-m/libcr_eabihelpers.a(division_64.o) (__aeabi_idiv0)
/Applications/lpcxpresso_8.2.2_650/lpcxpresso/tools/bin/../lib/gcc/arm-none-eabi/5.4.1/armv7-m/libcr_eabihelpers.a(memcpy.o)
                              /Applications/lpcxpresso_8.2.2_650/lpcxpresso/tools/bin/../lib/gcc/arm-none-eabi/5.4.1/../../../../arm-none-eabi/lib/armv7-m/libcr_c.a(memcpy.o) (__aeabi_memcpy)

Allocating common symbols
Common symbol       size              file

SystemCoreClock     0x4               /Users/wara_1234/Documents/LPCXpresso_8.2.2/workspace/lpc_chip_175x_6x/Debug/liblpc_chip_175x_6x.a(chip_17xx_40xx.o)

Discarded input sections

 .group         0x0000000000000000        0x8 ./src/cr_startup_lpc175x_6x.o
 .text          0x0000000000000000        0x0 ./src/cr_startup_lpc175x_6x.o
 .data          0x0000000000000000        0x0 ./src/cr_startup_lpc175x_6x.o
 .bss           0x0000000000000000        0x0 ./src/cr_startup_lpc175x_6x.o
 .group         0x0000000000000000        0x8 ./src/crp.o
 .group         0x0000000000000000        0x8 ./src/crp.o
 .text          0x0000000000000000        0x0 ./src/crp.o
 .data          0x0000000000000000        0x0 ./src/crp.o
 .bss           0x0000000000000000        0x0 ./src/crp.o
 .debug_macro   0x0000000000000000      0x88c ./src/crp.o
 .group         0x0000000000000000        0x8 ./src/lab5.o
 .group         0x0000000000000000        0x8 ./src/lab5.o
[...]
Memory Configuration

Name             Origin             Length             Attributes
MFlash512        0x0000000000000000 0x0000000000080000 xr
RamLoc32         0x0000000010000000 0x0000000000008000 xrw
RamAHB32         0x000000002007c000 0x0000000000008000 xrw
*default*        0x0000000000000000 0xffffffffffffffff

Linker script and memory map

LOAD ./src/cr_startup_lpc175x_6x.o
LOAD ./src/crp.o
LOAD ./src/lab5.o
LOAD ./src/sysinit.o
LOAD /Users/wara_1234/Documents/LPCXpresso_8.2.2/workspace/lpc_board_nxp_lpcxpresso_1769/Debug/liblpc_board_nxp_lpcxpresso_1769.a
LOAD /Users/wara_1234/Documents/LPCXpresso_8.2.2/workspace/lpc_chip_175x_6x/Debug/liblpc_chip_175x_6x.a
START GROUP
LOAD /Applications/lpcxpresso_8.2.2_650/lpcxpresso/tools/bin/../lib/gcc/arm-none-eabi/5.4.1/../../../../arm-none-eabi/lib/armv7-m/libcr_c.a
LOAD /Applications/lpcxpresso_8.2.2_650/lpcxpresso/tools/bin/../lib/gcc/arm-none-eabi/5.4.1/armv7-m/libcr_eabihelpers.a
END GROUP
                0x0000000000000000                __base_MFlash512 = 0x0
                0x0000000000000000                __base_Flash = 0x0
                0x0000000000080000                __top_MFlash512 = 0x80000
                0x0000000000080000                __top_Flash = 0x80000
                0x0000000010000000                __base_RamLoc32 = 0x10000000
                0x0000000010000000                __base_RAM = 0x10000000
                0x0000000010008000                __top_RamLoc32 = 0x10008000
                0x0000000010008000                __top_RAM = 0x10008000
                0x000000002007c000                __base_RamAHB32 = 0x2007c000
                0x000000002007c000                __base_RAM2 = 0x2007c000
                0x0000000020084000                __top_RamAHB32 = 0x20084000
                0x0000000020084000                __top_RAM2 = 0x20084000

.text           0x0000000000000000     0x1310
 FILL mask 0xff
                0x0000000000000000                __vectors_start__ = ABSOLUTE (.)
 *(.isr_vector)
 .isr_vector    0x0000000000000000       0xcc ./src/cr_startup_lpc175x_6x.o
                0x0000000000000000                g_pfnVectors
                0x00000000000000cc                . = ALIGN (0x4)
                0x00000000000000cc                __section_table_start = .
                0x00000000000000cc                __data_section_table = .
                0x00000000000000cc        0x4 LONG 0x1310 LOADADDR (.data)
                0x00000000000000d0        0x4 LONG 0x10000000 ADDR (.data)
                0x00000000000000d4        0x4 LONG 0x0 SIZEOF (.data)
                0x00000000000000d8        0x4 LONG 0x1310 LOADADDR (.data_RAM2)
                0x00000000000000dc        0x4 LONG 0x2007c000 ADDR (.data_RAM2)
                0x00000000000000e0        0x4 LONG 0x0 SIZEOF (.data_RAM2)
                0x00000000000000e4                __data_section_table_end = .
                0x00000000000000e4                __bss_section_table = .
                0x00000000000000e4        0x4 LONG 0x10000000 ADDR (.bss)
                0x00000000000000e8        0x4 LONG 0x4 SIZEOF (.bss)
                0x00000000000000ec        0x4 LONG 0x2007c000 ADDR (.bss_RAM2)
                0x00000000000000f0        0x4 LONG 0x0 SIZEOF (.bss_RAM2)
                0x00000000000000f4                __bss_section_table_end = .
                0x00000000000000f4                __section_table_end = .
 *(.after_vectors*)
 .after_vectors
                0x00000000000000f4      0x144 ./src/cr_startup_lpc175x_6x.o
                0x00000000000000f4                data_init
                0x0000000000000138                bss_init
                0x0000000000000170                ResetISR
                0x00000000000001e8                NMI_Handler
                0x00000000000001f0                HardFault_Handler
                0x00000000000001f8                MemManage_Handler
                0x0000000000000200                BusFault_Handler
                0x0000000000000208                UsageFault_Handler
                0x0000000000000210                SVC_Handler
                0x0000000000000218                DebugMon_Handler
                0x0000000000000220                PendSV_Handler
                0x0000000000000228                SysTick_Handler
                0x0000000000000230                IntDefaultHandler
                0x0000000000000230                PLL0_IRQHandler
                0x0000000000000230                CAN_IRQHandler
                0x0000000000000230                PLL1_IRQHandler
                0x0000000000000230                SSP0_IRQHandler
                0x0000000000000230                I2S_IRQHandler
                0x0000000000000230                I2C2_IRQHandler
                0x0000000000000230                RTC_IRQHandler
                0x0000000000000230                TIMER0_IRQHandler
                0x0000000000000230                SPI_IRQHandler
                0x0000000000000230                EINT1_IRQHandler
                0x0000000000000230                UART2_IRQHandler
                0x0000000000000230                ADC_IRQHandler
                0x0000000000000230                SSP1_IRQHandler
                0x0000000000000230                USB_IRQHandler
                0x0000000000000230                BOD_IRQHandler
                0x0000000000000230                WDT_IRQHandler
                0x0000000000000230                QEI_IRQHandler
                0x0000000000000230                EINT0_IRQHandler
                0x0000000000000230                ETH_IRQHandler
                0x0000000000000230                DMA_IRQHandler
                0x0000000000000230                UART3_IRQHandler
                0x0000000000000230                TIMER2_IRQHandler
                0x0000000000000230                MCPWM_IRQHandler
                0x0000000000000230                RIT_IRQHandler
                0x0000000000000230                I2C0_IRQHandler
                0x0000000000000230                USBActivity_IRQHandler
                0x0000000000000230                PWM1_IRQHandler
                0x0000000000000230                I2C1_IRQHandler
                0x0000000000000230                EINT2_IRQHandler
                0x0000000000000230                UART1_IRQHandler
                0x0000000000000230                EINT3_IRQHandler
                0x0000000000000230                CANActivity_IRQHandler
                0x0000000000000230                TIMER3_IRQHandler
                0x0000000000000230                UART0_IRQHandler
                0x00000000000002fc                . = 0x2fc
 *fill*         0x0000000000000238       0xc4 ff
                0x00000000000002fc                PROVIDE (__CRP_WORD_START__, .)
 *(.crp)
 .crp           0x00000000000002fc        0x4 ./src/crp.o
                0x00000000000002fc                CRP_WORD
                0x0000000000000300                PROVIDE (__CRP_WORD_END__, .)
                0x0000000000000001                ASSERT (! ((__CRP_WORD_START__ == __CRP_WORD_END__)), Linker CRP Enabled, but no CRP_WORD provided within application)
 *(.text*)
 .text.Chip_IOCON_Init
                0x0000000000000300       0x18 ./src/lab5.o
 .text.Chip_TIMER_MatchPending
                0x0000000000000318       0x34 ./src/lab5.o
 .text.Chip_TIMER_ClearMatch
                0x000000000000034c       0x28 ./src/lab5.o
 .text.Chip_TIMER_Enable
                0x0000000000000374       0x20 ./src/lab5.o
 .text.Chip_TIMER_SetMatch
                0x0000000000000394       0x28 ./src/lab5.o
 .text.Chip_TIMER_MatchEnableInt
                0x00000000000003bc       0x34 ./src/lab5.o
 .text.Chip_TIMER_ResetOnMatchEnable
                0x00000000000003f0       0x34 ./src/lab5.o
 .text.TIMER1_IRQHandler
                0x0000000000000424       0x28 ./src/lab5.o
                0x0000000000000424                TIMER1_IRQHandler
 .text.main     0x000000000000044c       0x8c ./src/lab5.o
                0x000000000000044c                main
 .text.SystemInit
                0x00000000000004d8       0x24 ./src/sysinit.o
                0x00000000000004d8                SystemInit
 .text.Chip_IOCON_Init
                0x00000000000004fc       0x18 /Users/wara_1234/Documents/LPCXpresso_8.2.2/workspace/lpc_board_nxp_lpcxpresso_1769/Debug/liblpc_board_nxp_lpcxpresso_1769.a(board.o)
 .text.Chip_GPIO_Init
                0x0000000000000514       0x18 /Users/wara_1234/Documents/LPCXpresso_8.2.2/workspace/lpc_board_nxp_lpcxpresso_1769/Debug/liblpc_board_nxp_lpcxpresso_1769.a(board.o)
 .text.Chip_GPIO_SetPinState
                0x000000000000052c       0x68 /Users/wara_1234/Documents/LPCXpresso_8.2.2/workspace/lpc_board_nxp_lpcxpresso_1769/Debug/liblpc_board_nxp_lpcxpresso_1769.a(board.o)
 .text.Chip_GPIO_WritePortBit
                0x0000000000000594       0x2c /Users/wara_1234/Documents/LPCXpresso_8.2.2/workspace/lpc_board_nxp_lpcxpresso_1769/Debug/liblpc_board_nxp_lpcxpresso_1769.a(board.o)
 .text.Chip_GPIO_GetPinState
                0x00000000000005c0       0x38 /Users/wara_1234/Documents/LPCXpresso_8.2.2/workspace/lpc_board_nxp_lpcxpresso_1769/Debug/liblpc_board_nxp_lpcxpresso_1769.a(board.o)
 .text.Chip_GPIO_ReadPortBit
                0x00000000000005f8       0x28 /Users/wara_1234/Documents/LPCXpresso_8.2.2/workspace/lpc_board_nxp_lpcxpresso_1769/Debug/liblpc_board_nxp_lpcxpresso_1769.a(board.o)
 .text.Chip_GPIO_SetPinDIROutput
                0x0000000000000620       0x38 /Users/wara_1234/Documents/LPCXpresso_8.2.2/workspace/lpc_board_nxp_lpcxpresso_1769/Debug/liblpc_board_nxp_lpcxpresso_1769.a(board.o)
 .text.Chip_GPIO_SetPinDIRInput
                0x0000000000000658       0x3c /Users/wara_1234/Documents/LPCXpresso_8.2.2/workspace/lpc_board_nxp_lpcxpresso_1769/Debug/liblpc_board_nxp_lpcxpresso_1769.a(board.o)
 .text.Chip_GPIO_SetPinDIR
                0x0000000000000694       0x44 /Users/wara_1234/Documents/LPCXpresso_8.2.2/workspace/lpc_board_nxp_lpcxpresso_1769/Debug/liblpc_board_nxp_lpcxpresso_1769.a(board.o)
 .text.Chip_GPIO_WriteDirBit
                0x00000000000006d8       0x30 /Users/wara_1234/Documents/LPCXpresso_8.2.2/workspace/lpc_board_nxp_lpcxpresso_1769/Debug/liblpc_board_nxp_lpcxpresso_1769.a(board.o)
 .text.Chip_UART_ConfigData
                0x0000000000000708       0x1c /Users/wara_1234/Documents/LPCXpresso_8.2.2/workspace/lpc_board_nxp_lpcxpresso_1769/Debug/liblpc_board_nxp_lpcxpresso_1769.a(board.o)
 .text.Board_LED_Init
                0x0000000000000724       0x18 /Users/wara_1234/Documents/LPCXpresso_8.2.2/workspace/lpc_board_nxp_lpcxpresso_1769/Debug/liblpc_board_nxp_lpcxpresso_1769.a(board.o)
 .text.Board_UART_Init
                0x000000000000073c       0x14 /Users/wara_1234/Documents/LPCXpresso_8.2.2/workspace/lpc_board_nxp_lpcxpresso_1769/Debug/liblpc_board_nxp_lpcxpresso_1769.a(board.o)
                0x000000000000073c                Board_UART_Init
 .text.Board_Debug_Init
                0x0000000000000750       0x30 /Users/wara_1234/Documents/LPCXpresso_8.2.2/workspace/lpc_board_nxp_lpcxpresso_1769/Debug/liblpc_board_nxp_lpcxpresso_1769.a(board.o)
                0x0000000000000750                Board_Debug_Init
 .text.Board_LED_Set
                0x0000000000000780       0x30 /Users/wara_1234/Documents/LPCXpresso_8.2.2/workspace/lpc_board_nxp_lpcxpresso_1769/Debug/liblpc_board_nxp_lpcxpresso_1769.a(board.o)
                0x0000000000000780                Board_LED_Set
 .text.Board_LED_Test
                0x00000000000007b0       0x30 /Users/wara_1234/Documents/LPCXpresso_8.2.2/workspace/lpc_board_nxp_lpcxpresso_1769/Debug/liblpc_board_nxp_lpcxpresso_1769.a(board.o)
                0x00000000000007b0                Board_LED_Test
 .text.Board_LED_Toggle
                0x00000000000007e0       0x44 /Users/wara_1234/Documents/LPCXpresso_8.2.2/workspace/lpc_board_nxp_lpcxpresso_1769/Debug/liblpc_board_nxp_lpcxpresso_1769.a(board.o)
                0x00000000000007e0                Board_LED_Toggle
 .text.Board_Init
                0x0000000000000824       0x24 /Users/wara_1234/Documents/LPCXpresso_8.2.2/workspace/lpc_board_nxp_lpcxpresso_1769/Debug/liblpc_board_nxp_lpcxpresso_1769.a(board.o)
                0x0000000000000824                Board_Init
 .text.Chip_SYSCTL_SetFLASHAccess
                0x0000000000000848       0x30 /Users/wara_1234/Documents/LPCXpresso_8.2.2/workspace/lpc_board_nxp_lpcxpresso_1769/Debug/liblpc_board_nxp_lpcxpresso_1769.a(board_sysinit.o)
 .text.Board_SetupMuxing
                0x0000000000000878       0x1c /Users/wara_1234/Documents/LPCXpresso_8.2.2/workspace/lpc_board_nxp_lpcxpresso_1769/Debug/liblpc_board_nxp_lpcxpresso_1769.a(board_sysinit.o)
                0x0000000000000878                Board_SetupMuxing
 .text.Board_SetupClocking
                0x0000000000000894       0x14 /Users/wara_1234/Documents/LPCXpresso_8.2.2/workspace/lpc_board_nxp_lpcxpresso_1769/Debug/liblpc_board_nxp_lpcxpresso_1769.a(board_sysinit.o)
                0x0000000000000894                Board_SetupClocking
 .text.Board_SystemInit
                0x00000000000008a8       0x10 /Users/wara_1234/Documents/LPCXpresso_8.2.2/workspace/lpc_board_nxp_lpcxpresso_1769/Debug/liblpc_board_nxp_lpcxpresso_1769.a(board_sysinit.o)
                0x00000000000008a8                Board_SystemInit
 .text.SystemCoreClockUpdate
                0x00000000000008b8       0x18 /Users/wara_1234/Documents/LPCXpresso_8.2.2/workspace/lpc_chip_175x_6x/Debug/liblpc_chip_175x_6x.a(chip_17xx_40xx.o)
                0x00000000000008b8                SystemCoreClockUpdate
 .text.Chip_Clock_IsMainPLLEnabled
                0x00000000000008d0       0x24 /Users/wara_1234/Documents/LPCXpresso_8.2.2/workspace/lpc_chip_175x_6x/Debug/liblpc_chip_175x_6x.a(clock_17xx_40xx.o)
 .text.Chip_Clock_IsMainPLLConnected
                0x00000000000008f4       0x24 /Users/wara_1234/Documents/LPCXpresso_8.2.2/workspace/lpc_chip_175x_6x/Debug/liblpc_chip_175x_6x.a(clock_17xx_40xx.o)
 .text.Chip_Clock_FeedPLL
                0x0000000000000918       0x34 /Users/wara_1234/Documents/LPCXpresso_8.2.2/workspace/lpc_chip_175x_6x/Debug/liblpc_chip_175x_6x.a(clock_17xx_40xx.o)
 .text.Chip_Clock_GetMainPLLSource
                0x000000000000094c       0x20 /Users/wara_1234/Documents/LPCXpresso_8.2.2/workspace/lpc_chip_175x_6x/Debug/liblpc_chip_175x_6x.a(clock_17xx_40xx.o)
 .text.Chip_Clock_GetMainOscRate
                0x000000000000096c       0x14 /Users/wara_1234/Documents/LPCXpresso_8.2.2/workspace/lpc_chip_175x_6x/Debug/liblpc_chip_175x_6x.a(clock_17xx_40xx.o)
 .text.Chip_Clock_GetIntOscRate
                0x0000000000000980       0x14 /Users/wara_1234/Documents/LPCXpresso_8.2.2/workspace/lpc_chip_175x_6x/Debug/liblpc_chip_175x_6x.a(clock_17xx_40xx.o)
 .text.Chip_Clock_GetRTCOscRate
                0x0000000000000994       0x14 /Users/wara_1234/Documents/LPCXpresso_8.2.2/workspace/lpc_chip_175x_6x/Debug/liblpc_chip_175x_6x.a(clock_17xx_40xx.o)
 .text.Chip_Clock_GetMainPLLInClockRate
                0x00000000000009a8       0x10 /Users/wara_1234/Documents/LPCXpresso_8.2.2/workspace/lpc_chip_175x_6x/Debug/liblpc_chip_175x_6x.a(clock_17xx_40xx.o)
 .text.Chip_Clock_EnablePLL
                0x00000000000009b8       0x44 /Users/wara_1234/Documents/LPCXpresso_8.2.2/workspace/lpc_chip_175x_6x/Debug/liblpc_chip_175x_6x.a(clock_17xx_40xx.o)
                0x00000000000009b8                Chip_Clock_EnablePLL
 .text.Chip_Clock_DisablePLL
                0x00000000000009fc       0x48 /Users/wara_1234/Documents/LPCXpresso_8.2.2/workspace/lpc_chip_175x_6x/Debug/liblpc_chip_175x_6x.a(clock_17xx_40xx.o)
                0x00000000000009fc                Chip_Clock_DisablePLL
 .text.Chip_Clock_SetupPLL
                0x0000000000000a44       0x5c /Users/wara_1234/Documents/LPCXpresso_8.2.2/workspace/lpc_chip_175x_6x/Debug/liblpc_chip_175x_6x.a(clock_17xx_40xx.o)
                0x0000000000000a44                Chip_Clock_SetupPLL
 .text.Chip_Clock_EnablePeriphClock
                0x0000000000000aa0       0x34 /Users/wara_1234/Documents/LPCXpresso_8.2.2/workspace/lpc_chip_175x_6x/Debug/liblpc_chip_175x_6x.a(clock_17xx_40xx.o)
                0x0000000000000aa0                Chip_Clock_EnablePeriphClock
 .text.Chip_Clock_GetCPUClockSource
                0x0000000000000ad4       0x24 /Users/wara_1234/Documents/LPCXpresso_8.2.2/workspace/lpc_chip_175x_6x/Debug/liblpc_chip_175x_6x.a(clock_17xx_40xx.o)
                0x0000000000000ad4                Chip_Clock_GetCPUClockSource
 .text.Chip_Clock_SetCPUClockDiv
                0x0000000000000af8       0x20 /Users/wara_1234/Documents/LPCXpresso_8.2.2/workspace/lpc_chip_175x_6x/Debug/liblpc_chip_175x_6x.a(clock_17xx_40xx.o)
                0x0000000000000af8                Chip_Clock_SetCPUClockDiv
 .text.Chip_Clock_GetCPUClockDiv
                0x0000000000000b18       0x1c /Users/wara_1234/Documents/LPCXpresso_8.2.2/workspace/lpc_chip_175x_6x/Debug/liblpc_chip_175x_6x.a(clock_17xx_40xx.o)
                0x0000000000000b18                Chip_Clock_GetCPUClockDiv
 .text.Chip_Clock_GetPCLKDiv
                0x0000000000000b34       0x8c /Users/wara_1234/Documents/LPCXpresso_8.2.2/workspace/lpc_chip_175x_6x/Debug/liblpc_chip_175x_6x.a(clock_17xx_40xx.o)
                0x0000000000000b34                Chip_Clock_GetPCLKDiv
 .text.Chip_Clock_GetSYSCLKRate
                0x0000000000000bc0       0x34 /Users/wara_1234/Documents/LPCXpresso_8.2.2/workspace/lpc_chip_175x_6x/Debug/liblpc_chip_175x_6x.a(clock_17xx_40xx.o)
                0x0000000000000bc0                Chip_Clock_GetSYSCLKRate
 .text.Chip_Clock_GetMainPLLOutClockRate
                0x0000000000000bf4       0x54 /Users/wara_1234/Documents/LPCXpresso_8.2.2/workspace/lpc_chip_175x_6x/Debug/liblpc_chip_175x_6x.a(clock_17xx_40xx.o)
                0x0000000000000bf4                Chip_Clock_GetMainPLLOutClockRate
 .text.Chip_Clock_GetMainClockRate
                0x0000000000000c48       0x28 /Users/wara_1234/Documents/LPCXpresso_8.2.2/workspace/lpc_chip_175x_6x/Debug/liblpc_chip_175x_6x.a(clock_17xx_40xx.o)
                0x0000000000000c48                Chip_Clock_GetMainClockRate
 .text.Chip_Clock_GetSystemClockRate
                0x0000000000000c70       0x18 /Users/wara_1234/Documents/LPCXpresso_8.2.2/workspace/lpc_chip_175x_6x/Debug/liblpc_chip_175x_6x.a(clock_17xx_40xx.o)
                0x0000000000000c70                Chip_Clock_GetSystemClockRate
 .text.Chip_Clock_GetPeripheralClockRate
                0x0000000000000c88       0x28 /Users/wara_1234/Documents/LPCXpresso_8.2.2/workspace/lpc_chip_175x_6x/Debug/liblpc_chip_175x_6x.a(clock_17xx_40xx.o)
                0x0000000000000c88                Chip_Clock_GetPeripheralClockRate
 .text.Chip_IOCON_PinMuxSet
                0x0000000000000cb0       0x38 /Users/wara_1234/Documents/LPCXpresso_8.2.2/workspace/lpc_chip_175x_6x/Debug/liblpc_chip_175x_6x.a(iocon_17xx_40xx.o)
                0x0000000000000cb0                Chip_IOCON_PinMuxSet
 .text.Chip_IOCON_PinMux
                0x0000000000000ce8       0x94 /Users/wara_1234/Documents/LPCXpresso_8.2.2/workspace/lpc_chip_175x_6x/Debug/liblpc_chip_175x_6x.a(iocon_17xx_40xx.o)
                0x0000000000000ce8                Chip_IOCON_PinMux
 .text.Chip_IOCON_SetPinMuxing
                0x0000000000000d7c       0x64 /Users/wara_1234/Documents/LPCXpresso_8.2.2/workspace/lpc_chip_175x_6x/Debug/liblpc_chip_175x_6x.a(iocon_17xx_40xx.o)
                0x0000000000000d7c                Chip_IOCON_SetPinMuxing
 .text.Chip_Clock_IsMainPLLEnabled
                0x0000000000000de0       0x24 /Users/wara_1234/Documents/LPCXpresso_8.2.2/workspace/lpc_chip_175x_6x/Debug/liblpc_chip_175x_6x.a(sysinit_17xx_40xx.o)
 .text.Chip_Clock_IsMainPLLLocked
                0x0000000000000e04       0x24 /Users/wara_1234/Documents/LPCXpresso_8.2.2/workspace/lpc_chip_175x_6x/Debug/liblpc_chip_175x_6x.a(sysinit_17xx_40xx.o)
 .text.Chip_Clock_IsMainPLLConnected
                0x0000000000000e28       0x24 /Users/wara_1234/Documents/LPCXpresso_8.2.2/workspace/lpc_chip_175x_6x/Debug/liblpc_chip_175x_6x.a(sysinit_17xx_40xx.o)
 .text.Chip_Clock_EnableCrystal
                0x0000000000000e4c       0x20 /Users/wara_1234/Documents/LPCXpresso_8.2.2/workspace/lpc_chip_175x_6x/Debug/liblpc_chip_175x_6x.a(sysinit_17xx_40xx.o)
 .text.Chip_Clock_IsCrystalEnabled
                0x0000000000000e6c       0x24 /Users/wara_1234/Documents/LPCXpresso_8.2.2/workspace/lpc_chip_175x_6x/Debug/liblpc_chip_175x_6x.a(sysinit_17xx_40xx.o)
 .text.Chip_Clock_SetMainPLLSource
                0x0000000000000e90       0x20 /Users/wara_1234/Documents/LPCXpresso_8.2.2/workspace/lpc_chip_175x_6x/Debug/liblpc_chip_175x_6x.a(sysinit_17xx_40xx.o)
 .text.Chip_SetupXtalClocking
                0x0000000000000eb0       0x90 /Users/wara_1234/Documents/LPCXpresso_8.2.2/workspace/lpc_chip_175x_6x/Debug/liblpc_chip_175x_6x.a(sysinit_17xx_40xx.o)
                0x0000000000000eb0                Chip_SetupXtalClocking
 .text.Chip_Timer_GetClockIndex
                0x0000000000000f40       0x50 /Users/wara_1234/Documents/LPCXpresso_8.2.2/workspace/lpc_chip_175x_6x/Debug/liblpc_chip_175x_6x.a(timer_17xx_40xx.o)
 .text.Chip_TIMER_Init
                0x0000000000000f90       0x20 /Users/wara_1234/Documents/LPCXpresso_8.2.2/workspace/lpc_chip_175x_6x/Debug/liblpc_chip_175x_6x.a(timer_17xx_40xx.o)
                0x0000000000000f90                Chip_TIMER_Init
 .text.Chip_TIMER_Reset
                0x0000000000000fb0       0x3c /Users/wara_1234/Documents/LPCXpresso_8.2.2/workspace/lpc_chip_175x_6x/Debug/liblpc_chip_175x_6x.a(timer_17xx_40xx.o)
                0x0000000000000fb0                Chip_TIMER_Reset
 .text.Chip_TIMER_ExtMatchControlSet
                0x0000000000000fec       0x70 /Users/wara_1234/Documents/LPCXpresso_8.2.2/workspace/lpc_chip_175x_6x/Debug/liblpc_chip_175x_6x.a(timer_17xx_40xx.o)
                0x0000000000000fec                Chip_TIMER_ExtMatchControlSet
 .text.Chip_UART_SetupFIFOS
                0x000000000000105c       0x1c /Users/wara_1234/Documents/LPCXpresso_8.2.2/workspace/lpc_chip_175x_6x/Debug/liblpc_chip_175x_6x.a(uart_17xx_40xx.o)
 .text.Chip_UART_ConfigData
                0x0000000000001078       0x1c /Users/wara_1234/Documents/LPCXpresso_8.2.2/workspace/lpc_chip_175x_6x/Debug/liblpc_chip_175x_6x.a(uart_17xx_40xx.o)
 .text.Chip_UART_EnableDivisorAccess
                0x0000000000001094       0x20 /Users/wara_1234/Documents/LPCXpresso_8.2.2/workspace/lpc_chip_175x_6x/Debug/liblpc_chip_175x_6x.a(uart_17xx_40xx.o)
 .text.Chip_UART_DisableDivisorAccess
                0x00000000000010b4       0x20 /Users/wara_1234/Documents/LPCXpresso_8.2.2/workspace/lpc_chip_175x_6x/Debug/liblpc_chip_175x_6x.a(uart_17xx_40xx.o)
 .text.Chip_UART_SetDivisorLatches
                0x00000000000010d4       0x28 /Users/wara_1234/Documents/LPCXpresso_8.2.2/workspace/lpc_chip_175x_6x/Debug/liblpc_chip_175x_6x.a(uart_17xx_40xx.o)
 .text.Chip_UART_GetClockIndex
                0x00000000000010fc       0x50 /Users/wara_1234/Documents/LPCXpresso_8.2.2/workspace/lpc_chip_175x_6x/Debug/liblpc_chip_175x_6x.a(uart_17xx_40xx.o)
 .text.Chip_UART_GetClkIndex
                0x000000000000114c       0x50 /Users/wara_1234/Documents/LPCXpresso_8.2.2/workspace/lpc_chip_175x_6x/Debug/liblpc_chip_175x_6x.a(uart_17xx_40xx.o)
 .text.Chip_UART_Init
                0x000000000000119c       0x78 /Users/wara_1234/Documents/LPCXpresso_8.2.2/workspace/lpc_chip_175x_6x/Debug/liblpc_chip_175x_6x.a(uart_17xx_40xx.o)
                0x000000000000119c                Chip_UART_Init
 .text.Chip_UART_TXEnable
                0x0000000000001214       0x18 /Users/wara_1234/Documents/LPCXpresso_8.2.2/workspace/lpc_chip_175x_6x/Debug/liblpc_chip_175x_6x.a(uart_17xx_40xx.o)
                0x0000000000001214                Chip_UART_TXEnable
 .text.Chip_UART_TXDisable
                0x000000000000122c       0x18 /Users/wara_1234/Documents/LPCXpresso_8.2.2/workspace/lpc_chip_175x_6x/Debug/liblpc_chip_175x_6x.a(uart_17xx_40xx.o)
                0x000000000000122c                Chip_UART_TXDisable
 .text.Chip_UART_SetBaud
                0x0000000000001244       0x64 /Users/wara_1234/Documents/LPCXpresso_8.2.2/workspace/lpc_chip_175x_6x/Debug/liblpc_chip_175x_6x.a(uart_17xx_40xx.o)
                0x0000000000001244                Chip_UART_SetBaud
 .text.__weak_main
                0x00000000000012a8        0x4 /Applications/lpcxpresso_8.2.2_650/lpcxpresso/tools/bin/../lib/gcc/arm-none-eabi/5.4.1/../../../../arm-none-eabi/lib/armv7-m/libcr_c.a(__weak__main.o)
                0x00000000000012a8                __main
                0x00000000000012a8                __weak_main
 *(.rodata .rodata.* .constdata .constdata.*)
 .rodata.OscRateIn
                0x00000000000012ac        0x4 /Users/wara_1234/Documents/LPCXpresso_8.2.2/workspace/lpc_board_nxp_lpcxpresso_1769/Debug/liblpc_board_nxp_lpcxpresso_1769.a(board.o)
                0x00000000000012ac                OscRateIn
 .rodata.RTCOscRateIn
                0x00000000000012b0        0x4 /Users/wara_1234/Documents/LPCXpresso_8.2.2/workspace/lpc_board_nxp_lpcxpresso_1769/Debug/liblpc_board_nxp_lpcxpresso_1769.a(board.o)
                0x00000000000012b0                RTCOscRateIn
 .rodata.pinmuxing
                0x00000000000012b4       0x5c /Users/wara_1234/Documents/LPCXpresso_8.2.2/workspace/lpc_board_nxp_lpcxpresso_1769/Debug/liblpc_board_nxp_lpcxpresso_1769.a(board_sysinit.o)
                0x0000000000001310                . = ALIGN (0x4)

.glue_7         0x0000000000001310        0x0
 .glue_7        0x0000000000001310        0x0 linker stubs

.glue_7t        0x0000000000001310        0x0
 .glue_7t       0x0000000000001310        0x0 linker stubs

.vfp11_veneer   0x0000000000001310        0x0
 .vfp11_veneer  0x0000000000001310        0x0 linker stubs

.v4_bx          0x0000000000001310        0x0
 .v4_bx         0x0000000000001310        0x0 linker stubs

.iplt           0x0000000000001310        0x0
 .iplt          0x0000000000001310        0x0 ./src/cr_startup_lpc175x_6x.o

.rel.dyn        0x0000000000001310        0x0
 .rel.iplt      0x0000000000001310        0x0 ./src/cr_startup_lpc175x_6x.o

.ARM.extab
 *(.ARM.extab* .gnu.linkonce.armextab.*)
                0x0000000000001310                __exidx_start = .

.ARM.exidx
 *(.ARM.exidx* .gnu.linkonce.armexidx.*)
                0x0000000000001310                __exidx_end = .
                0x0000000000001310                _etext = .

.data_RAM2      0x000000002007c000        0x0 load address 0x0000000000001310
 FILL mask 0xff
                [!provide]                        PROVIDE (__start_data_RAM2, .)
 *(.ramfunc.$RAM2)
 *(.ramfunc.$RamAHB32)
 *(.data.$RAM2*)
 *(.data.$RamAHB32*)
                0x000000002007c000                . = ALIGN (0x4)
                [!provide]                        PROVIDE (__end_data_RAM2, .)

.uninit_RESERVED
                0x0000000010000000        0x0
 *(.bss.$RESERVED*)
                0x0000000010000000                . = ALIGN (0x4)
                0x0000000010000000                _end_uninit_RESERVED = .

.data           0x0000000010000000        0x0 load address 0x0000000000001310
 FILL mask 0xff
                0x0000000010000000                _data = .
 *(vtable)
 *(.ramfunc*)
 *(.data*)
                0x0000000010000000                . = ALIGN (0x4)
                0x0000000010000000                _edata = .

.igot.plt       0x0000000010000000        0x0 load address 0x0000000000001310
 .igot.plt      0x0000000010000000        0x0 ./src/cr_startup_lpc175x_6x.o

.bss_RAM2       0x000000002007c000        0x0
                [!provide]                        PROVIDE (__start_bss_RAM2, .)
 *(.bss.$RAM2*)
 *(.bss.$RamAHB32*)
                0x000000002007c000                . = ALIGN ((. != 0x0)?0x4:0x1)
                [!provide]                        PROVIDE (__end_bss_RAM2, .)

.bss            0x0000000010000000        0x4
                0x0000000010000000                _bss = .
 *(.bss*)
 *(COMMON)
 COMMON         0x0000000010000000        0x4 /Users/wara_1234/Documents/LPCXpresso_8.2.2/workspace/lpc_chip_175x_6x/Debug/liblpc_chip_175x_6x.a(chip_17xx_40xx.o)
                0x0000000010000000                SystemCoreClock
                0x0000000010000004                . = ALIGN (0x4)
                0x0000000010000004                _ebss = .
                [!provide]                        PROVIDE (end, .)

.noinit_RAM2    0x000000002007c000        0x0
 *(.noinit.$RAM2*)
 *(.noinit.$RamAHB32*)
                0x000000002007c000                . = ALIGN (0x4)

.noinit         0x0000000010000004        0x0
                0x0000000010000004                _noinit = .
 *(.noinit*)
                0x0000000010000004                . = ALIGN (0x4)
                0x0000000010000004                _end_noinit = .
                [!provide]                        PROVIDE (_pvHeapStart, DEFINED (__user_heap_base)?__user_heap_base:.)
                0x0000000010008000                PROVIDE (_vStackTop, DEFINED (__user_stack_top)?__user_stack_top:(__top_RamLoc32 - 0x0))
                0xffffffffefff74b2                PROVIDE (__valid_user_code_checksum, (0x0 - ((((((_vStackTop + (ResetISR + 0x1)) + (NMI_Handler + 0x1)) + (HardFault_Handler + 0x1)) + (DEFINED (MemManage_Handler)?MemManage_Handler:0x0 + 0x1)) + (DEFINED (BusFault_Handler)?BusFault_Handler:0x0 + 0x1)) + (DEFINED (UsageFault_Handler)?UsageFault_Handler:0x0 + 0x1))))
OUTPUT(lab5.axf elf32-littlearm)

.debug_info     0x0000000000000000     0x4c7e
 .debug_info    0x0000000000000000      0x253 ./src/cr_startup_lpc175x_6x.o
 .debug_info    0x0000000000000253       0x3f ./src/crp.o
 .debug_info    0x0000000000000292      0x503 ./src/lab5.o
 .debug_info    0x0000000000000795      0x110 ./src/sysinit.o
 .debug_info    0x00000000000008a5     0x13d3 /Users/wara_1234/Documents/LPCXpresso_8.2.2/workspace/lpc_board_nxp_lpcxpresso_1769/Debug/liblpc_board_nxp_lpcxpresso_1769.a(board.o)
 .debug_info    0x0000000000001c78      0x591 /Users/wara_1234/Documents/LPCXpresso_8.2.2/workspace/lpc_board_nxp_lpcxpresso_1769/Debug/liblpc_board_nxp_lpcxpresso_1769.a(board_sysinit.o)
 .debug_info    0x0000000000002209      0x51e /Users/wara_1234/Documents/LPCXpresso_8.2.2/workspace/lpc_chip_175x_6x/Debug/liblpc_chip_175x_6x.a(chip_17xx_40xx.o)
 .debug_info    0x0000000000002727      0xb62 /Users/wara_1234/Documents/LPCXpresso_8.2.2/workspace/lpc_chip_175x_6x/Debug/liblpc_chip_175x_6x.a(clock_17xx_40xx.o)
 .debug_info    0x0000000000003289      0x2e9 /Users/wara_1234/Documents/LPCXpresso_8.2.2/workspace/lpc_chip_175x_6x/Debug/liblpc_chip_175x_6x.a(iocon_17xx_40xx.o)
 .debug_info    0x0000000000003572      0x439 /Users/wara_1234/Documents/LPCXpresso_8.2.2/workspace/lpc_chip_175x_6x/Debug/liblpc_chip_175x_6x.a(sysinit_17xx_40xx.o)
 .debug_info    0x00000000000039ab      0x3f9 /Users/wara_1234/Documents/LPCXpresso_8.2.2/workspace/lpc_chip_175x_6x/Debug/liblpc_chip_175x_6x.a(timer_17xx_40xx.o)
 .debug_info    0x0000000000003da4      0xeda /Users/wara_1234/Documents/LPCXpresso_8.2.2/workspace/lpc_chip_175x_6x/Debug/liblpc_chip_175x_6x.a(uart_17xx_40xx.o)

.debug_abbrev   0x0000000000000000     0x134f
 .debug_abbrev  0x0000000000000000       0xf5 ./src/cr_startup_lpc175x_6x.o
 .debug_abbrev  0x00000000000000f5       0x36 ./src/crp.o
 .debug_abbrev  0x000000000000012b      0x19e ./src/lab5.o
 .debug_abbrev  0x00000000000002c9       0xa3 ./src/sysinit.o
 .debug_abbrev  0x000000000000036c      0x379 /Users/wara_1234/Documents/LPCXpresso_8.2.2/workspace/lpc_board_nxp_lpcxpresso_1769/Debug/liblpc_board_nxp_lpcxpresso_1769.a(board.o)
 .debug_abbrev  0x00000000000006e5      0x15c /Users/wara_1234/Documents/LPCXpresso_8.2.2/workspace/lpc_board_nxp_lpcxpresso_1769/Debug/liblpc_board_nxp_lpcxpresso_1769.a(board_sysinit.o)
 .debug_abbrev  0x0000000000000841      0x13c /Users/wara_1234/Documents/LPCXpresso_8.2.2/workspace/lpc_chip_175x_6x/Debug/liblpc_chip_175x_6x.a(chip_17xx_40xx.o)
 .debug_abbrev  0x000000000000097d      0x2ec /Users/wara_1234/Documents/LPCXpresso_8.2.2/workspace/lpc_chip_175x_6x/Debug/liblpc_chip_175x_6x.a(clock_17xx_40xx.o)
 .debug_abbrev  0x0000000000000c69      0x126 /Users/wara_1234/Documents/LPCXpresso_8.2.2/workspace/lpc_chip_175x_6x/Debug/liblpc_chip_175x_6x.a(iocon_17xx_40xx.o)
 .debug_abbrev  0x0000000000000d8f      0x175 /Users/wara_1234/Documents/LPCXpresso_8.2.2/workspace/lpc_chip_175x_6x/Debug/liblpc_chip_175x_6x.a(sysinit_17xx_40xx.o)
 .debug_abbrev  0x0000000000000f04      0x163 /Users/wara_1234/Documents/LPCXpresso_8.2.2/workspace/lpc_chip_175x_6x/Debug/liblpc_chip_175x_6x.a(timer_17xx_40xx.o)
 .debug_abbrev  0x0000000000001067      0x2e8 /Users/wara_1234/Documents/LPCXpresso_8.2.2/workspace/lpc_chip_175x_6x/Debug/liblpc_chip_175x_6x.a(uart_17xx_40xx.o)

.debug_aranges  0x0000000000000000      0x600
 .debug_aranges
                0x0000000000000000       0x80 ./src/cr_startup_lpc175x_6x.o
 .debug_aranges
                0x0000000000000080       0x18 ./src/crp.o
 .debug_aranges
                0x0000000000000098       0x60 ./src/lab5.o
 .debug_aranges
                0x00000000000000f8       0x20 ./src/sysinit.o
 .debug_aranges
                0x0000000000000118      0x160 /Users/wara_1234/Documents/LPCXpresso_8.2.2/workspace/lpc_board_nxp_lpcxpresso_1769/Debug/liblpc_board_nxp_lpcxpresso_1769.a(board.o)
 .debug_aranges
                0x0000000000000278       0x38 /Users/wara_1234/Documents/LPCXpresso_8.2.2/workspace/lpc_board_nxp_lpcxpresso_1769/Debug/liblpc_board_nxp_lpcxpresso_1769.a(board_sysinit.o)
 .debug_aranges
                0x00000000000002b0       0x38 /Users/wara_1234/Documents/LPCXpresso_8.2.2/workspace/lpc_chip_175x_6x/Debug/liblpc_chip_175x_6x.a(chip_17xx_40xx.o)
 .debug_aranges
                0x00000000000002e8      0x120 /Users/wara_1234/Documents/LPCXpresso_8.2.2/workspace/lpc_chip_175x_6x/Debug/liblpc_chip_175x_6x.a(clock_17xx_40xx.o)
 .debug_aranges
                0x0000000000000408       0x30 /Users/wara_1234/Documents/LPCXpresso_8.2.2/workspace/lpc_chip_175x_6x/Debug/liblpc_chip_175x_6x.a(iocon_17xx_40xx.o)
 .debug_aranges
                0x0000000000000438       0x60 /Users/wara_1234/Documents/LPCXpresso_8.2.2/workspace/lpc_chip_175x_6x/Debug/liblpc_chip_175x_6x.a(sysinit_17xx_40xx.o)
 .debug_aranges
                0x0000000000000498       0x40 /Users/wara_1234/Documents/LPCXpresso_8.2.2/workspace/lpc_chip_175x_6x/Debug/liblpc_chip_175x_6x.a(timer_17xx_40xx.o)
 .debug_aranges
                0x00000000000004d8      0x128 /Users/wara_1234/Documents/LPCXpresso_8.2.2/workspace/lpc_chip_175x_6x/Debug/liblpc_chip_175x_6x.a(uart_17xx_40xx.o)

.debug_ranges   0x0000000000000000      0x538
 .debug_ranges  0x0000000000000000       0x70 ./src/cr_startup_lpc175x_6x.o
 .debug_ranges  0x0000000000000070       0x50 ./src/lab5.o
 .debug_ranges  0x00000000000000c0       0x10 ./src/sysinit.o
 .debug_ranges  0x00000000000000d0      0x150 /Users/wara_1234/Documents/LPCXpresso_8.2.2/workspace/lpc_board_nxp_lpcxpresso_1769/Debug/liblpc_board_nxp_lpcxpresso_1769.a(board.o)
 .debug_ranges  0x0000000000000220       0x28 /Users/wara_1234/Documents/LPCXpresso_8.2.2/workspace/lpc_board_nxp_lpcxpresso_1769/Debug/liblpc_board_nxp_lpcxpresso_1769.a(board_sysinit.o)
 .debug_ranges  0x0000000000000248       0x28 /Users/wara_1234/Documents/LPCXpresso_8.2.2/workspace/lpc_chip_175x_6x/Debug/liblpc_chip_175x_6x.a(chip_17xx_40xx.o)
 .debug_ranges  0x0000000000000270      0x110 /Users/wara_1234/Documents/LPCXpresso_8.2.2/workspace/lpc_chip_175x_6x/Debug/liblpc_chip_175x_6x.a(clock_17xx_40xx.o)
 .debug_ranges  0x0000000000000380       0x20 /Users/wara_1234/Documents/LPCXpresso_8.2.2/workspace/lpc_chip_175x_6x/Debug/liblpc_chip_175x_6x.a(iocon_17xx_40xx.o)
 .debug_ranges  0x00000000000003a0       0x50 /Users/wara_1234/Documents/LPCXpresso_8.2.2/workspace/lpc_chip_175x_6x/Debug/liblpc_chip_175x_6x.a(sysinit_17xx_40xx.o)
 .debug_ranges  0x00000000000003f0       0x30 /Users/wara_1234/Documents/LPCXpresso_8.2.2/workspace/lpc_chip_175x_6x/Debug/liblpc_chip_175x_6x.a(timer_17xx_40xx.o)
 .debug_ranges  0x0000000000000420      0x118 /Users/wara_1234/Documents/LPCXpresso_8.2.2/workspace/lpc_chip_175x_6x/Debug/liblpc_chip_175x_6x.a(uart_17xx_40xx.o)

.debug_macro    0x0000000000000000     0x559e
 .debug_macro   0x0000000000000000       0x1d ./src/cr_startup_lpc175x_6x.o
 .debug_macro   0x000000000000001d      0x88c ./src/cr_startup_lpc175x_6x.o
 .debug_macro   0x00000000000008a9       0x1a ./src/crp.o
 .debug_macro   0x00000000000008c3       0x34 ./src/crp.o
 .debug_macro   0x00000000000008f7      0x220 ./src/lab5.o
 .debug_macro   0x0000000000000b17       0x10 ./src/lab5.o
 .debug_macro   0x0000000000000b27      0x12d ./src/lab5.o
 .debug_macro   0x0000000000000c54      0x5b2 ./src/lab5.o
 .debug_macro   0x0000000000001206       0x22 ./src/lab5.o
 .debug_macro   0x0000000000001228       0x7b ./src/lab5.o
 .debug_macro   0x00000000000012a3       0x10 ./src/lab5.o
 .debug_macro   0x00000000000012b3       0x2d ./src/lab5.o
 .debug_macro   0x00000000000012e0       0x3a ./src/lab5.o
 .debug_macro   0x000000000000131a       0x2d ./src/lab5.o
 .debug_macro   0x0000000000001347      0xbb1 ./src/lab5.o
 .debug_macro   0x0000000000001ef8      0x22c ./src/lab5.o
 .debug_macro   0x0000000000002124       0x42 ./src/lab5.o
 .debug_macro   0x0000000000002166       0x52 ./src/lab5.o
 .debug_macro   0x00000000000021b8       0x78 ./src/lab5.o
 .debug_macro   0x0000000000002230       0x82 ./src/lab5.o
 .debug_macro   0x00000000000022b2      0x48c ./src/lab5.o
 .debug_macro   0x000000000000273e       0x34 ./src/lab5.o
 .debug_macro   0x0000000000002772      0x4c5 ./src/lab5.o
 .debug_macro   0x0000000000002c37      0x1b7 ./src/lab5.o
 .debug_macro   0x0000000000002dee       0x10 ./src/lab5.o
 .debug_macro   0x0000000000002dfe      0x21b ./src/lab5.o
 .debug_macro   0x0000000000003019      0x1b9 ./src/lab5.o
 .debug_macro   0x00000000000031d2       0x40 ./src/lab5.o
 .debug_macro   0x0000000000003212       0x22 ./src/lab5.o
 .debug_macro   0x0000000000003234      0x162 ./src/lab5.o
 .debug_macro   0x0000000000003396       0x94 ./src/lab5.o
 .debug_macro   0x000000000000342a       0xb8 ./src/lab5.o
 .debug_macro   0x00000000000034e2       0x4c ./src/lab5.o
 .debug_macro   0x000000000000352e       0x16 ./src/lab5.o
 .debug_macro   0x0000000000003544      0x328 ./src/lab5.o
 .debug_macro   0x000000000000386c       0x49 ./src/lab5.o
 .debug_macro   0x00000000000038b5       0x16 ./src/lab5.o
 .debug_macro   0x00000000000038cb       0xca ./src/lab5.o
 .debug_macro   0x0000000000003995       0x18 ./src/lab5.o
 .debug_macro   0x00000000000039ad       0x70 ./src/lab5.o
 .debug_macro   0x0000000000003a1d       0x9a ./src/lab5.o
 .debug_macro   0x0000000000003ab7       0x20 ./src/lab5.o
 .debug_macro   0x0000000000003ad7       0x28 ./src/lab5.o
 .debug_macro   0x0000000000003aff       0x82 ./src/lab5.o
 .debug_macro   0x0000000000003b81      0x217 ./src/sysinit.o
 .debug_macro   0x0000000000003d98      0x289 /Users/wara_1234/Documents/LPCXpresso_8.2.2/workspace/lpc_board_nxp_lpcxpresso_1769/Debug/liblpc_board_nxp_lpcxpresso_1769.a(board.o)
 .debug_macro   0x0000000000004021      0x886 /Users/wara_1234/Documents/LPCXpresso_8.2.2/workspace/lpc_board_nxp_lpcxpresso_1769/Debug/liblpc_board_nxp_lpcxpresso_1769.a(board.o)
 .debug_macro   0x00000000000048a7       0x12 /Users/wara_1234/Documents/LPCXpresso_8.2.2/workspace/lpc_board_nxp_lpcxpresso_1769/Debug/liblpc_board_nxp_lpcxpresso_1769.a(board.o)
 .debug_macro   0x00000000000048b9      0x217 /Users/wara_1234/Documents/LPCXpresso_8.2.2/workspace/lpc_board_nxp_lpcxpresso_1769/Debug/liblpc_board_nxp_lpcxpresso_1769.a(board_sysinit.o)
 .debug_macro   0x0000000000004ad0      0x1cd /Users/wara_1234/Documents/LPCXpresso_8.2.2/workspace/lpc_chip_175x_6x/Debug/liblpc_chip_175x_6x.a(chip_17xx_40xx.o)
 .debug_macro   0x0000000000004c9d      0x1cd /Users/wara_1234/Documents/LPCXpresso_8.2.2/workspace/lpc_chip_175x_6x/Debug/liblpc_chip_175x_6x.a(clock_17xx_40xx.o)
 .debug_macro   0x0000000000004e6a      0x1cd /Users/wara_1234/Documents/LPCXpresso_8.2.2/workspace/lpc_chip_175x_6x/Debug/liblpc_chip_175x_6x.a(iocon_17xx_40xx.o)
 .debug_macro   0x0000000000005037      0x1cd /Users/wara_1234/Documents/LPCXpresso_8.2.2/workspace/lpc_chip_175x_6x/Debug/liblpc_chip_175x_6x.a(sysinit_17xx_40xx.o)
 .debug_macro   0x0000000000005204      0x1cd /Users/wara_1234/Documents/LPCXpresso_8.2.2/workspace/lpc_chip_175x_6x/Debug/liblpc_chip_175x_6x.a(timer_17xx_40xx.o)
 .debug_macro   0x00000000000053d1      0x1cd /Users/wara_1234/Documents/LPCXpresso_8.2.2/workspace/lpc_chip_175x_6x/Debug/liblpc_chip_175x_6x.a(uart_17xx_40xx.o)

.debug_line     0x0000000000000000     0x3943
 .debug_line    0x0000000000000000       0xd5 ./src/cr_startup_lpc175x_6x.o
 .debug_line    0x00000000000000d5       0x7f ./src/crp.o
 .debug_line    0x0000000000000154      0x5a2 ./src/lab5.o
 .debug_line    0x00000000000006f6      0x49f ./src/sysinit.o
 .debug_line    0x0000000000000b95      0x85a /Users/wara_1234/Documents/LPCXpresso_8.2.2/workspace/lpc_board_nxp_lpcxpresso_1769/Debug/liblpc_board_nxp_lpcxpresso_1769.a(board.o)
 .debug_line    0x00000000000013ef      0x4df /Users/wara_1234/Documents/LPCXpresso_8.2.2/workspace/lpc_board_nxp_lpcxpresso_1769/Debug/liblpc_board_nxp_lpcxpresso_1769.a(board_sysinit.o)
 .debug_line    0x00000000000018ce      0x465 /Users/wara_1234/Documents/LPCXpresso_8.2.2/workspace/lpc_chip_175x_6x/Debug/liblpc_chip_175x_6x.a(chip_17xx_40xx.o)
 .debug_line    0x0000000000001d33      0x6e1 /Users/wara_1234/Documents/LPCXpresso_8.2.2/workspace/lpc_chip_175x_6x/Debug/liblpc_chip_175x_6x.a(clock_17xx_40xx.o)
 .debug_line    0x0000000000002414      0x451 /Users/wara_1234/Documents/LPCXpresso_8.2.2/workspace/lpc_chip_175x_6x/Debug/liblpc_chip_175x_6x.a(iocon_17xx_40xx.o)
 .debug_line    0x0000000000002865      0x4db /Users/wara_1234/Documents/LPCXpresso_8.2.2/workspace/lpc_chip_175x_6x/Debug/liblpc_chip_175x_6x.a(sysinit_17xx_40xx.o)
 .debug_line    0x0000000000002d40      0x476 /Users/wara_1234/Documents/LPCXpresso_8.2.2/workspace/lpc_chip_175x_6x/Debug/liblpc_chip_175x_6x.a(timer_17xx_40xx.o)
 .debug_line    0x00000000000031b6      0x78d /Users/wara_1234/Documents/LPCXpresso_8.2.2/workspace/lpc_chip_175x_6x/Debug/liblpc_chip_175x_6x.a(uart_17xx_40xx.o)

.debug_str      0x0000000000000000    0x13249
 .debug_str     0x0000000000000000     0x2694 ./src/cr_startup_lpc175x_6x.o
                                       0x26a7 (size before relaxing)
 .debug_str     0x0000000000002694       0xe9 ./src/crp.o
                                       0x25bf (size before relaxing)
 .debug_str     0x000000000000277d     0xed16 ./src/lab5.o
                                      0x112cd (size before relaxing)
 .debug_str     0x0000000000011493       0x1b ./src/sysinit.o
                                      0x10a5a (size before relaxing)
 .debug_str     0x00000000000114ae      0xc8a /Users/wara_1234/Documents/LPCXpresso_8.2.2/workspace/lpc_board_nxp_lpcxpresso_1769/Debug/liblpc_board_nxp_lpcxpresso_1769.a(board.o)
                                      0x11927 (size before relaxing)
 .debug_str     0x0000000000012138      0x22d /Users/wara_1234/Documents/LPCXpresso_8.2.2/workspace/lpc_board_nxp_lpcxpresso_1769/Debug/liblpc_board_nxp_lpcxpresso_1769.a(board_sysinit.o)
                                      0x10e61 (size before relaxing)
 .debug_str     0x0000000000012365       0xd0 /Users/wara_1234/Documents/LPCXpresso_8.2.2/workspace/lpc_chip_175x_6x/Debug/liblpc_chip_175x_6x.a(chip_17xx_40xx.o)
                                      0x10b58 (size before relaxing)
 .debug_str     0x0000000000012435      0x857 /Users/wara_1234/Documents/LPCXpresso_8.2.2/workspace/lpc_chip_175x_6x/Debug/liblpc_chip_175x_6x.a(clock_17xx_40xx.o)
                                      0x111c6 (size before relaxing)
 .debug_str     0x0000000000012c8c       0x79 /Users/wara_1234/Documents/LPCXpresso_8.2.2/workspace/lpc_chip_175x_6x/Debug/liblpc_chip_175x_6x.a(iocon_17xx_40xx.o)
                                      0x10643 (size before relaxing)
 .debug_str     0x0000000000012d05       0xc4 /Users/wara_1234/Documents/LPCXpresso_8.2.2/workspace/lpc_chip_175x_6x/Debug/liblpc_chip_175x_6x.a(sysinit_17xx_40xx.o)
                                      0x1082b (size before relaxing)
 .debug_str     0x0000000000012dc9       0xc0 /Users/wara_1234/Documents/LPCXpresso_8.2.2/workspace/lpc_chip_175x_6x/Debug/liblpc_chip_175x_6x.a(timer_17xx_40xx.o)
                                      0x10974 (size before relaxing)
 .debug_str     0x0000000000012e89      0x3c0 /Users/wara_1234/Documents/LPCXpresso_8.2.2/workspace/lpc_chip_175x_6x/Debug/liblpc_chip_175x_6x.a(uart_17xx_40xx.o)
                                      0x1109b (size before relaxing)

.comment        0x0000000000000000       0xdc
 .comment       0x0000000000000000       0x6e ./src/cr_startup_lpc175x_6x.o
                                         0x6f (size before relaxing)
 .comment       0x000000000000006e       0x6f ./src/crp.o
 .comment       0x000000000000006e       0x6f ./src/lab5.o
 .comment       0x000000000000006e       0x6f ./src/sysinit.o
 .comment       0x000000000000006e       0x6f /Users/wara_1234/Documents/LPCXpresso_8.2.2/workspace/lpc_board_nxp_lpcxpresso_1769/Debug/liblpc_board_nxp_lpcxpresso_1769.a(board.o)
 .comment       0x000000000000006e       0x6f /Users/wara_1234/Documents/LPCXpresso_8.2.2/workspace/lpc_board_nxp_lpcxpresso_1769/Debug/liblpc_board_nxp_lpcxpresso_1769.a(board_sysinit.o)
 .comment       0x000000000000006e       0x6f /Users/wara_1234/Documents/LPCXpresso_8.2.2/workspace/lpc_chip_175x_6x/Debug/liblpc_chip_175x_6x.a(chip_17xx_40xx.o)
 .comment       0x000000000000006e       0x6f /Users/wara_1234/Documents/LPCXpresso_8.2.2/workspace/lpc_chip_175x_6x/Debug/liblpc_chip_175x_6x.a(clock_17xx_40xx.o)
 .comment       0x000000000000006e       0x6f /Users/wara_1234/Documents/LPCXpresso_8.2.2/workspace/lpc_chip_175x_6x/Debug/liblpc_chip_175x_6x.a(iocon_17xx_40xx.o)
 .comment       0x000000000000006e       0x6f /Users/wara_1234/Documents/LPCXpresso_8.2.2/workspace/lpc_chip_175x_6x/Debug/liblpc_chip_175x_6x.a(sysinit_17xx_40xx.o)
 .comment       0x000000000000006e       0x6f /Users/wara_1234/Documents/LPCXpresso_8.2.2/workspace/lpc_chip_175x_6x/Debug/liblpc_chip_175x_6x.a(timer_17xx_40xx.o)
 .comment       0x000000000000006e       0x6f /Users/wara_1234/Documents/LPCXpresso_8.2.2/workspace/lpc_chip_175x_6x/Debug/liblpc_chip_175x_6x.a(uart_17xx_40xx.o)
 .comment       0x000000000000006e       0x6e /Applications/lpcxpresso_8.2.2_650/lpcxpresso/tools/bin/../lib/gcc/arm-none-eabi/5.4.1/../../../../arm-none-eabi/lib/armv7-m/libcr_c.a(__weak__main.o)
                                         0x6f (size before relaxing)

.ARM.attributes
                0x0000000000000000       0x31
 .ARM.attributes
                0x0000000000000000       0x33 ./src/cr_startup_lpc175x_6x.o
 .ARM.attributes
                0x0000000000000033       0x33 ./src/crp.o
 .ARM.attributes
                0x0000000000000066       0x33 ./src/lab5.o
 .ARM.attributes
                0x0000000000000099       0x33 ./src/sysinit.o
 .ARM.attributes
                0x00000000000000cc       0x33 /Users/wara_1234/Documents/LPCXpresso_8.2.2/workspace/lpc_board_nxp_lpcxpresso_1769/Debug/liblpc_board_nxp_lpcxpresso_1769.a(board.o)
 .ARM.attributes
                0x00000000000000ff       0x33 /Users/wara_1234/Documents/LPCXpresso_8.2.2/workspace/lpc_board_nxp_lpcxpresso_1769/Debug/liblpc_board_nxp_lpcxpresso_1769.a(board_sysinit.o)
 .ARM.attributes
                0x0000000000000132       0x33 /Users/wara_1234/Documents/LPCXpresso_8.2.2/workspace/lpc_chip_175x_6x/Debug/liblpc_chip_175x_6x.a(chip_17xx_40xx.o)
 .ARM.attributes
                0x0000000000000165       0x33 /Users/wara_1234/Documents/LPCXpresso_8.2.2/workspace/lpc_chip_175x_6x/Debug/liblpc_chip_175x_6x.a(clock_17xx_40xx.o)
 .ARM.attributes
                0x0000000000000198       0x33 /Users/wara_1234/Documents/LPCXpresso_8.2.2/workspace/lpc_chip_175x_6x/Debug/liblpc_chip_175x_6x.a(iocon_17xx_40xx.o)
 .ARM.attributes
                0x00000000000001cb       0x33 /Users/wara_1234/Documents/LPCXpresso_8.2.2/workspace/lpc_chip_175x_6x/Debug/liblpc_chip_175x_6x.a(sysinit_17xx_40xx.o)
 .ARM.attributes
                0x00000000000001fe       0x33 /Users/wara_1234/Documents/LPCXpresso_8.2.2/workspace/lpc_chip_175x_6x/Debug/liblpc_chip_175x_6x.a(timer_17xx_40xx.o)
 .ARM.attributes
                0x0000000000000231       0x33 /Users/wara_1234/Documents/LPCXpresso_8.2.2/workspace/lpc_chip_175x_6x/Debug/liblpc_chip_175x_6x.a(uart_17xx_40xx.o)
 .ARM.attributes
                0x0000000000000264       0x33 /Applications/lpcxpresso_8.2.2_650/lpcxpresso/tools/bin/../lib/gcc/arm-none-eabi/5.4.1/../../../../arm-none-eabi/lib/armv7-m/libcr_c.a(__weak__main.o)

.debug_frame    0x0000000000000000     0x1634
 .debug_frame   0x0000000000000000      0x170 ./src/cr_startup_lpc175x_6x.o
 .debug_frame   0x0000000000000170      0x164 ./src/lab5.o
 .debug_frame   0x00000000000002d4       0x34 ./src/sysinit.o
 .debug_frame   0x0000000000000308      0x5d4 /Users/wara_1234/Documents/LPCXpresso_8.2.2/workspace/lpc_board_nxp_lpcxpresso_1769/Debug/liblpc_board_nxp_lpcxpresso_1769.a(board.o)
 .debug_frame   0x00000000000008dc       0x8c /Users/wara_1234/Documents/LPCXpresso_8.2.2/workspace/lpc_board_nxp_lpcxpresso_1769/Debug/liblpc_board_nxp_lpcxpresso_1769.a(board_sysinit.o)
 .debug_frame   0x0000000000000968       0x88 /Users/wara_1234/Documents/LPCXpresso_8.2.2/workspace/lpc_chip_175x_6x/Debug/liblpc_chip_175x_6x.a(chip_17xx_40xx.o)
 .debug_frame   0x00000000000009f0      0x490 /Users/wara_1234/Documents/LPCXpresso_8.2.2/workspace/lpc_chip_175x_6x/Debug/liblpc_chip_175x_6x.a(clock_17xx_40xx.o)
 .debug_frame   0x0000000000000e80       0x80 /Users/wara_1234/Documents/LPCXpresso_8.2.2/workspace/lpc_chip_175x_6x/Debug/liblpc_chip_175x_6x.a(iocon_17xx_40xx.o)
 .debug_frame   0x0000000000000f00      0x12c /Users/wara_1234/Documents/LPCXpresso_8.2.2/workspace/lpc_chip_175x_6x/Debug/liblpc_chip_175x_6x.a(sysinit_17xx_40xx.o)
 .debug_frame   0x000000000000102c       0xd0 /Users/wara_1234/Documents/LPCXpresso_8.2.2/workspace/lpc_chip_175x_6x/Debug/liblpc_chip_175x_6x.a(timer_17xx_40xx.o)
 .debug_frame   0x00000000000010fc      0x538 /Users/wara_1234/Documents/LPCXpresso_8.2.2/workspace/lpc_chip_175x_6x/Debug/liblpc_chip_175x_6x.a(uart_17xx_40xx.o)
