Archive member included to satisfy reference by file (symbol)

C:\Users\student\Documents\LPCXpresso_8.2.2_650\workspace\lpc_board_nxp_lpcxpresso_1769\Debug\liblpc_board_nxp_lpcxpresso_1769.a(board.o)
                              ./src/lab3.o (Board_LED_Set)
C:\Users\student\Documents\LPCXpresso_8.2.2_650\workspace\lpc_board_nxp_lpcxpresso_1769\Debug\liblpc_board_nxp_lpcxpresso_1769.a(board_sysinit.o)
                              ./src/sysinit.o (Board_SystemInit)
C:\Users\student\Documents\LPCXpresso_8.2.2_650\workspace\lpc_chip_175x_6x\Debug\liblpc_chip_175x_6x.a(chip_17xx_40xx.o)
                              ./src/lab3.o (SystemCoreClockUpdate)
C:\Users\student\Documents\LPCXpresso_8.2.2_650\workspace\lpc_chip_175x_6x\Debug\liblpc_chip_175x_6x.a(clock_17xx_40xx.o)
                              C:\Users\student\Documents\LPCXpresso_8.2.2_650\workspace\lpc_chip_175x_6x\Debug\liblpc_chip_175x_6x.a(chip_17xx_40xx.o) (Chip_Clock_EnablePLL)
C:\Users\student\Documents\LPCXpresso_8.2.2_650\workspace\lpc_chip_175x_6x\Debug\liblpc_chip_175x_6x.a(i2s_17xx_40xx.o)
                              C:\Users\student\Documents\LPCXpresso_8.2.2_650\workspace\lpc_board_nxp_lpcxpresso_1769\Debug\liblpc_board_nxp_lpcxpresso_1769.a(board.o) (Chip_I2S_Init)
C:\Users\student\Documents\LPCXpresso_8.2.2_650\workspace\lpc_chip_175x_6x\Debug\liblpc_chip_175x_6x.a(iocon_17xx_40xx.o)
                              C:\Users\student\Documents\LPCXpresso_8.2.2_650\workspace\lpc_board_nxp_lpcxpresso_1769\Debug\liblpc_board_nxp_lpcxpresso_1769.a(board.o) (Chip_IOCON_PinMux)
C:\Users\student\Documents\LPCXpresso_8.2.2_650\workspace\lpc_chip_175x_6x\Debug\liblpc_chip_175x_6x.a(sysinit_17xx_40xx.o)
                              C:\Users\student\Documents\LPCXpresso_8.2.2_650\workspace\lpc_board_nxp_lpcxpresso_1769\Debug\liblpc_board_nxp_lpcxpresso_1769.a(board_sysinit.o) (Chip_SetupXtalClocking)
C:\Users\student\Documents\LPCXpresso_8.2.2_650\workspace\lpc_chip_175x_6x\Debug\liblpc_chip_175x_6x.a(uart_17xx_40xx.o)
                              C:\Users\student\Documents\LPCXpresso_8.2.2_650\workspace\lpc_board_nxp_lpcxpresso_1769\Debug\liblpc_board_nxp_lpcxpresso_1769.a(board.o) (Chip_UART_Init)
C:\Users\student\Documents\LPCXpresso_8.2.2_650\workspace\lpc_chip_175x_6x\Debug\liblpc_chip_175x_6x.a(ring_buffer.o)
                              C:\Users\student\Documents\LPCXpresso_8.2.2_650\workspace\lpc_chip_175x_6x\Debug\liblpc_chip_175x_6x.a(uart_17xx_40xx.o) (RingBuffer_Insert)
c:/nxp/lpcxpresso_8.2.2_650/lpcxpresso/tools/bin/../lib/gcc/arm-none-eabi/5.4.1/../../../../arm-none-eabi/lib/armv7-m\libcr_c.a(memcpy.o)
                              C:\Users\student\Documents\LPCXpresso_8.2.2_650\workspace\lpc_board_nxp_lpcxpresso_1769\Debug\liblpc_board_nxp_lpcxpresso_1769.a(board.o) (memcpy)
c:/nxp/lpcxpresso_8.2.2_650/lpcxpresso/tools/bin/../lib/gcc/arm-none-eabi/5.4.1/../../../../arm-none-eabi/lib/armv7-m\libcr_c.a(__weak__main.o)
                              ./src/cr_startup_lpc175x_6x.o (__main)
c:/nxp/lpcxpresso_8.2.2_650/lpcxpresso/tools/bin/../lib/gcc/arm-none-eabi/5.4.1/armv7-m\libcr_eabihelpers.a(division_64.o)
                              C:\Users\student\Documents\LPCXpresso_8.2.2_650\workspace\lpc_chip_175x_6x\Debug\liblpc_chip_175x_6x.a(i2s_17xx_40xx.o) (__aeabi_uldivmod)
c:/nxp/lpcxpresso_8.2.2_650/lpcxpresso/tools/bin/../lib/gcc/arm-none-eabi/5.4.1/armv7-m\libcr_eabihelpers.a(division_idiv0.o)
                              c:/nxp/lpcxpresso_8.2.2_650/lpcxpresso/tools/bin/../lib/gcc/arm-none-eabi/5.4.1/armv7-m\libcr_eabihelpers.a(division_64.o) (__aeabi_idiv0)
c:/nxp/lpcxpresso_8.2.2_650/lpcxpresso/tools/bin/../lib/gcc/arm-none-eabi/5.4.1/armv7-m\libcr_eabihelpers.a(memcpy.o)
                              c:/nxp/lpcxpresso_8.2.2_650/lpcxpresso/tools/bin/../lib/gcc/arm-none-eabi/5.4.1/../../../../arm-none-eabi/lib/armv7-m\libcr_c.a(memcpy.o) (__aeabi_memcpy)

Allocating common symbols
Common symbol       size              file

SystemCoreClock     0x4               C:\Users\student\Documents\LPCXpresso_8.2.2_650\workspace\lpc_chip_175x_6x\Debug\liblpc_chip_175x_6x.a(chip_17xx_40xx.o)

Discarded input sections

 .group         0x00000000        0x8 ./src/cr_startup_lpc175x_6x.o
 .text          0x00000000        0x0 ./src/cr_startup_lpc175x_6x.o
 .data          0x00000000        0x0 ./src/cr_startup_lpc175x_6x.o
 .bss           0x00000000        0x0 ./src/cr_startup_lpc175x_6x.o
 .group         0x00000000        0x8 ./src/crp.o
 .group         0x00000000        0x8 ./src/crp.o
 .text          0x00000000        0x0 ./src/crp.o
 .data          0x00000000        0x0 ./src/crp.o
 .bss           0x00000000        0x0 ./src/crp.o
 .debug_macro   0x00000000      0x88c ./src/crp.o
 .group         0x00000000        0x8 ./src/lab3.o
 .group         0x00000000        0x8 ./src/lab3.o
 .group         0x00000000        0x8 ./src/lab3.o
 .group         0x00000000        0x8 ./src/lab3.o
[...]
Memory Configuration

Name             Origin             Length             Attributes
MFlash512        0x00000000         0x00080000         xr
RamLoc32         0x10000000         0x00008000         xrw
RamAHB32         0x2007c000         0x00008000         xrw
*default*        0x00000000         0xffffffff

Linker script and memory map

LOAD ./src/cr_startup_lpc175x_6x.o
LOAD ./src/crp.o
LOAD ./src/lab3.o
LOAD ./src/sysinit.o
LOAD C:\Users\student\Documents\LPCXpresso_8.2.2_650\workspace\lpc_board_nxp_lpcxpresso_1769\Debug\liblpc_board_nxp_lpcxpresso_1769.a
LOAD C:\Users\student\Documents\LPCXpresso_8.2.2_650\workspace\lpc_chip_175x_6x\Debug\liblpc_chip_175x_6x.a
START GROUP
LOAD c:/nxp/lpcxpresso_8.2.2_650/lpcxpresso/tools/bin/../lib/gcc/arm-none-eabi/5.4.1/../../../../arm-none-eabi/lib/armv7-m\libcr_c.a
LOAD c:/nxp/lpcxpresso_8.2.2_650/lpcxpresso/tools/bin/../lib/gcc/arm-none-eabi/5.4.1/armv7-m\libcr_eabihelpers.a
END GROUP
                0x00000000                __base_MFlash512 = 0x0
                0x00000000                __base_Flash = 0x0
                0x00080000                __top_MFlash512 = 0x80000
                0x00080000                __top_Flash = 0x80000
                0x10000000                __base_RamLoc32 = 0x10000000
                0x10000000                __base_RAM = 0x10000000
                0x10008000                __top_RamLoc32 = 0x10008000
                0x10008000                __top_RAM = 0x10008000
                0x2007c000                __base_RamAHB32 = 0x2007c000
                0x2007c000                __base_RAM2 = 0x2007c000
                0x20084000                __top_RamAHB32 = 0x20084000
                0x20084000                __top_RAM2 = 0x20084000

.text           0x00000000     0x1644
 FILL mask 0xff
                0x00000000                __vectors_start__ = ABSOLUTE (.)
 *(.isr_vector)
 .isr_vector    0x00000000       0xcc ./src/cr_startup_lpc175x_6x.o
                0x00000000                g_pfnVectors
                0x000000cc                . = ALIGN (0x4)
                0x000000cc                __section_table_start = .
                0x000000cc                __data_section_table = .
                0x000000cc        0x4 LONG 0x1644 LOADADDR (.data)
                0x000000d0        0x4 LONG 0x10000000 ADDR (.data)
                0x000000d4        0x4 LONG 0x144 SIZEOF (.data)
                0x000000d8        0x4 LONG 0x1644 LOADADDR (.data_RAM2)
                0x000000dc        0x4 LONG 0x2007c000 ADDR (.data_RAM2)
                0x000000e0        0x4 LONG 0x0 SIZEOF (.data_RAM2)
                0x000000e4                __data_section_table_end = .
                0x000000e4                __bss_section_table = .
                0x000000e4        0x4 LONG 0x10000144 ADDR (.bss)
                0x000000e8        0x4 LONG 0x8 SIZEOF (.bss)
                0x000000ec        0x4 LONG 0x2007c000 ADDR (.bss_RAM2)
                0x000000f0        0x4 LONG 0x0 SIZEOF (.bss_RAM2)
                0x000000f4                __bss_section_table_end = .
                0x000000f4                __section_table_end = .
 *(.after_vectors*)
 .after_vectors
                0x000000f4      0x144 ./src/cr_startup_lpc175x_6x.o
                0x000000f4                data_init
                0x00000138                bss_init
                0x00000170                ResetISR
                0x000001e8                NMI_Handler
                0x000001f0                HardFault_Handler
                0x000001f8                MemManage_Handler
                0x00000200                BusFault_Handler
                0x00000208                UsageFault_Handler
                0x00000210                SVC_Handler
                0x00000218                DebugMon_Handler
                0x00000220                PendSV_Handler
                0x00000228                SysTick_Handler
                0x00000230                UART1_IRQHandler
                0x00000230                CANActivity_IRQHandler
                0x00000230                TIMER3_IRQHandler
                0x00000230                UART0_IRQHandler
                0x00000230                EINT2_IRQHandler
                0x00000230                USBActivity_IRQHandler
                0x00000230                IntDefaultHandler
                0x00000230                PLL0_IRQHandler
                0x00000230                CAN_IRQHandler
                0x00000230                I2C0_IRQHandler
                0x00000230                I2C1_IRQHandler
                0x00000230                I2S_IRQHandler
                0x00000230                I2C2_IRQHandler
                0x00000230                RTC_IRQHandler
                0x00000230                TIMER0_IRQHandler
                0x00000230                SPI_IRQHandler
                0x00000230                RIT_IRQHandler
                0x00000230                EINT1_IRQHandler
                0x00000230                TIMER1_IRQHandler
                0x00000230                UART2_IRQHandler
                0x00000230                ADC_IRQHandler
                0x00000230                SSP1_IRQHandler
                0x00000230                USB_IRQHandler
                0x00000230                BOD_IRQHandler
                0x00000230                SSP0_IRQHandler
                0x00000230                WDT_IRQHandler
                0x00000230                PWM1_IRQHandler
                0x00000230                QEI_IRQHandler
                0x00000230                EINT0_IRQHandler
                0x00000230                ETH_IRQHandler
                0x00000230                PLL1_IRQHandler
                0x00000230                DMA_IRQHandler
                0x00000230                TIMER2_IRQHandler
                0x00000230                UART3_IRQHandler
                0x00000230                MCPWM_IRQHandler
                0x000002fc                . = 0x2fc
 *fill*         0x00000238       0xc4 ff
                0x000002fc                PROVIDE (__CRP_WORD_START__, .)
 *(.crp)
 .crp           0x000002fc        0x4 ./src/crp.o
                0x000002fc                CRP_WORD
                0x00000300                PROVIDE (__CRP_WORD_END__, .)
                0x00000001                ASSERT (! ((__CRP_WORD_START__ == __CRP_WORD_END__)), Linker CRP Enabled, but no CRP_WORD provided within application)
 *(.text*)
 .text.NVIC_EnableIRQ
                0x00000300       0x30 ./src/lab3.o
 .text.NVIC_ClearPendingIRQ
                0x00000330       0x34 ./src/lab3.o
 .text.Chip_GPIO_Init
                0x00000364       0x18 ./src/lab3.o
 .text.Chip_GPIO_SetPinState
                0x0000037c       0x68 ./src/lab3.o
 .text.Chip_GPIO_WritePortBit
                0x000003e4       0x2c ./src/lab3.o
 .text.Chip_GPIO_GetPinState
                0x00000410       0x38 ./src/lab3.o
 .text.Chip_GPIO_SetPinDIROutput
                0x00000448       0x38 ./src/lab3.o
 .text.Chip_GPIO_SetPinDIRInput
                0x00000480       0x3c ./src/lab3.o
 .text.Chip_GPIO_SetPinDIR
                0x000004bc       0x44 ./src/lab3.o
 .text.Chip_GPIO_SetDir
                0x00000500       0x34 ./src/lab3.o
 .text.Chip_GPIOINT_SetIntFalling
                0x00000534       0x2c ./src/lab3.o
 .text.Chip_GPIOINT_SetIntRising
                0x00000560       0x2c ./src/lab3.o
 .text.Chip_GPIOINT_ClearIntStatus
                0x0000058c       0x2c ./src/lab3.o
 .text.getSecondDigit
                0x000005b8       0x54 ./src/lab3.o
                0x000005b8                getSecondDigit
 .text.getFirstDigit
                0x0000060c       0x38 ./src/lab3.o
                0x0000060c                getFirstDigit
 .text.EINT3_IRQHandler
                0x00000644      0x1b0 ./src/lab3.o
                0x00000644                EINT3_IRQHandler
 .text.main     0x000007f4      0x208 ./src/lab3.o
                0x000007f4                main
 .text.SystemInit
                0x000009fc       0x24 ./src/sysinit.o
                0x000009fc                SystemInit
 .text.Chip_IOCON_Init
                0x00000a20       0x18 C:\Users\student\Documents\LPCXpresso_8.2.2_650\workspace\lpc_board_nxp_lpcxpresso_1769\Debug\liblpc_board_nxp_lpcxpresso_1769.a(board.o)
 .text.Chip_GPIO_Init
                0x00000a38       0x18 C:\Users\student\Documents\LPCXpresso_8.2.2_650\workspace\lpc_board_nxp_lpcxpresso_1769\Debug\liblpc_board_nxp_lpcxpresso_1769.a(board.o)
 .text.Chip_GPIO_SetPinState
                0x00000a50       0x68 C:\Users\student\Documents\LPCXpresso_8.2.2_650\workspace\lpc_board_nxp_lpcxpresso_1769\Debug\liblpc_board_nxp_lpcxpresso_1769.a(board.o)
 .text.Chip_GPIO_WritePortBit
                0x00000ab8       0x2c C:\Users\student\Documents\LPCXpresso_8.2.2_650\workspace\lpc_board_nxp_lpcxpresso_1769\Debug\liblpc_board_nxp_lpcxpresso_1769.a(board.o)
 .text.Chip_GPIO_SetPinDIROutput
                0x00000ae4       0x38 C:\Users\student\Documents\LPCXpresso_8.2.2_650\workspace\lpc_board_nxp_lpcxpresso_1769\Debug\liblpc_board_nxp_lpcxpresso_1769.a(board.o)
 .text.Chip_GPIO_SetPinDIRInput
                0x00000b1c       0x3c C:\Users\student\Documents\LPCXpresso_8.2.2_650\workspace\lpc_board_nxp_lpcxpresso_1769\Debug\liblpc_board_nxp_lpcxpresso_1769.a(board.o)
 .text.Chip_GPIO_SetPinDIR
                0x00000b58       0x44 C:\Users\student\Documents\LPCXpresso_8.2.2_650\workspace\lpc_board_nxp_lpcxpresso_1769\Debug\liblpc_board_nxp_lpcxpresso_1769.a(board.o)
 .text.Chip_GPIO_WriteDirBit
                0x00000b9c       0x30 C:\Users\student\Documents\LPCXpresso_8.2.2_650\workspace\lpc_board_nxp_lpcxpresso_1769\Debug\liblpc_board_nxp_lpcxpresso_1769.a(board.o)
 .text.Chip_UART_ConfigData
                0x00000bcc       0x1c C:\Users\student\Documents\LPCXpresso_8.2.2_650\workspace\lpc_board_nxp_lpcxpresso_1769\Debug\liblpc_board_nxp_lpcxpresso_1769.a(board.o)
 .text.Board_LED_Init
                0x00000be8       0x18 C:\Users\student\Documents\LPCXpresso_8.2.2_650\workspace\lpc_board_nxp_lpcxpresso_1769\Debug\liblpc_board_nxp_lpcxpresso_1769.a(board.o)
 .text.Board_UART_Init
                0x00000c00       0x14 C:\Users\student\Documents\LPCXpresso_8.2.2_650\workspace\lpc_board_nxp_lpcxpresso_1769\Debug\liblpc_board_nxp_lpcxpresso_1769.a(board.o)
                0x00000c00                Board_UART_Init
 .text.Board_Debug_Init
                0x00000c14       0x30 C:\Users\student\Documents\LPCXpresso_8.2.2_650\workspace\lpc_board_nxp_lpcxpresso_1769\Debug\liblpc_board_nxp_lpcxpresso_1769.a(board.o)
                0x00000c14                Board_Debug_Init
 .text.Board_LED_Set
                0x00000c44       0x30 C:\Users\student\Documents\LPCXpresso_8.2.2_650\workspace\lpc_board_nxp_lpcxpresso_1769\Debug\liblpc_board_nxp_lpcxpresso_1769.a(board.o)
                0x00000c44                Board_LED_Set
 .text.Board_Init
                0x00000c74       0x24 C:\Users\student\Documents\LPCXpresso_8.2.2_650\workspace\lpc_board_nxp_lpcxpresso_1769\Debug\liblpc_board_nxp_lpcxpresso_1769.a(board.o)
                0x00000c74                Board_Init
 .text.Chip_SYSCTL_SetFLASHAccess
                0x00000c98       0x30 C:\Users\student\Documents\LPCXpresso_8.2.2_650\workspace\lpc_board_nxp_lpcxpresso_1769\Debug\liblpc_board_nxp_lpcxpresso_1769.a(board_sysinit.o)
 .text.Board_SetupMuxing
                0x00000cc8       0x1c C:\Users\student\Documents\LPCXpresso_8.2.2_650\workspace\lpc_board_nxp_lpcxpresso_1769\Debug\liblpc_board_nxp_lpcxpresso_1769.a(board_sysinit.o)
                0x00000cc8                Board_SetupMuxing
 .text.Board_SetupClocking
                0x00000ce4       0x14 C:\Users\student\Documents\LPCXpresso_8.2.2_650\workspace\lpc_board_nxp_lpcxpresso_1769\Debug\liblpc_board_nxp_lpcxpresso_1769.a(board_sysinit.o)
                0x00000ce4                Board_SetupClocking
 .text.Board_SystemInit
                0x00000cf8       0x10 C:\Users\student\Documents\LPCXpresso_8.2.2_650\workspace\lpc_board_nxp_lpcxpresso_1769\Debug\liblpc_board_nxp_lpcxpresso_1769.a(board_sysinit.o)
                0x00000cf8                Board_SystemInit
 .text.SystemCoreClockUpdate
                0x00000d08       0x18 C:\Users\student\Documents\LPCXpresso_8.2.2_650\workspace\lpc_chip_175x_6x\Debug\liblpc_chip_175x_6x.a(chip_17xx_40xx.o)
                0x00000d08                SystemCoreClockUpdate
 .text.Chip_Clock_IsMainPLLEnabled
                0x00000d20       0x24 C:\Users\student\Documents\LPCXpresso_8.2.2_650\workspace\lpc_chip_175x_6x\Debug\liblpc_chip_175x_6x.a(clock_17xx_40xx.o)
 .text.Chip_Clock_IsMainPLLConnected
                0x00000d44       0x24 C:\Users\student\Documents\LPCXpresso_8.2.2_650\workspace\lpc_chip_175x_6x\Debug\liblpc_chip_175x_6x.a(clock_17xx_40xx.o)
 .text.Chip_Clock_FeedPLL
                0x00000d68       0x34 C:\Users\student\Documents\LPCXpresso_8.2.2_650\workspace\lpc_chip_175x_6x\Debug\liblpc_chip_175x_6x.a(clock_17xx_40xx.o)
 .text.Chip_Clock_GetMainPLLSource
                0x00000d9c       0x20 C:\Users\student\Documents\LPCXpresso_8.2.2_650\workspace\lpc_chip_175x_6x\Debug\liblpc_chip_175x_6x.a(clock_17xx_40xx.o)
 .text.Chip_Clock_GetMainOscRate
                0x00000dbc       0x14 C:\Users\student\Documents\LPCXpresso_8.2.2_650\workspace\lpc_chip_175x_6x\Debug\liblpc_chip_175x_6x.a(clock_17xx_40xx.o)
 .text.Chip_Clock_GetIntOscRate
                0x00000dd0       0x14 C:\Users\student\Documents\LPCXpresso_8.2.2_650\workspace\lpc_chip_175x_6x\Debug\liblpc_chip_175x_6x.a(clock_17xx_40xx.o)
 .text.Chip_Clock_GetRTCOscRate
                0x00000de4       0x14 C:\Users\student\Documents\LPCXpresso_8.2.2_650\workspace\lpc_chip_175x_6x\Debug\liblpc_chip_175x_6x.a(clock_17xx_40xx.o)
 .text.Chip_Clock_GetMainPLLInClockRate
                0x00000df8       0x10 C:\Users\student\Documents\LPCXpresso_8.2.2_650\workspace\lpc_chip_175x_6x\Debug\liblpc_chip_175x_6x.a(clock_17xx_40xx.o)
 .text.Chip_Clock_EnablePLL
                0x00000e08       0x44 C:\Users\student\Documents\LPCXpresso_8.2.2_650\workspace\lpc_chip_175x_6x\Debug\liblpc_chip_175x_6x.a(clock_17xx_40xx.o)
                0x00000e08                Chip_Clock_EnablePLL
 .text.Chip_Clock_DisablePLL
                0x00000e4c       0x48 C:\Users\student\Documents\LPCXpresso_8.2.2_650\workspace\lpc_chip_175x_6x\Debug\liblpc_chip_175x_6x.a(clock_17xx_40xx.o)
                0x00000e4c                Chip_Clock_DisablePLL
 .text.Chip_Clock_SetupPLL
                0x00000e94       0x5c C:\Users\student\Documents\LPCXpresso_8.2.2_650\workspace\lpc_chip_175x_6x\Debug\liblpc_chip_175x_6x.a(clock_17xx_40xx.o)
                0x00000e94                Chip_Clock_SetupPLL
 .text.Chip_Clock_EnablePeriphClock
                0x00000ef0       0x34 C:\Users\student\Documents\LPCXpresso_8.2.2_650\workspace\lpc_chip_175x_6x\Debug\liblpc_chip_175x_6x.a(clock_17xx_40xx.o)
                0x00000ef0                Chip_Clock_EnablePeriphClock
 .text.Chip_Clock_GetCPUClockSource
                0x00000f24       0x24 C:\Users\student\Documents\LPCXpresso_8.2.2_650\workspace\lpc_chip_175x_6x\Debug\liblpc_chip_175x_6x.a(clock_17xx_40xx.o)
                0x00000f24                Chip_Clock_GetCPUClockSource
 .text.Chip_Clock_SetCPUClockDiv
                0x00000f48       0x20 C:\Users\student\Documents\LPCXpresso_8.2.2_650\workspace\lpc_chip_175x_6x\Debug\liblpc_chip_175x_6x.a(clock_17xx_40xx.o)
                0x00000f48                Chip_Clock_SetCPUClockDiv
 .text.Chip_Clock_GetCPUClockDiv
                0x00000f68       0x1c C:\Users\student\Documents\LPCXpresso_8.2.2_650\workspace\lpc_chip_175x_6x\Debug\liblpc_chip_175x_6x.a(clock_17xx_40xx.o)
                0x00000f68                Chip_Clock_GetCPUClockDiv
 .text.Chip_Clock_GetPCLKDiv
                0x00000f84       0x8c C:\Users\student\Documents\LPCXpresso_8.2.2_650\workspace\lpc_chip_175x_6x\Debug\liblpc_chip_175x_6x.a(clock_17xx_40xx.o)
                0x00000f84                Chip_Clock_GetPCLKDiv
 .text.Chip_Clock_GetSYSCLKRate
                0x00001010       0x34 C:\Users\student\Documents\LPCXpresso_8.2.2_650\workspace\lpc_chip_175x_6x\Debug\liblpc_chip_175x_6x.a(clock_17xx_40xx.o)
                0x00001010                Chip_Clock_GetSYSCLKRate
 .text.Chip_Clock_GetMainPLLOutClockRate
                0x00001044       0x54 C:\Users\student\Documents\LPCXpresso_8.2.2_650\workspace\lpc_chip_175x_6x\Debug\liblpc_chip_175x_6x.a(clock_17xx_40xx.o)
                0x00001044                Chip_Clock_GetMainPLLOutClockRate
 .text.Chip_Clock_GetMainClockRate
                0x00001098       0x28 C:\Users\student\Documents\LPCXpresso_8.2.2_650\workspace\lpc_chip_175x_6x\Debug\liblpc_chip_175x_6x.a(clock_17xx_40xx.o)
                0x00001098                Chip_Clock_GetMainClockRate
 .text.Chip_Clock_GetSystemClockRate
                0x000010c0       0x18 C:\Users\student\Documents\LPCXpresso_8.2.2_650\workspace\lpc_chip_175x_6x\Debug\liblpc_chip_175x_6x.a(clock_17xx_40xx.o)
                0x000010c0                Chip_Clock_GetSystemClockRate
 .text.Chip_Clock_GetPeripheralClockRate
                0x000010d8       0x28 C:\Users\student\Documents\LPCXpresso_8.2.2_650\workspace\lpc_chip_175x_6x\Debug\liblpc_chip_175x_6x.a(clock_17xx_40xx.o)
                0x000010d8                Chip_Clock_GetPeripheralClockRate
 .text.Chip_IOCON_PinMuxSet
                0x00001100       0x38 C:\Users\student\Documents\LPCXpresso_8.2.2_650\workspace\lpc_chip_175x_6x\Debug\liblpc_chip_175x_6x.a(iocon_17xx_40xx.o)
                0x00001100                Chip_IOCON_PinMuxSet
 .text.Chip_IOCON_PinMux
                0x00001138       0x94 C:\Users\student\Documents\LPCXpresso_8.2.2_650\workspace\lpc_chip_175x_6x\Debug\liblpc_chip_175x_6x.a(iocon_17xx_40xx.o)
                0x00001138                Chip_IOCON_PinMux
 .text.Chip_IOCON_SetPinMuxing
                0x000011cc       0x64 C:\Users\student\Documents\LPCXpresso_8.2.2_650\workspace\lpc_chip_175x_6x\Debug\liblpc_chip_175x_6x.a(iocon_17xx_40xx.o)
                0x000011cc                Chip_IOCON_SetPinMuxing
 .text.Chip_Clock_IsMainPLLEnabled
                0x00001230       0x24 C:\Users\student\Documents\LPCXpresso_8.2.2_650\workspace\lpc_chip_175x_6x\Debug\liblpc_chip_175x_6x.a(sysinit_17xx_40xx.o)
 .text.Chip_Clock_IsMainPLLLocked
                0x00001254       0x24 C:\Users\student\Documents\LPCXpresso_8.2.2_650\workspace\lpc_chip_175x_6x\Debug\liblpc_chip_175x_6x.a(sysinit_17xx_40xx.o)
 .text.Chip_Clock_IsMainPLLConnected
                0x00001278       0x24 C:\Users\student\Documents\LPCXpresso_8.2.2_650\workspace\lpc_chip_175x_6x\Debug\liblpc_chip_175x_6x.a(sysinit_17xx_40xx.o)
 .text.Chip_Clock_EnableCrystal
                0x0000129c       0x20 C:\Users\student\Documents\LPCXpresso_8.2.2_650\workspace\lpc_chip_175x_6x\Debug\liblpc_chip_175x_6x.a(sysinit_17xx_40xx.o)
 .text.Chip_Clock_IsCrystalEnabled
                0x000012bc       0x24 C:\Users\student\Documents\LPCXpresso_8.2.2_650\workspace\lpc_chip_175x_6x\Debug\liblpc_chip_175x_6x.a(sysinit_17xx_40xx.o)
 .text.Chip_Clock_SetMainPLLSource
                0x000012e0       0x20 C:\Users\student\Documents\LPCXpresso_8.2.2_650\workspace\lpc_chip_175x_6x\Debug\liblpc_chip_175x_6x.a(sysinit_17xx_40xx.o)
 .text.Chip_SetupXtalClocking
                0x00001300       0x90 C:\Users\student\Documents\LPCXpresso_8.2.2_650\workspace\lpc_chip_175x_6x\Debug\liblpc_chip_175x_6x.a(sysinit_17xx_40xx.o)
                0x00001300                Chip_SetupXtalClocking
 .text.Chip_UART_SetupFIFOS
                0x00001390       0x1c C:\Users\student\Documents\LPCXpresso_8.2.2_650\workspace\lpc_chip_175x_6x\Debug\liblpc_chip_175x_6x.a(uart_17xx_40xx.o)
 .text.Chip_UART_ConfigData
                0x000013ac       0x1c C:\Users\student\Documents\LPCXpresso_8.2.2_650\workspace\lpc_chip_175x_6x\Debug\liblpc_chip_175x_6x.a(uart_17xx_40xx.o)
 .text.Chip_UART_EnableDivisorAccess
                0x000013c8       0x20 C:\Users\student\Documents\LPCXpresso_8.2.2_650\workspace\lpc_chip_175x_6x\Debug\liblpc_chip_175x_6x.a(uart_17xx_40xx.o)
 .text.Chip_UART_DisableDivisorAccess
                0x000013e8       0x20 C:\Users\student\Documents\LPCXpresso_8.2.2_650\workspace\lpc_chip_175x_6x\Debug\liblpc_chip_175x_6x.a(uart_17xx_40xx.o)
 .text.Chip_UART_SetDivisorLatches
                0x00001408       0x28 C:\Users\student\Documents\LPCXpresso_8.2.2_650\workspace\lpc_chip_175x_6x\Debug\liblpc_chip_175x_6x.a(uart_17xx_40xx.o)
 .text.Chip_UART_GetClockIndex
                0x00001430       0x50 C:\Users\student\Documents\LPCXpresso_8.2.2_650\workspace\lpc_chip_175x_6x\Debug\liblpc_chip_175x_6x.a(uart_17xx_40xx.o)
 .text.Chip_UART_GetClkIndex
                0x00001480       0x50 C:\Users\student\Documents\LPCXpresso_8.2.2_650\workspace\lpc_chip_175x_6x\Debug\liblpc_chip_175x_6x.a(uart_17xx_40xx.o)
 .text.Chip_UART_Init
                0x000014d0       0x78 C:\Users\student\Documents\LPCXpresso_8.2.2_650\workspace\lpc_chip_175x_6x\Debug\liblpc_chip_175x_6x.a(uart_17xx_40xx.o)
                0x000014d0                Chip_UART_Init
 .text.Chip_UART_TXEnable
                0x00001548       0x18 C:\Users\student\Documents\LPCXpresso_8.2.2_650\workspace\lpc_chip_175x_6x\Debug\liblpc_chip_175x_6x.a(uart_17xx_40xx.o)
                0x00001548                Chip_UART_TXEnable
 .text.Chip_UART_TXDisable
                0x00001560       0x18 C:\Users\student\Documents\LPCXpresso_8.2.2_650\workspace\lpc_chip_175x_6x\Debug\liblpc_chip_175x_6x.a(uart_17xx_40xx.o)
                0x00001560                Chip_UART_TXDisable
 .text.Chip_UART_SetBaud
                0x00001578       0x64 C:\Users\student\Documents\LPCXpresso_8.2.2_650\workspace\lpc_chip_175x_6x\Debug\liblpc_chip_175x_6x.a(uart_17xx_40xx.o)
                0x00001578                Chip_UART_SetBaud
 .text.__weak_main
                0x000015dc        0x4 c:/nxp/lpcxpresso_8.2.2_650/lpcxpresso/tools/bin/../lib/gcc/arm-none-eabi/5.4.1/../../../../arm-none-eabi/lib/armv7-m\libcr_c.a(__weak__main.o)
                0x000015dc                __weak_main
                0x000015dc                __main
 *(.rodata .rodata.* .constdata .constdata.*)
 .rodata.OscRateIn
                0x000015e0        0x4 C:\Users\student\Documents\LPCXpresso_8.2.2_650\workspace\lpc_board_nxp_lpcxpresso_1769\Debug\liblpc_board_nxp_lpcxpresso_1769.a(board.o)
                0x000015e0                OscRateIn
 .rodata.RTCOscRateIn
                0x000015e4        0x4 C:\Users\student\Documents\LPCXpresso_8.2.2_650\workspace\lpc_board_nxp_lpcxpresso_1769\Debug\liblpc_board_nxp_lpcxpresso_1769.a(board.o)
                0x000015e4                RTCOscRateIn
 .rodata.pinmuxing
                0x000015e8       0x5c C:\Users\student\Documents\LPCXpresso_8.2.2_650\workspace\lpc_board_nxp_lpcxpresso_1769\Debug\liblpc_board_nxp_lpcxpresso_1769.a(board_sysinit.o)
                0x00001644                . = ALIGN (0x4)

.glue_7         0x00001644        0x0
 .glue_7        0x00001644        0x0 linker stubs

.glue_7t        0x00001644        0x0
 .glue_7t       0x00001644        0x0 linker stubs

.vfp11_veneer   0x00001644        0x0
 .vfp11_veneer  0x00001644        0x0 linker stubs

.v4_bx          0x00001644        0x0
 .v4_bx         0x00001644        0x0 linker stubs

.iplt           0x00001644        0x0
 .iplt          0x00001644        0x0 ./src/cr_startup_lpc175x_6x.o

.rel.dyn        0x00001644        0x0
 .rel.iplt      0x00001644        0x0 ./src/cr_startup_lpc175x_6x.o

.ARM.extab
 *(.ARM.extab* .gnu.linkonce.armextab.*)
                0x00001644                __exidx_start = .

.ARM.exidx
 *(.ARM.exidx* .gnu.linkonce.armexidx.*)
                0x00001644                __exidx_end = .
                0x00001644                _etext = .

.data_RAM2      0x2007c000        0x0 load address 0x00001644
 FILL mask 0xff
                [!provide]                PROVIDE (__start_data_RAM2, .)
 *(.ramfunc.$RAM2)
 *(.ramfunc.$RamAHB32)
 *(.data.$RAM2*)
 *(.data.$RamAHB32*)
                0x2007c000                . = ALIGN (0x4)
                [!provide]                PROVIDE (__end_data_RAM2, .)

.uninit_RESERVED
                0x10000000        0x0
 *(.bss.$RESERVED*)
                0x10000000                . = ALIGN (0x4)
                0x10000000                _end_uninit_RESERVED = .

.data           0x10000000      0x144 load address 0x00001644
 FILL mask 0xff
                0x10000000                _data = .
 *(vtable)
 *(.ramfunc*)
 *(.data*)
 .data.size     0x10000000        0x4 ./src/lab3.o
                0x10000000                size
 .data.dig      0x10000004        0x4 ./src/lab3.o
                0x10000004                dig
 .data.digit    0x10000008        0x8 ./src/lab3.o
                0x10000008                digit
 .data.seven_segment_pins
                0x10000010       0x1c ./src/lab3.o
                0x10000010                seven_segment_pins
 .data.num      0x1000002c      0x118 ./src/lab3.o
                0x1000002c                num
                0x10000144                . = ALIGN (0x4)
                0x10000144                _edata = .

.igot.plt       0x10000144        0x0 load address 0x00001788
 .igot.plt      0x10000144        0x0 ./src/cr_startup_lpc175x_6x.o

.bss_RAM2       0x2007c000        0x0
                [!provide]                PROVIDE (__start_bss_RAM2, .)
 *(.bss.$RAM2*)
 *(.bss.$RamAHB32*)
                0x2007c000                . = ALIGN ((. != 0x0)?0x4:0x1)
                [!provide]                PROVIDE (__end_bss_RAM2, .)

.bss            0x10000144        0x8
                0x10000144                _bss = .
 *(.bss*)
 .bss.counter   0x10000144        0x4 ./src/lab3.o
                0x10000144                counter
 *(COMMON)
 COMMON         0x10000148        0x4 C:\Users\student\Documents\LPCXpresso_8.2.2_650\workspace\lpc_chip_175x_6x\Debug\liblpc_chip_175x_6x.a(chip_17xx_40xx.o)
                0x10000148                SystemCoreClock
                0x1000014c                . = ALIGN (0x4)
                0x1000014c                _ebss = .
                [!provide]                PROVIDE (end, .)

.noinit_RAM2    0x2007c000        0x0
 *(.noinit.$RAM2*)
 *(.noinit.$RamAHB32*)
                0x2007c000                . = ALIGN (0x4)

.noinit         0x1000014c        0x0
                0x1000014c                _noinit = .
 *(.noinit*)
                0x1000014c                . = ALIGN (0x4)
                0x1000014c                _end_noinit = .
                [!provide]                PROVIDE (_pvHeapStart, DEFINED (__user_heap_base)?__user_heap_base:.)
                0x10008000                PROVIDE (_vStackTop, DEFINED (__user_stack_top)?__user_stack_top:(__top_RamLoc32 - 0x0))
                0xefff74b2                PROVIDE (__valid_user_code_checksum, (0x0 - ((((((_vStackTop + (ResetISR + 0x1)) + (NMI_Handler + 0x1)) + (HardFault_Handler + 0x1)) + (DEFINED (MemManage_Handler)?MemManage_Handler:0x0 + 0x1)) + (DEFINED (BusFault_Handler)?BusFault_Handler:0x0 + 0x1)) + (DEFINED (UsageFault_Handler)?UsageFault_Handler:0x0 + 0x1))))
OUTPUT(lab3.axf elf32-littlearm)

.debug_info     0x00000000     0x4f72
 .debug_info    0x00000000      0x253 ./src/cr_startup_lpc175x_6x.o
 .debug_info    0x00000253       0x3f ./src/crp.o
 .debug_info    0x00000292      0xbf0 ./src/lab3.o
 .debug_info    0x00000e82      0x110 ./src/sysinit.o
 .debug_info    0x00000f92     0x13d3 C:\Users\student\Documents\LPCXpresso_8.2.2_650\workspace\lpc_board_nxp_lpcxpresso_1769\Debug\liblpc_board_nxp_lpcxpresso_1769.a(board.o)
 .debug_info    0x00002365      0x591 C:\Users\student\Documents\LPCXpresso_8.2.2_650\workspace\lpc_board_nxp_lpcxpresso_1769\Debug\liblpc_board_nxp_lpcxpresso_1769.a(board_sysinit.o)
 .debug_info    0x000028f6      0x51e C:\Users\student\Documents\LPCXpresso_8.2.2_650\workspace\lpc_chip_175x_6x\Debug\liblpc_chip_175x_6x.a(chip_17xx_40xx.o)
 .debug_info    0x00002e14      0xb62 C:\Users\student\Documents\LPCXpresso_8.2.2_650\workspace\lpc_chip_175x_6x\Debug\liblpc_chip_175x_6x.a(clock_17xx_40xx.o)
 .debug_info    0x00003976      0x2e9 C:\Users\student\Documents\LPCXpresso_8.2.2_650\workspace\lpc_chip_175x_6x\Debug\liblpc_chip_175x_6x.a(iocon_17xx_40xx.o)
 .debug_info    0x00003c5f      0x439 C:\Users\student\Documents\LPCXpresso_8.2.2_650\workspace\lpc_chip_175x_6x\Debug\liblpc_chip_175x_6x.a(sysinit_17xx_40xx.o)
 .debug_info    0x00004098      0xeda C:\Users\student\Documents\LPCXpresso_8.2.2_650\workspace\lpc_chip_175x_6x\Debug\liblpc_chip_175x_6x.a(uart_17xx_40xx.o)

.debug_abbrev   0x00000000     0x12b5
 .debug_abbrev  0x00000000       0xf5 ./src/cr_startup_lpc175x_6x.o
 .debug_abbrev  0x000000f5       0x36 ./src/crp.o
 .debug_abbrev  0x0000012b      0x267 ./src/lab3.o
 .debug_abbrev  0x00000392       0xa3 ./src/sysinit.o
 .debug_abbrev  0x00000435      0x379 C:\Users\student\Documents\LPCXpresso_8.2.2_650\workspace\lpc_board_nxp_lpcxpresso_1769\Debug\liblpc_board_nxp_lpcxpresso_1769.a(board.o)
 .debug_abbrev  0x000007ae      0x15c C:\Users\student\Documents\LPCXpresso_8.2.2_650\workspace\lpc_board_nxp_lpcxpresso_1769\Debug\liblpc_board_nxp_lpcxpresso_1769.a(board_sysinit.o)
 .debug_abbrev  0x0000090a      0x13c C:\Users\student\Documents\LPCXpresso_8.2.2_650\workspace\lpc_chip_175x_6x\Debug\liblpc_chip_175x_6x.a(chip_17xx_40xx.o)
 .debug_abbrev  0x00000a46      0x2ec C:\Users\student\Documents\LPCXpresso_8.2.2_650\workspace\lpc_chip_175x_6x\Debug\liblpc_chip_175x_6x.a(clock_17xx_40xx.o)
 .debug_abbrev  0x00000d32      0x126 C:\Users\student\Documents\LPCXpresso_8.2.2_650\workspace\lpc_chip_175x_6x\Debug\liblpc_chip_175x_6x.a(iocon_17xx_40xx.o)
 .debug_abbrev  0x00000e58      0x175 C:\Users\student\Documents\LPCXpresso_8.2.2_650\workspace\lpc_chip_175x_6x\Debug\liblpc_chip_175x_6x.a(sysinit_17xx_40xx.o)
 .debug_abbrev  0x00000fcd      0x2e8 C:\Users\student\Documents\LPCXpresso_8.2.2_650\workspace\lpc_chip_175x_6x\Debug\liblpc_chip_175x_6x.a(uart_17xx_40xx.o)

.debug_aranges  0x00000000      0x608
 .debug_aranges
                0x00000000       0x80 ./src/cr_startup_lpc175x_6x.o
 .debug_aranges
                0x00000080       0x18 ./src/crp.o
 .debug_aranges
                0x00000098       0xa8 ./src/lab3.o
 .debug_aranges
                0x00000140       0x20 ./src/sysinit.o
 .debug_aranges
                0x00000160      0x160 C:\Users\student\Documents\LPCXpresso_8.2.2_650\workspace\lpc_board_nxp_lpcxpresso_1769\Debug\liblpc_board_nxp_lpcxpresso_1769.a(board.o)
 .debug_aranges
                0x000002c0       0x38 C:\Users\student\Documents\LPCXpresso_8.2.2_650\workspace\lpc_board_nxp_lpcxpresso_1769\Debug\liblpc_board_nxp_lpcxpresso_1769.a(board_sysinit.o)
 .debug_aranges
                0x000002f8       0x38 C:\Users\student\Documents\LPCXpresso_8.2.2_650\workspace\lpc_chip_175x_6x\Debug\liblpc_chip_175x_6x.a(chip_17xx_40xx.o)
 .debug_aranges
                0x00000330      0x120 C:\Users\student\Documents\LPCXpresso_8.2.2_650\workspace\lpc_chip_175x_6x\Debug\liblpc_chip_175x_6x.a(clock_17xx_40xx.o)
 .debug_aranges
                0x00000450       0x30 C:\Users\student\Documents\LPCXpresso_8.2.2_650\workspace\lpc_chip_175x_6x\Debug\liblpc_chip_175x_6x.a(iocon_17xx_40xx.o)
 .debug_aranges
                0x00000480       0x60 C:\Users\student\Documents\LPCXpresso_8.2.2_650\workspace\lpc_chip_175x_6x\Debug\liblpc_chip_175x_6x.a(sysinit_17xx_40xx.o)
 .debug_aranges
                0x000004e0      0x128 C:\Users\student\Documents\LPCXpresso_8.2.2_650\workspace\lpc_chip_175x_6x\Debug\liblpc_chip_175x_6x.a(uart_17xx_40xx.o)

.debug_ranges   0x00000000      0x550
 .debug_ranges  0x00000000       0x70 ./src/cr_startup_lpc175x_6x.o
 .debug_ranges  0x00000070       0x98 ./src/lab3.o
 .debug_ranges  0x00000108       0x10 ./src/sysinit.o
 .debug_ranges  0x00000118      0x150 C:\Users\student\Documents\LPCXpresso_8.2.2_650\workspace\lpc_board_nxp_lpcxpresso_1769\Debug\liblpc_board_nxp_lpcxpresso_1769.a(board.o)
 .debug_ranges  0x00000268       0x28 C:\Users\student\Documents\LPCXpresso_8.2.2_650\workspace\lpc_board_nxp_lpcxpresso_1769\Debug\liblpc_board_nxp_lpcxpresso_1769.a(board_sysinit.o)
 .debug_ranges  0x00000290       0x28 C:\Users\student\Documents\LPCXpresso_8.2.2_650\workspace\lpc_chip_175x_6x\Debug\liblpc_chip_175x_6x.a(chip_17xx_40xx.o)
 .debug_ranges  0x000002b8      0x110 C:\Users\student\Documents\LPCXpresso_8.2.2_650\workspace\lpc_chip_175x_6x\Debug\liblpc_chip_175x_6x.a(clock_17xx_40xx.o)
 .debug_ranges  0x000003c8       0x20 C:\Users\student\Documents\LPCXpresso_8.2.2_650\workspace\lpc_chip_175x_6x\Debug\liblpc_chip_175x_6x.a(iocon_17xx_40xx.o)
 .debug_ranges  0x000003e8       0x50 C:\Users\student\Documents\LPCXpresso_8.2.2_650\workspace\lpc_chip_175x_6x\Debug\liblpc_chip_175x_6x.a(sysinit_17xx_40xx.o)
 .debug_ranges  0x00000438      0x118 C:\Users\student\Documents\LPCXpresso_8.2.2_650\workspace\lpc_chip_175x_6x\Debug\liblpc_chip_175x_6x.a(uart_17xx_40xx.o)

.debug_macro    0x00000000     0x5413
 .debug_macro   0x00000000       0x1d ./src/cr_startup_lpc175x_6x.o
 .debug_macro   0x0000001d      0x88c ./src/cr_startup_lpc175x_6x.o
 .debug_macro   0x000008a9       0x1a ./src/crp.o
 .debug_macro   0x000008c3       0x34 ./src/crp.o
 .debug_macro   0x000008f7      0x262 ./src/lab3.o
 .debug_macro   0x00000b59       0x10 ./src/lab3.o
 .debug_macro   0x00000b69      0x12d ./src/lab3.o
 .debug_macro   0x00000c96      0x5b2 ./src/lab3.o
 .debug_macro   0x00001248       0x22 ./src/lab3.o
 .debug_macro   0x0000126a       0x7b ./src/lab3.o
 .debug_macro   0x000012e5       0x10 ./src/lab3.o
 .debug_macro   0x000012f5       0x2d ./src/lab3.o
 .debug_macro   0x00001322       0x3a ./src/lab3.o
 .debug_macro   0x0000135c       0x2d ./src/lab3.o
 .debug_macro   0x00001389      0xbb1 ./src/lab3.o
 .debug_macro   0x00001f3a      0x22c ./src/lab3.o
 .debug_macro   0x00002166       0x42 ./src/lab3.o
 .debug_macro   0x000021a8       0x52 ./src/lab3.o
 .debug_macro   0x000021fa       0x78 ./src/lab3.o
 .debug_macro   0x00002272       0x82 ./src/lab3.o
 .debug_macro   0x000022f4      0x48c ./src/lab3.o
 .debug_macro   0x00002780       0x34 ./src/lab3.o
 .debug_macro   0x000027b4      0x4c5 ./src/lab3.o
 .debug_macro   0x00002c79      0x1b7 ./src/lab3.o
 .debug_macro   0x00002e30       0x10 ./src/lab3.o
 .debug_macro   0x00002e40      0x21b ./src/lab3.o
 .debug_macro   0x0000305b      0x1b9 ./src/lab3.o
 .debug_macro   0x00003214       0x40 ./src/lab3.o
 .debug_macro   0x00003254       0x22 ./src/lab3.o
 .debug_macro   0x00003276      0x162 ./src/lab3.o
 .debug_macro   0x000033d8       0x94 ./src/lab3.o
 .debug_macro   0x0000346c       0xb8 ./src/lab3.o
 .debug_macro   0x00003524       0x4c ./src/lab3.o
 .debug_macro   0x00003570       0x16 ./src/lab3.o
 .debug_macro   0x00003586      0x328 ./src/lab3.o
 .debug_macro   0x000038ae       0x49 ./src/lab3.o
 .debug_macro   0x000038f7       0x16 ./src/lab3.o
 .debug_macro   0x0000390d       0xca ./src/lab3.o
 .debug_macro   0x000039d7       0x18 ./src/lab3.o
 .debug_macro   0x000039ef       0x70 ./src/lab3.o
 .debug_macro   0x00003a5f       0x9a ./src/lab3.o
 .debug_macro   0x00003af9       0x20 ./src/lab3.o
 .debug_macro   0x00003b19       0x28 ./src/lab3.o
 .debug_macro   0x00003b41       0x82 ./src/lab3.o
 .debug_macro   0x00003bc3      0x217 ./src/sysinit.o
 .debug_macro   0x00003dda      0x289 C:\Users\student\Documents\LPCXpresso_8.2.2_650\workspace\lpc_board_nxp_lpcxpresso_1769\Debug\liblpc_board_nxp_lpcxpresso_1769.a(board.o)
 .debug_macro   0x00004063      0x886 C:\Users\student\Documents\LPCXpresso_8.2.2_650\workspace\lpc_board_nxp_lpcxpresso_1769\Debug\liblpc_board_nxp_lpcxpresso_1769.a(board.o)
 .debug_macro   0x000048e9       0x12 C:\Users\student\Documents\LPCXpresso_8.2.2_650\workspace\lpc_board_nxp_lpcxpresso_1769\Debug\liblpc_board_nxp_lpcxpresso_1769.a(board.o)
 .debug_macro   0x000048fb      0x217 C:\Users\student\Documents\LPCXpresso_8.2.2_650\workspace\lpc_board_nxp_lpcxpresso_1769\Debug\liblpc_board_nxp_lpcxpresso_1769.a(board_sysinit.o)
 .debug_macro   0x00004b12      0x1cd C:\Users\student\Documents\LPCXpresso_8.2.2_650\workspace\lpc_chip_175x_6x\Debug\liblpc_chip_175x_6x.a(chip_17xx_40xx.o)
 .debug_macro   0x00004cdf      0x1cd C:\Users\student\Documents\LPCXpresso_8.2.2_650\workspace\lpc_chip_175x_6x\Debug\liblpc_chip_175x_6x.a(clock_17xx_40xx.o)
 .debug_macro   0x00004eac      0x1cd C:\Users\student\Documents\LPCXpresso_8.2.2_650\workspace\lpc_chip_175x_6x\Debug\liblpc_chip_175x_6x.a(iocon_17xx_40xx.o)
 .debug_macro   0x00005079      0x1cd C:\Users\student\Documents\LPCXpresso_8.2.2_650\workspace\lpc_chip_175x_6x\Debug\liblpc_chip_175x_6x.a(sysinit_17xx_40xx.o)
 .debug_macro   0x00005246      0x1cd C:\Users\student\Documents\LPCXpresso_8.2.2_650\workspace\lpc_chip_175x_6x\Debug\liblpc_chip_175x_6x.a(uart_17xx_40xx.o)

.debug_line     0x00000000     0x361a
 .debug_line    0x00000000       0xd5 ./src/cr_startup_lpc175x_6x.o
 .debug_line    0x000000d5       0x78 ./src/crp.o
 .debug_line    0x0000014d      0x73a ./src/lab3.o
 .debug_line    0x00000887      0x499 ./src/sysinit.o
 .debug_line    0x00000d20      0x854 C:\Users\student\Documents\LPCXpresso_8.2.2_650\workspace\lpc_board_nxp_lpcxpresso_1769\Debug\liblpc_board_nxp_lpcxpresso_1769.a(board.o)
 .debug_line    0x00001574      0x4d9 C:\Users\student\Documents\LPCXpresso_8.2.2_650\workspace\lpc_board_nxp_lpcxpresso_1769\Debug\liblpc_board_nxp_lpcxpresso_1769.a(board_sysinit.o)
 .debug_line    0x00001a4d      0x45b C:\Users\student\Documents\LPCXpresso_8.2.2_650\workspace\lpc_chip_175x_6x\Debug\liblpc_chip_175x_6x.a(chip_17xx_40xx.o)
 .debug_line    0x00001ea8      0x6d7 C:\Users\student\Documents\LPCXpresso_8.2.2_650\workspace\lpc_chip_175x_6x\Debug\liblpc_chip_175x_6x.a(clock_17xx_40xx.o)
 .debug_line    0x0000257f      0x447 C:\Users\student\Documents\LPCXpresso_8.2.2_650\workspace\lpc_chip_175x_6x\Debug\liblpc_chip_175x_6x.a(iocon_17xx_40xx.o)
 .debug_line    0x000029c6      0x4d1 C:\Users\student\Documents\LPCXpresso_8.2.2_650\workspace\lpc_chip_175x_6x\Debug\liblpc_chip_175x_6x.a(sysinit_17xx_40xx.o)
 .debug_line    0x00002e97      0x783 C:\Users\student\Documents\LPCXpresso_8.2.2_650\workspace\lpc_chip_175x_6x\Debug\liblpc_chip_175x_6x.a(uart_17xx_40xx.o)

.debug_str      0x00000000    0x1349c
 .debug_str     0x00000000     0x2698 ./src/cr_startup_lpc175x_6x.o
                               0x26ab (size before relaxing)
 .debug_str     0x00002698       0xe9 ./src/crp.o
                               0x25c3 (size before relaxing)
 .debug_str     0x00002781     0xf246 ./src/lab3.o
                              0x1183c (size before relaxing)
 .debug_str     0x000119c7       0x1b ./src/sysinit.o
                              0x10a5e (size before relaxing)
 .debug_str     0x000119e2      0xa65 C:\Users\student\Documents\LPCXpresso_8.2.2_650\workspace\lpc_board_nxp_lpcxpresso_1769\Debug\liblpc_board_nxp_lpcxpresso_1769.a(board.o)
                              0x1192b (size before relaxing)
 .debug_str     0x00012447      0x22d C:\Users\student\Documents\LPCXpresso_8.2.2_650\workspace\lpc_board_nxp_lpcxpresso_1769\Debug\liblpc_board_nxp_lpcxpresso_1769.a(board_sysinit.o)
                              0x10e65 (size before relaxing)
 .debug_str     0x00012674       0xd4 C:\Users\student\Documents\LPCXpresso_8.2.2_650\workspace\lpc_chip_175x_6x\Debug\liblpc_chip_175x_6x.a(chip_17xx_40xx.o)
                              0x10b5c (size before relaxing)
 .debug_str     0x00012748      0x857 C:\Users\student\Documents\LPCXpresso_8.2.2_650\workspace\lpc_chip_175x_6x\Debug\liblpc_chip_175x_6x.a(clock_17xx_40xx.o)
                              0x111ca (size before relaxing)
 .debug_str     0x00012f9f       0x79 C:\Users\student\Documents\LPCXpresso_8.2.2_650\workspace\lpc_chip_175x_6x\Debug\liblpc_chip_175x_6x.a(iocon_17xx_40xx.o)
                              0x10647 (size before relaxing)
 .debug_str     0x00013018       0xc4 C:\Users\student\Documents\LPCXpresso_8.2.2_650\workspace\lpc_chip_175x_6x\Debug\liblpc_chip_175x_6x.a(sysinit_17xx_40xx.o)
                              0x1082f (size before relaxing)
 .debug_str     0x000130dc      0x3c0 C:\Users\student\Documents\LPCXpresso_8.2.2_650\workspace\lpc_chip_175x_6x\Debug\liblpc_chip_175x_6x.a(uart_17xx_40xx.o)
                              0x1109f (size before relaxing)

.comment        0x00000000       0xdc
 .comment       0x00000000       0x6e ./src/cr_startup_lpc175x_6x.o
                                 0x6f (size before relaxing)
 .comment       0x0000006e       0x6f ./src/crp.o
 .comment       0x0000006e       0x6f ./src/lab3.o
 .comment       0x0000006e       0x6f ./src/sysinit.o
 .comment       0x0000006e       0x6f C:\Users\student\Documents\LPCXpresso_8.2.2_650\workspace\lpc_board_nxp_lpcxpresso_1769\Debug\liblpc_board_nxp_lpcxpresso_1769.a(board.o)
 .comment       0x0000006e       0x6f C:\Users\student\Documents\LPCXpresso_8.2.2_650\workspace\lpc_board_nxp_lpcxpresso_1769\Debug\liblpc_board_nxp_lpcxpresso_1769.a(board_sysinit.o)
 .comment       0x0000006e       0x6f C:\Users\student\Documents\LPCXpresso_8.2.2_650\workspace\lpc_chip_175x_6x\Debug\liblpc_chip_175x_6x.a(chip_17xx_40xx.o)
 .comment       0x0000006e       0x6f C:\Users\student\Documents\LPCXpresso_8.2.2_650\workspace\lpc_chip_175x_6x\Debug\liblpc_chip_175x_6x.a(clock_17xx_40xx.o)
 .comment       0x0000006e       0x6f C:\Users\student\Documents\LPCXpresso_8.2.2_650\workspace\lpc_chip_175x_6x\Debug\liblpc_chip_175x_6x.a(iocon_17xx_40xx.o)
 .comment       0x0000006e       0x6f C:\Users\student\Documents\LPCXpresso_8.2.2_650\workspace\lpc_chip_175x_6x\Debug\liblpc_chip_175x_6x.a(sysinit_17xx_40xx.o)
 .comment       0x0000006e       0x6f C:\Users\student\Documents\LPCXpresso_8.2.2_650\workspace\lpc_chip_175x_6x\Debug\liblpc_chip_175x_6x.a(uart_17xx_40xx.o)
 .comment       0x0000006e       0x6e c:/nxp/lpcxpresso_8.2.2_650/lpcxpresso/tools/bin/../lib/gcc/arm-none-eabi/5.4.1/../../../../arm-none-eabi/lib/armv7-m\libcr_c.a(__weak__main.o)
                                 0x6f (size before relaxing)

.ARM.attributes
                0x00000000       0x31
 .ARM.attributes
                0x00000000       0x33 ./src/cr_startup_lpc175x_6x.o
 .ARM.attributes
                0x00000033       0x33 ./src/crp.o
 .ARM.attributes
                0x00000066       0x33 ./src/lab3.o
 .ARM.attributes
                0x00000099       0x33 ./src/sysinit.o
 .ARM.attributes
                0x000000cc       0x33 C:\Users\student\Documents\LPCXpresso_8.2.2_650\workspace\lpc_board_nxp_lpcxpresso_1769\Debug\liblpc_board_nxp_lpcxpresso_1769.a(board.o)
 .ARM.attributes
                0x000000ff       0x33 C:\Users\student\Documents\LPCXpresso_8.2.2_650\workspace\lpc_board_nxp_lpcxpresso_1769\Debug\liblpc_board_nxp_lpcxpresso_1769.a(board_sysinit.o)
 .ARM.attributes
                0x00000132       0x33 C:\Users\student\Documents\LPCXpresso_8.2.2_650\workspace\lpc_chip_175x_6x\Debug\liblpc_chip_175x_6x.a(chip_17xx_40xx.o)
 .ARM.attributes
                0x00000165       0x33 C:\Users\student\Documents\LPCXpresso_8.2.2_650\workspace\lpc_chip_175x_6x\Debug\liblpc_chip_175x_6x.a(clock_17xx_40xx.o)
 .ARM.attributes
                0x00000198       0x33 C:\Users\student\Documents\LPCXpresso_8.2.2_650\workspace\lpc_chip_175x_6x\Debug\liblpc_chip_175x_6x.a(iocon_17xx_40xx.o)
 .ARM.attributes
                0x000001cb       0x33 C:\Users\student\Documents\LPCXpresso_8.2.2_650\workspace\lpc_chip_175x_6x\Debug\liblpc_chip_175x_6x.a(sysinit_17xx_40xx.o)
 .ARM.attributes
                0x000001fe       0x33 C:\Users\student\Documents\LPCXpresso_8.2.2_650\workspace\lpc_chip_175x_6x\Debug\liblpc_chip_175x_6x.a(uart_17xx_40xx.o)
 .ARM.attributes
                0x00000231       0x33 c:/nxp/lpcxpresso_8.2.2_650/lpcxpresso/tools/bin/../lib/gcc/arm-none-eabi/5.4.1/../../../../arm-none-eabi/lib/armv7-m\libcr_c.a(__weak__main.o)

.debug_frame    0x00000000     0x16c8
 .debug_frame   0x00000000      0x170 ./src/cr_startup_lpc175x_6x.o
 .debug_frame   0x00000170      0x2c8 ./src/lab3.o
 .debug_frame   0x00000438       0x34 ./src/sysinit.o
 .debug_frame   0x0000046c      0x5d4 C:\Users\student\Documents\LPCXpresso_8.2.2_650\workspace\lpc_board_nxp_lpcxpresso_1769\Debug\liblpc_board_nxp_lpcxpresso_1769.a(board.o)
 .debug_frame   0x00000a40       0x8c C:\Users\student\Documents\LPCXpresso_8.2.2_650\workspace\lpc_board_nxp_lpcxpresso_1769\Debug\liblpc_board_nxp_lpcxpresso_1769.a(board_sysinit.o)
 .debug_frame   0x00000acc       0x88 C:\Users\student\Documents\LPCXpresso_8.2.2_650\workspace\lpc_chip_175x_6x\Debug\liblpc_chip_175x_6x.a(chip_17xx_40xx.o)
 .debug_frame   0x00000b54      0x490 C:\Users\student\Documents\LPCXpresso_8.2.2_650\workspace\lpc_chip_175x_6x\Debug\liblpc_chip_175x_6x.a(clock_17xx_40xx.o)
 .debug_frame   0x00000fe4       0x80 C:\Users\student\Documents\LPCXpresso_8.2.2_650\workspace\lpc_chip_175x_6x\Debug\liblpc_chip_175x_6x.a(iocon_17xx_40xx.o)
 .debug_frame   0x00001064      0x12c C:\Users\student\Documents\LPCXpresso_8.2.2_650\workspace\lpc_chip_175x_6x\Debug\liblpc_chip_175x_6x.a(sysinit_17xx_40xx.o)
 .debug_frame   0x00001190      0x538 C:\Users\student\Documents\LPCXpresso_8.2.2_650\workspace\lpc_chip_175x_6x\Debug\liblpc_chip_175x_6x.a(uart_17xx_40xx.o)
