Archive member included to satisfy reference by file (symbol)

C:\Users\iamla\Documents\MCUXpressoIDE_10.2.1_795\workspace\lpc_board_nxp_lpcxpresso_1769\Debug\liblpc_board_nxp_lpcxpresso_1769.a(board.o)
                              ./Code/src/timer.o (Board_Init)
C:\Users\iamla\Documents\MCUXpressoIDE_10.2.1_795\workspace\lpc_board_nxp_lpcxpresso_1769\Debug\liblpc_board_nxp_lpcxpresso_1769.a(board_sysinit.o)
                              ./Code/src/sysinit.o (Board_SystemInit)
C:\Users\iamla\Documents\MCUXpressoIDE_10.2.1_795\workspace\lpc_chip_175x_6x\Debug\liblpc_chip_175x_6x.a(chip_17xx_40xx.o)
                              ./Code/src/timer.o (SystemCoreClockUpdate)
C:\Users\iamla\Documents\MCUXpressoIDE_10.2.1_795\workspace\lpc_chip_175x_6x\Debug\liblpc_chip_175x_6x.a(clock_17xx_40xx.o)
                              C:\Users\iamla\Documents\MCUXpressoIDE_10.2.1_795\workspace\lpc_chip_175x_6x\Debug\liblpc_chip_175x_6x.a(chip_17xx_40xx.o) (Chip_Clock_EnablePLL)
C:\Users\iamla\Documents\MCUXpressoIDE_10.2.1_795\workspace\lpc_chip_175x_6x\Debug\liblpc_chip_175x_6x.a(i2s_17xx_40xx.o)
                              C:\Users\iamla\Documents\MCUXpressoIDE_10.2.1_795\workspace\lpc_board_nxp_lpcxpresso_1769\Debug\liblpc_board_nxp_lpcxpresso_1769.a(board.o) (Chip_I2S_Init)
C:\Users\iamla\Documents\MCUXpressoIDE_10.2.1_795\workspace\lpc_chip_175x_6x\Debug\liblpc_chip_175x_6x.a(iocon_17xx_40xx.o)
                              ./Code/src/timer.o (Chip_IOCON_PinMux)
C:\Users\iamla\Documents\MCUXpressoIDE_10.2.1_795\workspace\lpc_chip_175x_6x\Debug\liblpc_chip_175x_6x.a(sysinit_17xx_40xx.o)
                              C:\Users\iamla\Documents\MCUXpressoIDE_10.2.1_795\workspace\lpc_board_nxp_lpcxpresso_1769\Debug\liblpc_board_nxp_lpcxpresso_1769.a(board_sysinit.o) (Chip_SetupXtalClocking)
C:\Users\iamla\Documents\MCUXpressoIDE_10.2.1_795\workspace\lpc_chip_175x_6x\Debug\liblpc_chip_175x_6x.a(timer_17xx_40xx.o)
                              ./Code/src/timer.o (Chip_TIMER_Init)
C:\Users\iamla\Documents\MCUXpressoIDE_10.2.1_795\workspace\lpc_chip_175x_6x\Debug\liblpc_chip_175x_6x.a(uart_17xx_40xx.o)
                              C:\Users\iamla\Documents\MCUXpressoIDE_10.2.1_795\workspace\lpc_board_nxp_lpcxpresso_1769\Debug\liblpc_board_nxp_lpcxpresso_1769.a(board.o) (Chip_UART_Init)
C:\Users\iamla\Documents\MCUXpressoIDE_10.2.1_795\workspace\lpc_chip_175x_6x\Debug\liblpc_chip_175x_6x.a(ring_buffer.o)
                              C:\Users\iamla\Documents\MCUXpressoIDE_10.2.1_795\workspace\lpc_chip_175x_6x\Debug\liblpc_chip_175x_6x.a(uart_17xx_40xx.o) (RingBuffer_Insert)
c:/nxp/mcuxpressoide_10.2.1_795/ide/tools/bin/../lib/gcc/arm-none-eabi/7.2.1/../../../../arm-none-eabi/lib/thumb/v7-m\libcr_nohost.a(_cr__main.o)
                              ./Code/src/cr_startup_lpc175x_6x.o (__main)
c:/nxp/mcuxpressoide_10.2.1_795/ide/tools/bin/../lib/gcc/arm-none-eabi/7.2.1/../../../../arm-none-eabi/lib/thumb/v7-m\libcr_c.a(memcpy.o)
                              C:\Users\iamla\Documents\MCUXpressoIDE_10.2.1_795\workspace\lpc_board_nxp_lpcxpresso_1769\Debug\liblpc_board_nxp_lpcxpresso_1769.a(board.o) (memcpy)
c:/nxp/mcuxpressoide_10.2.1_795/ide/tools/bin/../lib/gcc/arm-none-eabi/7.2.1/../../../../arm-none-eabi/lib/thumb/v7-m\libcr_c.a(initio.o)
                              c:/nxp/mcuxpressoide_10.2.1_795/ide/tools/bin/../lib/gcc/arm-none-eabi/7.2.1/../../../../arm-none-eabi/lib/thumb/v7-m\libcr_nohost.a(_cr__main.o) (_initio)
c:/nxp/mcuxpressoide_10.2.1_795/ide/tools/bin/../lib/gcc/arm-none-eabi/7.2.1/../../../../arm-none-eabi/lib/thumb/v7-m\libcr_c.a(setvbuf.o)
                              c:/nxp/mcuxpressoide_10.2.1_795/ide/tools/bin/../lib/gcc/arm-none-eabi/7.2.1/../../../../arm-none-eabi/lib/thumb/v7-m\libcr_c.a(initio.o) (setvbuf)
c:/nxp/mcuxpressoide_10.2.1_795/ide/tools/bin/../lib/gcc/arm-none-eabi/7.2.1/../../../../arm-none-eabi/lib/thumb/v7-m\libcr_c.a(_fdopen.o)
                              c:/nxp/mcuxpressoide_10.2.1_795/ide/tools/bin/../lib/gcc/arm-none-eabi/7.2.1/../../../../arm-none-eabi/lib/thumb/v7-m\libcr_c.a(initio.o) (_fdopen)
c:/nxp/mcuxpressoide_10.2.1_795/ide/tools/bin/../lib/gcc/arm-none-eabi/7.2.1/../../../../arm-none-eabi/lib/thumb/v7-m\libcr_c.a(fclose.o)
                              c:/nxp/mcuxpressoide_10.2.1_795/ide/tools/bin/../lib/gcc/arm-none-eabi/7.2.1/../../../../arm-none-eabi/lib/thumb/v7-m\libcr_c.a(initio.o) (fclose)
c:/nxp/mcuxpressoide_10.2.1_795/ide/tools/bin/../lib/gcc/arm-none-eabi/7.2.1/../../../../arm-none-eabi/lib/thumb/v7-m\libcr_c.a(fflush.o)
                              c:/nxp/mcuxpressoide_10.2.1_795/ide/tools/bin/../lib/gcc/arm-none-eabi/7.2.1/../../../../arm-none-eabi/lib/thumb/v7-m\libcr_c.a(fclose.o) (fflush)
c:/nxp/mcuxpressoide_10.2.1_795/ide/tools/bin/../lib/gcc/arm-none-eabi/7.2.1/../../../../arm-none-eabi/lib/thumb/v7-m\libcr_c.a(fseek.o)
[...]
Memory Configuration

Name             Origin             Length             Attributes
MFlash512        0x00000000         0x00080000         xr
RamLoc32         0x10000000         0x00008000         xrw
RamAHB32         0x2007c000         0x00008000         xrw
*default*        0x00000000         0xffffffff

Linker script and memory map

LOAD ./Code/src/cr_startup_lpc175x_6x.o
LOAD ./Code/src/sysinit.o
LOAD ./Code/src/timer.o
LOAD C:\Users\iamla\Documents\MCUXpressoIDE_10.2.1_795\workspace\lpc_board_nxp_lpcxpresso_1769\Debug\liblpc_board_nxp_lpcxpresso_1769.a
LOAD C:\Users\iamla\Documents\MCUXpressoIDE_10.2.1_795\workspace\lpc_chip_175x_6x\Debug\liblpc_chip_175x_6x.a
START GROUP
LOAD c:/nxp/mcuxpressoide_10.2.1_795/ide/tools/bin/../lib/gcc/arm-none-eabi/7.2.1/../../../../arm-none-eabi/lib/thumb/v7-m\libcr_nohost.a
LOAD c:/nxp/mcuxpressoide_10.2.1_795/ide/tools/bin/../lib/gcc/arm-none-eabi/7.2.1/../../../../arm-none-eabi/lib/thumb/v7-m\libcr_c.a
LOAD c:/nxp/mcuxpressoide_10.2.1_795/ide/tools/bin/../lib/gcc/arm-none-eabi/7.2.1/thumb/v7-m\libcr_eabihelpers.a
END GROUP
                0x00000000                __base_MFlash512 = 0x0
                0x00000000                __base_Flash = 0x0
                0x00080000                __top_MFlash512 = 0x80000
                0x00080000                __top_Flash = 0x80000
                0x10000000                __base_RamLoc32 = 0x10000000
                0x10000000                __base_RAM = 0x10000000
                0x10008000                __top_RamLoc32 = 0x10008000
                0x10008000                __top_RAM = 0x10008000
                0x2007c000                __base_RamAHB32 = 0x2007c000
                0x2007c000                __base_RAM2 = 0x2007c000
                0x20084000                __top_RamAHB32 = 0x20084000
                0x20084000                __top_RAM2 = 0x20084000

.text           0x00000000     0x155c
 FILL mask 0xff
                0x00000000                __vectors_start__ = ABSOLUTE (.)
 *(.isr_vector)
 .isr_vector    0x00000000       0xcc ./Code/src/cr_startup_lpc175x_6x.o
                0x00000000                g_pfnVectors
                0x000000cc                . = ALIGN (0x4)
                0x000000cc                __section_table_start = .
                0x000000cc                __data_section_table = .
                0x000000cc        0x4 LONG 0x155c LOADADDR (.data)
                0x000000d0        0x4 LONG 0x10000000 ADDR (.data)
                0x000000d4        0x4 LONG 0x0 SIZEOF (.data)
                0x000000d8        0x4 LONG 0x155c LOADADDR (.data_RAM2)
                0x000000dc        0x4 LONG 0x2007c000 ADDR (.data_RAM2)
                0x000000e0        0x4 LONG 0x0 SIZEOF (.data_RAM2)
                0x000000e4                __data_section_table_end = .
                0x000000e4                __bss_section_table = .
                0x000000e4        0x4 LONG 0x10000000 ADDR (.bss)
                0x000000e8        0x4 LONG 0x1e8 SIZEOF (.bss)
                0x000000ec        0x4 LONG 0x2007c000 ADDR (.bss_RAM2)
                0x000000f0        0x4 LONG 0x0 SIZEOF (.bss_RAM2)
                0x000000f4                __bss_section_table_end = .
                0x000000f4                __section_table_end = .
 *(.after_vectors*)
 .after_vectors
                0x000000f4      0x12c ./Code/src/cr_startup_lpc175x_6x.o
                0x000000f4                data_init
                0x00000136                bss_init
                0x0000016c                ResetISR
                0x000001e4                NMI_Handler
                0x000001ea                HardFault_Handler
                0x000001f0                MemManage_Handler
                0x000001f6                BusFault_Handler
                0x000001fc                UsageFault_Handler
                0x00000202                SVC_Handler
                0x00000208                DebugMon_Handler
                0x0000020e                PendSV_Handler
                0x00000214                SysTick_Handler
                0x0000021a                EINT3_IRQHandler
                0x0000021a                CANActivity_IRQHandler
                0x0000021a                TIMER3_IRQHandler
                0x0000021a                UART0_IRQHandler
                0x0000021a                UART1_IRQHandler
                0x0000021a                EINT2_IRQHandler
                0x0000021a                USBActivity_IRQHandler
                0x0000021a                IntDefaultHandler
                0x0000021a                PLL0_IRQHandler
                0x0000021a                CAN_IRQHandler
                0x0000021a                I2C1_IRQHandler
                0x0000021a                SSP0_IRQHandler
                0x0000021a                I2S_IRQHandler
                0x0000021a                I2C2_IRQHandler
                0x0000021a                RTC_IRQHandler
                0x0000021a                TIMER0_IRQHandler
                0x0000021a                SPI_IRQHandler
                0x0000021a                RIT_IRQHandler
                0x0000021a                EINT1_IRQHandler
                0x0000021a                TIMER1_IRQHandler
                0x0000021a                UART2_IRQHandler
                0x0000021a                ADC_IRQHandler
                0x0000021a                SSP1_IRQHandler
                0x0000021a                USB_IRQHandler
                0x0000021a                BOD_IRQHandler
                0x0000021a                I2C0_IRQHandler
                0x0000021a                WDT_IRQHandler
                0x0000021a                PWM1_IRQHandler
                0x0000021a                QEI_IRQHandler
                0x0000021a                EINT0_IRQHandler
                0x0000021a                ETH_IRQHandler
                0x0000021a                PLL1_IRQHandler
                0x0000021a                DMA_IRQHandler
                0x0000021a                TIMER2_IRQHandler
                0x0000021a                UART3_IRQHandler
                0x0000021a                MCPWM_IRQHandler
 *(.text*)
 .text.SystemInit
                0x00000220       0x24 ./Code/src/sysinit.o
                0x00000220                SystemInit
 .text.Chip_TIMER_Enable
                0x00000244       0x1e ./Code/src/timer.o
 .text.Chip_TIMER_SetMatch
                0x00000262       0x26 ./Code/src/timer.o
 .text.Chip_TIMER_ResetOnMatchEnable
                0x00000288       0x34 ./Code/src/timer.o
 .text.main     0x000002bc       0x6c ./Code/src/timer.o
                0x000002bc                main
 .text.Chip_IOCON_Init
                0x00000328       0x16 C:\Users\iamla\Documents\MCUXpressoIDE_10.2.1_795\workspace\lpc_board_nxp_lpcxpresso_1769\Debug\liblpc_board_nxp_lpcxpresso_1769.a(board.o)
 .text.Chip_GPIO_Init
                0x0000033e       0x16 C:\Users\iamla\Documents\MCUXpressoIDE_10.2.1_795\workspace\lpc_board_nxp_lpcxpresso_1769\Debug\liblpc_board_nxp_lpcxpresso_1769.a(board.o)
 .text.Chip_GPIO_SetPinDIROutput
                0x00000354       0x36 C:\Users\iamla\Documents\MCUXpressoIDE_10.2.1_795\workspace\lpc_board_nxp_lpcxpresso_1769\Debug\liblpc_board_nxp_lpcxpresso_1769.a(board.o)
 .text.Chip_GPIO_SetPinDIRInput
                0x0000038a       0x3a C:\Users\iamla\Documents\MCUXpressoIDE_10.2.1_795\workspace\lpc_board_nxp_lpcxpresso_1769\Debug\liblpc_board_nxp_lpcxpresso_1769.a(board.o)
 .text.Chip_GPIO_SetPinDIR
                0x000003c4       0x42 C:\Users\iamla\Documents\MCUXpressoIDE_10.2.1_795\workspace\lpc_board_nxp_lpcxpresso_1769\Debug\liblpc_board_nxp_lpcxpresso_1769.a(board.o)
 .text.Chip_GPIO_WriteDirBit
                0x00000406       0x2e C:\Users\iamla\Documents\MCUXpressoIDE_10.2.1_795\workspace\lpc_board_nxp_lpcxpresso_1769\Debug\liblpc_board_nxp_lpcxpresso_1769.a(board.o)
 .text.Chip_UART_SendByte
                0x00000434       0x1c C:\Users\iamla\Documents\MCUXpressoIDE_10.2.1_795\workspace\lpc_board_nxp_lpcxpresso_1769\Debug\liblpc_board_nxp_lpcxpresso_1769.a(board.o)
 .text.Chip_UART_ConfigData
                0x00000450       0x1a C:\Users\iamla\Documents\MCUXpressoIDE_10.2.1_795\workspace\lpc_board_nxp_lpcxpresso_1769\Debug\liblpc_board_nxp_lpcxpresso_1769.a(board.o)
 .text.Chip_UART_ReadLineStatus
                0x0000046a       0x16 C:\Users\iamla\Documents\MCUXpressoIDE_10.2.1_795\workspace\lpc_board_nxp_lpcxpresso_1769\Debug\liblpc_board_nxp_lpcxpresso_1769.a(board.o)
 .text.__sys_write
                0x00000480       0x38 C:\Users\iamla\Documents\MCUXpressoIDE_10.2.1_795\workspace\lpc_board_nxp_lpcxpresso_1769\Debug\liblpc_board_nxp_lpcxpresso_1769.a(board.o)
                0x00000480                __sys_write
 .text.Board_LED_Init
                0x000004b8       0x18 C:\Users\iamla\Documents\MCUXpressoIDE_10.2.1_795\workspace\lpc_board_nxp_lpcxpresso_1769\Debug\liblpc_board_nxp_lpcxpresso_1769.a(board.o)
 .text.Board_UART_Init
                0x000004d0       0x12 C:\Users\iamla\Documents\MCUXpressoIDE_10.2.1_795\workspace\lpc_board_nxp_lpcxpresso_1769\Debug\liblpc_board_nxp_lpcxpresso_1769.a(board.o)
                0x000004d0                Board_UART_Init
 *fill*         0x000004e2        0x2 ff
 .text.Board_Debug_Init
                0x000004e4       0x30 C:\Users\iamla\Documents\MCUXpressoIDE_10.2.1_795\workspace\lpc_board_nxp_lpcxpresso_1769\Debug\liblpc_board_nxp_lpcxpresso_1769.a(board.o)
                0x000004e4                Board_Debug_Init
 .text.Board_UARTPutChar
                0x00000514       0x34 C:\Users\iamla\Documents\MCUXpressoIDE_10.2.1_795\workspace\lpc_board_nxp_lpcxpresso_1769\Debug\liblpc_board_nxp_lpcxpresso_1769.a(board.o)
                0x00000514                Board_UARTPutChar
 .text.Board_Init
                0x00000548       0x24 C:\Users\iamla\Documents\MCUXpressoIDE_10.2.1_795\workspace\lpc_board_nxp_lpcxpresso_1769\Debug\liblpc_board_nxp_lpcxpresso_1769.a(board.o)
                0x00000548                Board_Init
 .text.Chip_SYSCTL_SetFLASHAccess
                0x0000056c       0x30 C:\Users\iamla\Documents\MCUXpressoIDE_10.2.1_795\workspace\lpc_board_nxp_lpcxpresso_1769\Debug\liblpc_board_nxp_lpcxpresso_1769.a(board_sysinit.o)
 .text.Board_SetupMuxing
                0x0000059c       0x1c C:\Users\iamla\Documents\MCUXpressoIDE_10.2.1_795\workspace\lpc_board_nxp_lpcxpresso_1769\Debug\liblpc_board_nxp_lpcxpresso_1769.a(board_sysinit.o)
                0x0000059c                Board_SetupMuxing
 .text.Board_SetupClocking
                0x000005b8       0x12 C:\Users\iamla\Documents\MCUXpressoIDE_10.2.1_795\workspace\lpc_board_nxp_lpcxpresso_1769\Debug\liblpc_board_nxp_lpcxpresso_1769.a(board_sysinit.o)
                0x000005b8                Board_SetupClocking
 .text.Board_SystemInit
                0x000005ca       0x10 C:\Users\iamla\Documents\MCUXpressoIDE_10.2.1_795\workspace\lpc_board_nxp_lpcxpresso_1769\Debug\liblpc_board_nxp_lpcxpresso_1769.a(board_sysinit.o)
                0x000005ca                Board_SystemInit
 *fill*         0x000005da        0x2 ff
 .text.SystemCoreClockUpdate
                0x000005dc       0x18 C:\Users\iamla\Documents\MCUXpressoIDE_10.2.1_795\workspace\lpc_chip_175x_6x\Debug\liblpc_chip_175x_6x.a(chip_17xx_40xx.o)
                0x000005dc                SystemCoreClockUpdate
 .text.Chip_Clock_IsMainPLLEnabled
                0x000005f4       0x24 C:\Users\iamla\Documents\MCUXpressoIDE_10.2.1_795\workspace\lpc_chip_175x_6x\Debug\liblpc_chip_175x_6x.a(clock_17xx_40xx.o)
 .text.Chip_Clock_IsMainPLLConnected
                0x00000618       0x24 C:\Users\iamla\Documents\MCUXpressoIDE_10.2.1_795\workspace\lpc_chip_175x_6x\Debug\liblpc_chip_175x_6x.a(clock_17xx_40xx.o)
 .text.Chip_Clock_FeedPLL
                0x0000063c       0x34 C:\Users\iamla\Documents\MCUXpressoIDE_10.2.1_795\workspace\lpc_chip_175x_6x\Debug\liblpc_chip_175x_6x.a(clock_17xx_40xx.o)
 .text.Chip_Clock_GetMainPLLSource
                0x00000670       0x20 C:\Users\iamla\Documents\MCUXpressoIDE_10.2.1_795\workspace\lpc_chip_175x_6x\Debug\liblpc_chip_175x_6x.a(clock_17xx_40xx.o)
 .text.Chip_Clock_GetMainOscRate
                0x00000690       0x14 C:\Users\iamla\Documents\MCUXpressoIDE_10.2.1_795\workspace\lpc_chip_175x_6x\Debug\liblpc_chip_175x_6x.a(clock_17xx_40xx.o)
 .text.Chip_Clock_GetIntOscRate
                0x000006a4       0x14 C:\Users\iamla\Documents\MCUXpressoIDE_10.2.1_795\workspace\lpc_chip_175x_6x\Debug\liblpc_chip_175x_6x.a(clock_17xx_40xx.o)
 .text.Chip_Clock_GetRTCOscRate
                0x000006b8       0x14 C:\Users\iamla\Documents\MCUXpressoIDE_10.2.1_795\workspace\lpc_chip_175x_6x\Debug\liblpc_chip_175x_6x.a(clock_17xx_40xx.o)
 .text.Chip_Clock_GetMainPLLInClockRate
                0x000006cc        0xe C:\Users\iamla\Documents\MCUXpressoIDE_10.2.1_795\workspace\lpc_chip_175x_6x\Debug\liblpc_chip_175x_6x.a(clock_17xx_40xx.o)
 *fill*         0x000006da        0x2 ff
 .text.Chip_Clock_EnablePLL
                0x000006dc       0x44 C:\Users\iamla\Documents\MCUXpressoIDE_10.2.1_795\workspace\lpc_chip_175x_6x\Debug\liblpc_chip_175x_6x.a(clock_17xx_40xx.o)
                0x000006dc                Chip_Clock_EnablePLL
 .text.Chip_Clock_DisablePLL
                0x00000720       0x48 C:\Users\iamla\Documents\MCUXpressoIDE_10.2.1_795\workspace\lpc_chip_175x_6x\Debug\liblpc_chip_175x_6x.a(clock_17xx_40xx.o)
                0x00000720                Chip_Clock_DisablePLL
 .text.Chip_Clock_SetupPLL
                0x00000768       0x5c C:\Users\iamla\Documents\MCUXpressoIDE_10.2.1_795\workspace\lpc_chip_175x_6x\Debug\liblpc_chip_175x_6x.a(clock_17xx_40xx.o)
                0x00000768                Chip_Clock_SetupPLL
 .text.Chip_Clock_EnablePeriphClock
                0x000007c4       0x34 C:\Users\iamla\Documents\MCUXpressoIDE_10.2.1_795\workspace\lpc_chip_175x_6x\Debug\liblpc_chip_175x_6x.a(clock_17xx_40xx.o)
                0x000007c4                Chip_Clock_EnablePeriphClock
 .text.Chip_Clock_GetCPUClockSource
                0x000007f8       0x24 C:\Users\iamla\Documents\MCUXpressoIDE_10.2.1_795\workspace\lpc_chip_175x_6x\Debug\liblpc_chip_175x_6x.a(clock_17xx_40xx.o)
                0x000007f8                Chip_Clock_GetCPUClockSource
 .text.Chip_Clock_SetCPUClockDiv
                0x0000081c       0x20 C:\Users\iamla\Documents\MCUXpressoIDE_10.2.1_795\workspace\lpc_chip_175x_6x\Debug\liblpc_chip_175x_6x.a(clock_17xx_40xx.o)
                0x0000081c                Chip_Clock_SetCPUClockDiv
 .text.Chip_Clock_GetCPUClockDiv
                0x0000083c       0x1c C:\Users\iamla\Documents\MCUXpressoIDE_10.2.1_795\workspace\lpc_chip_175x_6x\Debug\liblpc_chip_175x_6x.a(clock_17xx_40xx.o)
                0x0000083c                Chip_Clock_GetCPUClockDiv
 .text.Chip_Clock_GetPCLKDiv
                0x00000858       0x8c C:\Users\iamla\Documents\MCUXpressoIDE_10.2.1_795\workspace\lpc_chip_175x_6x\Debug\liblpc_chip_175x_6x.a(clock_17xx_40xx.o)
                0x00000858                Chip_Clock_GetPCLKDiv
 .text.Chip_Clock_GetSYSCLKRate
                0x000008e4       0x34 C:\Users\iamla\Documents\MCUXpressoIDE_10.2.1_795\workspace\lpc_chip_175x_6x\Debug\liblpc_chip_175x_6x.a(clock_17xx_40xx.o)
                0x000008e4                Chip_Clock_GetSYSCLKRate
 .text.Chip_Clock_GetMainPLLOutClockRate
                0x00000918       0x54 C:\Users\iamla\Documents\MCUXpressoIDE_10.2.1_795\workspace\lpc_chip_175x_6x\Debug\liblpc_chip_175x_6x.a(clock_17xx_40xx.o)
                0x00000918                Chip_Clock_GetMainPLLOutClockRate
 .text.Chip_Clock_GetMainClockRate
                0x0000096c       0x28 C:\Users\iamla\Documents\MCUXpressoIDE_10.2.1_795\workspace\lpc_chip_175x_6x\Debug\liblpc_chip_175x_6x.a(clock_17xx_40xx.o)
                0x0000096c                Chip_Clock_GetMainClockRate
 .text.Chip_Clock_GetSystemClockRate
                0x00000994       0x18 C:\Users\iamla\Documents\MCUXpressoIDE_10.2.1_795\workspace\lpc_chip_175x_6x\Debug\liblpc_chip_175x_6x.a(clock_17xx_40xx.o)
                0x00000994                Chip_Clock_GetSystemClockRate
 .text.Chip_Clock_GetPeripheralClockRate
                0x000009ac       0x26 C:\Users\iamla\Documents\MCUXpressoIDE_10.2.1_795\workspace\lpc_chip_175x_6x\Debug\liblpc_chip_175x_6x.a(clock_17xx_40xx.o)
                0x000009ac                Chip_Clock_GetPeripheralClockRate
 .text.Chip_IOCON_PinMuxSet
                0x000009d2       0x36 C:\Users\iamla\Documents\MCUXpressoIDE_10.2.1_795\workspace\lpc_chip_175x_6x\Debug\liblpc_chip_175x_6x.a(iocon_17xx_40xx.o)
                0x000009d2                Chip_IOCON_PinMuxSet
 .text.Chip_IOCON_PinMux
                0x00000a08       0x94 C:\Users\iamla\Documents\MCUXpressoIDE_10.2.1_795\workspace\lpc_chip_175x_6x\Debug\liblpc_chip_175x_6x.a(iocon_17xx_40xx.o)
                0x00000a08                Chip_IOCON_PinMux
 .text.Chip_IOCON_SetPinMuxing
                0x00000a9c       0x62 C:\Users\iamla\Documents\MCUXpressoIDE_10.2.1_795\workspace\lpc_chip_175x_6x\Debug\liblpc_chip_175x_6x.a(iocon_17xx_40xx.o)
                0x00000a9c                Chip_IOCON_SetPinMuxing
 *fill*         0x00000afe        0x2 ff
 .text.Chip_Clock_IsMainPLLEnabled
                0x00000b00       0x24 C:\Users\iamla\Documents\MCUXpressoIDE_10.2.1_795\workspace\lpc_chip_175x_6x\Debug\liblpc_chip_175x_6x.a(sysinit_17xx_40xx.o)
 .text.Chip_Clock_IsMainPLLLocked
                0x00000b24       0x24 C:\Users\iamla\Documents\MCUXpressoIDE_10.2.1_795\workspace\lpc_chip_175x_6x\Debug\liblpc_chip_175x_6x.a(sysinit_17xx_40xx.o)
 .text.Chip_Clock_IsMainPLLConnected
                0x00000b48       0x24 C:\Users\iamla\Documents\MCUXpressoIDE_10.2.1_795\workspace\lpc_chip_175x_6x\Debug\liblpc_chip_175x_6x.a(sysinit_17xx_40xx.o)
 .text.Chip_Clock_EnableCrystal
                0x00000b6c       0x20 C:\Users\iamla\Documents\MCUXpressoIDE_10.2.1_795\workspace\lpc_chip_175x_6x\Debug\liblpc_chip_175x_6x.a(sysinit_17xx_40xx.o)
 .text.Chip_Clock_IsCrystalEnabled
                0x00000b8c       0x24 C:\Users\iamla\Documents\MCUXpressoIDE_10.2.1_795\workspace\lpc_chip_175x_6x\Debug\liblpc_chip_175x_6x.a(sysinit_17xx_40xx.o)
 .text.Chip_Clock_SetMainPLLSource
                0x00000bb0       0x20 C:\Users\iamla\Documents\MCUXpressoIDE_10.2.1_795\workspace\lpc_chip_175x_6x\Debug\liblpc_chip_175x_6x.a(sysinit_17xx_40xx.o)
 .text.Chip_SetupXtalClocking
                0x00000bd0       0x90 C:\Users\iamla\Documents\MCUXpressoIDE_10.2.1_795\workspace\lpc_chip_175x_6x\Debug\liblpc_chip_175x_6x.a(sysinit_17xx_40xx.o)
                0x00000bd0                Chip_SetupXtalClocking
 .text.Chip_Timer_GetClockIndex
                0x00000c60       0x50 C:\Users\iamla\Documents\MCUXpressoIDE_10.2.1_795\workspace\lpc_chip_175x_6x\Debug\liblpc_chip_175x_6x.a(timer_17xx_40xx.o)
 .text.Chip_TIMER_Init
                0x00000cb0       0x1e C:\Users\iamla\Documents\MCUXpressoIDE_10.2.1_795\workspace\lpc_chip_175x_6x\Debug\liblpc_chip_175x_6x.a(timer_17xx_40xx.o)
                0x00000cb0                Chip_TIMER_Init
 .text.Chip_TIMER_Reset
                0x00000cce       0x3a C:\Users\iamla\Documents\MCUXpressoIDE_10.2.1_795\workspace\lpc_chip_175x_6x\Debug\liblpc_chip_175x_6x.a(timer_17xx_40xx.o)
                0x00000cce                Chip_TIMER_Reset
 .text.Chip_TIMER_ExtMatchControlSet
                0x00000d08       0x70 C:\Users\iamla\Documents\MCUXpressoIDE_10.2.1_795\workspace\lpc_chip_175x_6x\Debug\liblpc_chip_175x_6x.a(timer_17xx_40xx.o)
                0x00000d08                Chip_TIMER_ExtMatchControlSet
 .text.Chip_UART_SetupFIFOS
                0x00000d78       0x1a C:\Users\iamla\Documents\MCUXpressoIDE_10.2.1_795\workspace\lpc_chip_175x_6x\Debug\liblpc_chip_175x_6x.a(uart_17xx_40xx.o)
 .text.Chip_UART_ConfigData
                0x00000d92       0x1a C:\Users\iamla\Documents\MCUXpressoIDE_10.2.1_795\workspace\lpc_chip_175x_6x\Debug\liblpc_chip_175x_6x.a(uart_17xx_40xx.o)
 .text.Chip_UART_EnableDivisorAccess
                0x00000dac       0x1e C:\Users\iamla\Documents\MCUXpressoIDE_10.2.1_795\workspace\lpc_chip_175x_6x\Debug\liblpc_chip_175x_6x.a(uart_17xx_40xx.o)
 .text.Chip_UART_DisableDivisorAccess
                0x00000dca       0x1e C:\Users\iamla\Documents\MCUXpressoIDE_10.2.1_795\workspace\lpc_chip_175x_6x\Debug\liblpc_chip_175x_6x.a(uart_17xx_40xx.o)
 .text.Chip_UART_SetDivisorLatches
                0x00000de8       0x26 C:\Users\iamla\Documents\MCUXpressoIDE_10.2.1_795\workspace\lpc_chip_175x_6x\Debug\liblpc_chip_175x_6x.a(uart_17xx_40xx.o)
 *fill*         0x00000e0e        0x2 ff
 .text.Chip_UART_GetClockIndex
                0x00000e10       0x50 C:\Users\iamla\Documents\MCUXpressoIDE_10.2.1_795\workspace\lpc_chip_175x_6x\Debug\liblpc_chip_175x_6x.a(uart_17xx_40xx.o)
 .text.Chip_UART_GetClkIndex
                0x00000e60       0x50 C:\Users\iamla\Documents\MCUXpressoIDE_10.2.1_795\workspace\lpc_chip_175x_6x\Debug\liblpc_chip_175x_6x.a(uart_17xx_40xx.o)
 .text.Chip_UART_Init
                0x00000eb0       0x78 C:\Users\iamla\Documents\MCUXpressoIDE_10.2.1_795\workspace\lpc_chip_175x_6x\Debug\liblpc_chip_175x_6x.a(uart_17xx_40xx.o)
                0x00000eb0                Chip_UART_Init
 .text.Chip_UART_TXEnable
                0x00000f28       0x18 C:\Users\iamla\Documents\MCUXpressoIDE_10.2.1_795\workspace\lpc_chip_175x_6x\Debug\liblpc_chip_175x_6x.a(uart_17xx_40xx.o)
                0x00000f28                Chip_UART_TXEnable
 .text.Chip_UART_TXDisable
                0x00000f40       0x18 C:\Users\iamla\Documents\MCUXpressoIDE_10.2.1_795\workspace\lpc_chip_175x_6x\Debug\liblpc_chip_175x_6x.a(uart_17xx_40xx.o)
                0x00000f40                Chip_UART_TXDisable
 .text.Chip_UART_SetBaud
                0x00000f58       0x62 C:\Users\iamla\Documents\MCUXpressoIDE_10.2.1_795\workspace\lpc_chip_175x_6x\Debug\liblpc_chip_175x_6x.a(uart_17xx_40xx.o)
                0x00000f58                Chip_UART_SetBaud
 .text.__main   0x00000fba        0xe c:/nxp/mcuxpressoide_10.2.1_795/ide/tools/bin/../lib/gcc/arm-none-eabi/7.2.1/../../../../arm-none-eabi/lib/thumb/v7-m\libcr_nohost.a(_cr__main.o)
                0x00000fba                __main
 .text._initio  0x00000fc8       0x78 c:/nxp/mcuxpressoide_10.2.1_795/ide/tools/bin/../lib/gcc/arm-none-eabi/7.2.1/../../../../arm-none-eabi/lib/thumb/v7-m\libcr_c.a(initio.o)
                0x00000fc8                _initio
 .text.setvbuf  0x00001040       0x40 c:/nxp/mcuxpressoide_10.2.1_795/ide/tools/bin/../lib/gcc/arm-none-eabi/7.2.1/../../../../arm-none-eabi/lib/thumb/v7-m\libcr_c.a(setvbuf.o)
                0x00001040                setvbuf
 .text._fdopen  0x00001080       0x68 c:/nxp/mcuxpressoide_10.2.1_795/ide/tools/bin/../lib/gcc/arm-none-eabi/7.2.1/../../../../arm-none-eabi/lib/thumb/v7-m\libcr_c.a(_fdopen.o)
                0x00001080                _fdopen
 .text.fclose   0x000010e8       0x58 c:/nxp/mcuxpressoide_10.2.1_795/ide/tools/bin/../lib/gcc/arm-none-eabi/7.2.1/../../../../arm-none-eabi/lib/thumb/v7-m\libcr_c.a(fclose.o)
                0x000010e8                fclose
 .text.fflush   0x00001140       0x44 c:/nxp/mcuxpressoide_10.2.1_795/ide/tools/bin/../lib/gcc/arm-none-eabi/7.2.1/../../../../arm-none-eabi/lib/thumb/v7-m\libcr_c.a(fflush.o)
                0x00001140                fflush
 .text.fseek    0x00001184      0x100 c:/nxp/mcuxpressoide_10.2.1_795/ide/tools/bin/../lib/gcc/arm-none-eabi/7.2.1/../../../../arm-none-eabi/lib/thumb/v7-m\libcr_c.a(fseek.o)
                0x00001184                fseek
 .text.ftell    0x00001284       0x44 c:/nxp/mcuxpressoide_10.2.1_795/ide/tools/bin/../lib/gcc/arm-none-eabi/7.2.1/../../../../arm-none-eabi/lib/thumb/v7-m\libcr_c.a(ftell.o)
                0x00001284                ftell
 .text.remove   0x000012c8       0x14 c:/nxp/mcuxpressoide_10.2.1_795/ide/tools/bin/../lib/gcc/arm-none-eabi/7.2.1/../../../../arm-none-eabi/lib/thumb/v7-m\libcr_c.a(remove.o)
                0x000012c8                remove
 .text.strlen   0x000012dc       0x4a c:/nxp/mcuxpressoide_10.2.1_795/ide/tools/bin/../lib/gcc/arm-none-eabi/7.2.1/../../../../arm-none-eabi/lib/thumb/v7-m\libcr_c.a(strlen.o)
                0x000012dc                strlen
 .text.memset   0x00001326        0x4 c:/nxp/mcuxpressoide_10.2.1_795/ide/tools/bin/../lib/gcc/arm-none-eabi/7.2.1/../../../../arm-none-eabi/lib/thumb/v7-m\libcr_c.a(memset.o)
                0x00001326                memset
 .text._do_fflush
                0x0000132a       0x40 c:/nxp/mcuxpressoide_10.2.1_795/ide/tools/bin/../lib/gcc/arm-none-eabi/7.2.1/../../../../arm-none-eabi/lib/thumb/v7-m\libcr_c.a(_do_fflush.o)
                0x0000132a                _do_fflush
 .text._fflush  0x0000136a       0x52 c:/nxp/mcuxpressoide_10.2.1_795/ide/tools/bin/../lib/gcc/arm-none-eabi/7.2.1/../../../../arm-none-eabi/lib/thumb/v7-m\libcr_c.a(_fflush.o)
                0x0000136a                _fflush
 .text._Cwritebuf
                0x000013bc       0x6c c:/nxp/mcuxpressoide_10.2.1_795/ide/tools/bin/../lib/gcc/arm-none-eabi/7.2.1/../../../../arm-none-eabi/lib/thumb/v7-m\libcr_c.a(_writebuf.o)
                0x000013bc                _Cwritebuf
 .text.free     0x00001428       0x30 c:/nxp/mcuxpressoide_10.2.1_795/ide/tools/bin/../lib/gcc/arm-none-eabi/7.2.1/../../../../arm-none-eabi/lib/thumb/v7-m\libcr_c.a(alloc.o)
                0x00001428                free
 .text._deferredlazyseek
                0x00001458       0x40 c:/nxp/mcuxpressoide_10.2.1_795/ide/tools/bin/../lib/gcc/arm-none-eabi/7.2.1/../../../../arm-none-eabi/lib/thumb/v7-m\libcr_c.a(_deferredlazyseek.o)
                0x00001458                _deferredlazyseek
 .text.__aeabi_memset_lowlevel
                0x00001498       0x32 c:/nxp/mcuxpressoide_10.2.1_795/ide/tools/bin/../lib/gcc/arm-none-eabi/7.2.1/thumb/v7-m\libcr_eabihelpers.a(memcpy.o)
                0x00001498                __aeabi_lowlevel_memset
 .text.__sys_close
                0x000014ca        0x6 c:/nxp/mcuxpressoide_10.2.1_795/ide/tools/bin/../lib/gcc/arm-none-eabi/7.2.1/../../../../arm-none-eabi/lib/thumb/v7-m\libcr_nohost.a(__sys_close.o)
                0x000014ca                __sys_close
 .text.__sys_flen
                0x000014d0        0x6 c:/nxp/mcuxpressoide_10.2.1_795/ide/tools/bin/../lib/gcc/arm-none-eabi/7.2.1/../../../../arm-none-eabi/lib/thumb/v7-m\libcr_nohost.a(__sys_flen.o)
                0x000014d0                __sys_flen
 .text.__sys_istty
                0x000014d6        0x6 c:/nxp/mcuxpressoide_10.2.1_795/ide/tools/bin/../lib/gcc/arm-none-eabi/7.2.1/../../../../arm-none-eabi/lib/thumb/v7-m\libcr_nohost.a(__sys_istty.o)
                0x000014d6                __sys_istty
 .text.__sys_remove
                0x000014dc        0x6 c:/nxp/mcuxpressoide_10.2.1_795/ide/tools/bin/../lib/gcc/arm-none-eabi/7.2.1/../../../../arm-none-eabi/lib/thumb/v7-m\libcr_nohost.a(__sys_remove.o)
                0x000014dc                __sys_remove
 .text.__sys_seek
                0x000014e2        0x6 c:/nxp/mcuxpressoide_10.2.1_795/ide/tools/bin/../lib/gcc/arm-none-eabi/7.2.1/../../../../arm-none-eabi/lib/thumb/v7-m\libcr_nohost.a(__sys_seek.o)
                0x000014e2                __sys_seek
 .text.__sys_tmpnam
                0x000014e8        0x6 c:/nxp/mcuxpressoide_10.2.1_795/ide/tools/bin/../lib/gcc/arm-none-eabi/7.2.1/../../../../arm-none-eabi/lib/thumb/v7-m\libcr_nohost.a(__sys_tmpnam.o)
                0x000014e8                __sys_tmpnam
 *(.rodata .rodata.* .constdata .constdata.*)
 *fill*         0x000014ee        0x2 ff
 .rodata.OscRateIn
                0x000014f0        0x4 C:\Users\iamla\Documents\MCUXpressoIDE_10.2.1_795\workspace\lpc_board_nxp_lpcxpresso_1769\Debug\liblpc_board_nxp_lpcxpresso_1769.a(board.o)
                0x000014f0                OscRateIn
 .rodata.RTCOscRateIn
                0x000014f4        0x4 C:\Users\iamla\Documents\MCUXpressoIDE_10.2.1_795\workspace\lpc_board_nxp_lpcxpresso_1769\Debug\liblpc_board_nxp_lpcxpresso_1769.a(board.o)
                0x000014f4                RTCOscRateIn
 .rodata.pinmuxing
                0x000014f8       0x5c C:\Users\iamla\Documents\MCUXpressoIDE_10.2.1_795\workspace\lpc_board_nxp_lpcxpresso_1769\Debug\liblpc_board_nxp_lpcxpresso_1769.a(board_sysinit.o)
 .rodata._initio.str1.1
                0x00001554        0x4 c:/nxp/mcuxpressoide_10.2.1_795/ide/tools/bin/../lib/gcc/arm-none-eabi/7.2.1/../../../../arm-none-eabi/lib/thumb/v7-m\libcr_c.a(initio.o)
 .rodata.__num_Ciob_streams
                0x00001558        0x4 c:/nxp/mcuxpressoide_10.2.1_795/ide/tools/bin/../lib/gcc/arm-none-eabi/7.2.1/../../../../arm-none-eabi/lib/thumb/v7-m\libcr_nohost.a(__ciob.o)
                0x00001558                __num_Ciob_streams
                0x0000155c                . = ALIGN (0x4)

.glue_7         0x0000155c        0x0
 .glue_7        0x0000155c        0x0 linker stubs

.glue_7t        0x0000155c        0x0
 .glue_7t       0x0000155c        0x0 linker stubs

.vfp11_veneer   0x0000155c        0x0
 .vfp11_veneer  0x0000155c        0x0 linker stubs

.v4_bx          0x0000155c        0x0
 .v4_bx         0x0000155c        0x0 linker stubs

.iplt           0x0000155c        0x0
 .iplt          0x0000155c        0x0 ./Code/src/cr_startup_lpc175x_6x.o

.rel.dyn        0x0000155c        0x0
 .rel.iplt      0x0000155c        0x0 ./Code/src/cr_startup_lpc175x_6x.o

.ARM.extab
 *(.ARM.extab* .gnu.linkonce.armextab.*)
                0x0000155c                __exidx_start = .

.ARM.exidx
 *(.ARM.exidx* .gnu.linkonce.armexidx.*)
                0x0000155c                __exidx_end = .
                0x0000155c                _etext = .

.data_RAM2      0x2007c000        0x0 load address 0x0000155c
 FILL mask 0xff
                [!provide]                PROVIDE (__start_data_RAM2, .)
 *(.ramfunc.$RAM2)
 *(.ramfunc.$RamAHB32)
 *(.data.$RAM2*)
 *(.data.$RamAHB32*)
                0x2007c000                . = ALIGN (0x4)
                [!provide]                PROVIDE (__end_data_RAM2, .)

.uninit_RESERVED
                0x10000000        0x0
 *(.bss.$RESERVED*)
                0x10000000                . = ALIGN (0x4)
                0x10000000                _end_uninit_RESERVED = .

.data           0x10000000        0x0 load address 0x0000155c
 FILL mask 0xff
                0x10000000                _data = .
 *(vtable)
 *(.ramfunc*)
 *(.data*)
                0x10000000                . = ALIGN (0x4)
                0x10000000                _edata = .

.igot.plt       0x10000000        0x0 load address 0x0000155c
 .igot.plt      0x10000000        0x0 ./Code/src/cr_startup_lpc175x_6x.o

.bss_RAM2       0x2007c000        0x0
                [!provide]                PROVIDE (__start_bss_RAM2, .)
 *(.bss.$RAM2*)
 *(.bss.$RamAHB32*)
                0x2007c000                . = ALIGN ((. != 0x0)?0x4:0x1)
                [!provide]                PROVIDE (__end_bss_RAM2, .)

.bss            0x10000000      0x1e8
                0x10000000                _bss = .
 *(.bss*)
 .bss.errno     0x10000000        0x4 c:/nxp/mcuxpressoide_10.2.1_795/ide/tools/bin/../lib/gcc/arm-none-eabi/7.2.1/../../../../arm-none-eabi/lib/thumb/v7-m\libcr_c.a(errno.o)
                0x10000000                errno
 .bss.__Ciob    0x10000004      0x1e0 c:/nxp/mcuxpressoide_10.2.1_795/ide/tools/bin/../lib/gcc/arm-none-eabi/7.2.1/../../../../arm-none-eabi/lib/thumb/v7-m\libcr_nohost.a(__ciob.o)
                0x10000004                __Ciob
 *(COMMON)
 COMMON         0x100001e4        0x4 C:\Users\iamla\Documents\MCUXpressoIDE_10.2.1_795\workspace\lpc_chip_175x_6x\Debug\liblpc_chip_175x_6x.a(chip_17xx_40xx.o)
                0x100001e4                SystemCoreClock
                0x100001e8                . = ALIGN (0x4)
                0x100001e8                _ebss = .
                [!provide]                PROVIDE (end, .)

.noinit_RAM2    0x2007c000        0x0
 *(.noinit.$RAM2*)
 *(.noinit.$RamAHB32*)
                0x2007c000                . = ALIGN (0x4)

.noinit         0x100001e8        0x0
                0x100001e8                _noinit = .
 *(.noinit*)
                0x100001e8                . = ALIGN (0x4)
                0x100001e8                _end_noinit = .
                0x100001e8                PROVIDE (_pvHeapStart, DEFINED (__user_heap_base)?__user_heap_base:.)
                0x10008000                PROVIDE (_vStackTop, DEFINED (__user_stack_top)?__user_stack_top:(__top_RamLoc32 - 0x0))
                [!provide]                PROVIDE (__valid_user_code_checksum, (0x0 - ((((((_vStackTop + (ResetISR + 0x1)) + (NMI_Handler + 0x1)) + (HardFault_Handler + 0x1)) + (DEFINED (MemManage_Handler)?MemManage_Handler:0x0 + 0x1)) + (DEFINED (BusFault_Handler)?BusFault_Handler:0x0 + 0x1)) + (DEFINED (UsageFault_Handler)?UsageFault_Handler:0x0 + 0x1))))
                0x00000000                _image_start = LOADADDR (.text)
                0x0000155c                _image_end = (LOADADDR (.data) + SIZEOF (.data))
                0x0000155c                _image_size = (_image_end - _image_start)
OUTPUT(Lab5.2.axf elf32-littlearm)

.debug_info     0x00000000     0x508a
 .debug_info    0x00000000      0x251 ./Code/src/cr_startup_lpc175x_6x.o
 .debug_info    0x00000251      0x232 ./Code/src/sysinit.o
 .debug_info    0x00000483      0x46e ./Code/src/timer.o
 .debug_info    0x000008f1     0x150a C:\Users\iamla\Documents\MCUXpressoIDE_10.2.1_795\workspace\lpc_board_nxp_lpcxpresso_1769\Debug\liblpc_board_nxp_lpcxpresso_1769.a(board.o)
 .debug_info    0x00001dfb      0x6c3 C:\Users\iamla\Documents\MCUXpressoIDE_10.2.1_795\workspace\lpc_board_nxp_lpcxpresso_1769\Debug\liblpc_board_nxp_lpcxpresso_1769.a(board_sysinit.o)
 .debug_info    0x000024be      0x558 C:\Users\iamla\Documents\MCUXpressoIDE_10.2.1_795\workspace\lpc_chip_175x_6x\Debug\liblpc_chip_175x_6x.a(chip_17xx_40xx.o)
 .debug_info    0x00002a16      0xba2 C:\Users\iamla\Documents\MCUXpressoIDE_10.2.1_795\workspace\lpc_chip_175x_6x\Debug\liblpc_chip_175x_6x.a(clock_17xx_40xx.o)
 .debug_info    0x000035b8      0x31e C:\Users\iamla\Documents\MCUXpressoIDE_10.2.1_795\workspace\lpc_chip_175x_6x\Debug\liblpc_chip_175x_6x.a(iocon_17xx_40xx.o)
 .debug_info    0x000038d6      0x474 C:\Users\iamla\Documents\MCUXpressoIDE_10.2.1_795\workspace\lpc_chip_175x_6x\Debug\liblpc_chip_175x_6x.a(sysinit_17xx_40xx.o)
 .debug_info    0x00003d4a      0x42b C:\Users\iamla\Documents\MCUXpressoIDE_10.2.1_795\workspace\lpc_chip_175x_6x\Debug\liblpc_chip_175x_6x.a(timer_17xx_40xx.o)
 .debug_info    0x00004175      0xf15 C:\Users\iamla\Documents\MCUXpressoIDE_10.2.1_795\workspace\lpc_chip_175x_6x\Debug\liblpc_chip_175x_6x.a(uart_17xx_40xx.o)

.debug_abbrev   0x00000000     0x1453
 .debug_abbrev  0x00000000      0x103 ./Code/src/cr_startup_lpc175x_6x.o
 .debug_abbrev  0x00000103       0xdd ./Code/src/sysinit.o
 .debug_abbrev  0x000001e0      0x176 ./Code/src/timer.o
 .debug_abbrev  0x00000356      0x3c8 C:\Users\iamla\Documents\MCUXpressoIDE_10.2.1_795\workspace\lpc_board_nxp_lpcxpresso_1769\Debug\liblpc_board_nxp_lpcxpresso_1769.a(board.o)
 .debug_abbrev  0x0000071e      0x180 C:\Users\iamla\Documents\MCUXpressoIDE_10.2.1_795\workspace\lpc_board_nxp_lpcxpresso_1769\Debug\liblpc_board_nxp_lpcxpresso_1769.a(board_sysinit.o)
 .debug_abbrev  0x0000089e      0x151 C:\Users\iamla\Documents\MCUXpressoIDE_10.2.1_795\workspace\lpc_chip_175x_6x\Debug\liblpc_chip_175x_6x.a(chip_17xx_40xx.o)
 .debug_abbrev  0x000009ef      0x309 C:\Users\iamla\Documents\MCUXpressoIDE_10.2.1_795\workspace\lpc_chip_175x_6x\Debug\liblpc_chip_175x_6x.a(clock_17xx_40xx.o)
 .debug_abbrev  0x00000cf8      0x14a C:\Users\iamla\Documents\MCUXpressoIDE_10.2.1_795\workspace\lpc_chip_175x_6x\Debug\liblpc_chip_175x_6x.a(iocon_17xx_40xx.o)
 .debug_abbrev  0x00000e42      0x18e C:\Users\iamla\Documents\MCUXpressoIDE_10.2.1_795\workspace\lpc_chip_175x_6x\Debug\liblpc_chip_175x_6x.a(sysinit_17xx_40xx.o)
 .debug_abbrev  0x00000fd0      0x171 C:\Users\iamla\Documents\MCUXpressoIDE_10.2.1_795\workspace\lpc_chip_175x_6x\Debug\liblpc_chip_175x_6x.a(timer_17xx_40xx.o)
 .debug_abbrev  0x00001141      0x312 C:\Users\iamla\Documents\MCUXpressoIDE_10.2.1_795\workspace\lpc_chip_175x_6x\Debug\liblpc_chip_175x_6x.a(uart_17xx_40xx.o)

.debug_aranges  0x00000000      0x5c0
 .debug_aranges
                0x00000000       0x80 ./Code/src/cr_startup_lpc175x_6x.o
 .debug_aranges
                0x00000080       0x20 ./Code/src/sysinit.o
 .debug_aranges
                0x000000a0       0x38 ./Code/src/timer.o
 .debug_aranges
                0x000000d8      0x160 C:\Users\iamla\Documents\MCUXpressoIDE_10.2.1_795\workspace\lpc_board_nxp_lpcxpresso_1769\Debug\liblpc_board_nxp_lpcxpresso_1769.a(board.o)
 .debug_aranges
                0x00000238       0x38 C:\Users\iamla\Documents\MCUXpressoIDE_10.2.1_795\workspace\lpc_board_nxp_lpcxpresso_1769\Debug\liblpc_board_nxp_lpcxpresso_1769.a(board_sysinit.o)
 .debug_aranges
                0x00000270       0x38 C:\Users\iamla\Documents\MCUXpressoIDE_10.2.1_795\workspace\lpc_chip_175x_6x\Debug\liblpc_chip_175x_6x.a(chip_17xx_40xx.o)
 .debug_aranges
                0x000002a8      0x120 C:\Users\iamla\Documents\MCUXpressoIDE_10.2.1_795\workspace\lpc_chip_175x_6x\Debug\liblpc_chip_175x_6x.a(clock_17xx_40xx.o)
 .debug_aranges
                0x000003c8       0x30 C:\Users\iamla\Documents\MCUXpressoIDE_10.2.1_795\workspace\lpc_chip_175x_6x\Debug\liblpc_chip_175x_6x.a(iocon_17xx_40xx.o)
 .debug_aranges
                0x000003f8       0x60 C:\Users\iamla\Documents\MCUXpressoIDE_10.2.1_795\workspace\lpc_chip_175x_6x\Debug\liblpc_chip_175x_6x.a(sysinit_17xx_40xx.o)
 .debug_aranges
                0x00000458       0x40 C:\Users\iamla\Documents\MCUXpressoIDE_10.2.1_795\workspace\lpc_chip_175x_6x\Debug\liblpc_chip_175x_6x.a(timer_17xx_40xx.o)
 .debug_aranges
                0x00000498      0x128 C:\Users\iamla\Documents\MCUXpressoIDE_10.2.1_795\workspace\lpc_chip_175x_6x\Debug\liblpc_chip_175x_6x.a(uart_17xx_40xx.o)

.debug_ranges   0x00000000      0x510
 .debug_ranges  0x00000000       0x70 ./Code/src/cr_startup_lpc175x_6x.o
 .debug_ranges  0x00000070       0x10 ./Code/src/sysinit.o
 .debug_ranges  0x00000080       0x28 ./Code/src/timer.o
 .debug_ranges  0x000000a8      0x150 C:\Users\iamla\Documents\MCUXpressoIDE_10.2.1_795\workspace\lpc_board_nxp_lpcxpresso_1769\Debug\liblpc_board_nxp_lpcxpresso_1769.a(board.o)
 .debug_ranges  0x000001f8       0x28 C:\Users\iamla\Documents\MCUXpressoIDE_10.2.1_795\workspace\lpc_board_nxp_lpcxpresso_1769\Debug\liblpc_board_nxp_lpcxpresso_1769.a(board_sysinit.o)
 .debug_ranges  0x00000220       0x28 C:\Users\iamla\Documents\MCUXpressoIDE_10.2.1_795\workspace\lpc_chip_175x_6x\Debug\liblpc_chip_175x_6x.a(chip_17xx_40xx.o)
 .debug_ranges  0x00000248      0x110 C:\Users\iamla\Documents\MCUXpressoIDE_10.2.1_795\workspace\lpc_chip_175x_6x\Debug\liblpc_chip_175x_6x.a(clock_17xx_40xx.o)
 .debug_ranges  0x00000358       0x20 C:\Users\iamla\Documents\MCUXpressoIDE_10.2.1_795\workspace\lpc_chip_175x_6x\Debug\liblpc_chip_175x_6x.a(iocon_17xx_40xx.o)
 .debug_ranges  0x00000378       0x50 C:\Users\iamla\Documents\MCUXpressoIDE_10.2.1_795\workspace\lpc_chip_175x_6x\Debug\liblpc_chip_175x_6x.a(sysinit_17xx_40xx.o)
 .debug_ranges  0x000003c8       0x30 C:\Users\iamla\Documents\MCUXpressoIDE_10.2.1_795\workspace\lpc_chip_175x_6x\Debug\liblpc_chip_175x_6x.a(timer_17xx_40xx.o)
 .debug_ranges  0x000003f8      0x118 C:\Users\iamla\Documents\MCUXpressoIDE_10.2.1_795\workspace\lpc_chip_175x_6x\Debug\liblpc_chip_175x_6x.a(uart_17xx_40xx.o)

.debug_macro    0x00000000     0x4e1f
 .debug_macro   0x00000000       0x1d ./Code/src/cr_startup_lpc175x_6x.o
 .debug_macro   0x0000001d      0xa66 ./Code/src/cr_startup_lpc175x_6x.o
 .debug_macro   0x00000a83      0x217 ./Code/src/sysinit.o
 .debug_macro   0x00000c9a       0x10 ./Code/src/sysinit.o
 .debug_macro   0x00000caa      0x12d ./Code/src/sysinit.o
 .debug_macro   0x00000dd7      0x5b2 ./Code/src/sysinit.o
 .debug_macro   0x00001389       0x22 ./Code/src/sysinit.o
 .debug_macro   0x000013ab       0x7b ./Code/src/sysinit.o
 .debug_macro   0x00001426       0x10 ./Code/src/sysinit.o
 .debug_macro   0x00001436       0x2d ./Code/src/sysinit.o
 .debug_macro   0x00001463       0x3a ./Code/src/sysinit.o
 .debug_macro   0x0000149d       0x2d ./Code/src/sysinit.o
 .debug_macro   0x000014ca      0xbb1 ./Code/src/sysinit.o
 .debug_macro   0x0000207b      0x22c ./Code/src/sysinit.o
 .debug_macro   0x000022a7       0x42 ./Code/src/sysinit.o
 .debug_macro   0x000022e9       0x52 ./Code/src/sysinit.o
 .debug_macro   0x0000233b       0x78 ./Code/src/sysinit.o
 .debug_macro   0x000023b3       0x82 ./Code/src/sysinit.o
 .debug_macro   0x00002435      0x48c ./Code/src/sysinit.o
 .debug_macro   0x000028c1       0x34 ./Code/src/sysinit.o
 .debug_macro   0x000028f5      0x4c5 ./Code/src/sysinit.o
 .debug_macro   0x00002dba      0x1b7 ./Code/src/sysinit.o
 .debug_macro   0x00002f71       0x10 ./Code/src/sysinit.o
 .debug_macro   0x00002f81      0x21b ./Code/src/sysinit.o
 .debug_macro   0x0000319c      0x1b9 ./Code/src/sysinit.o
 .debug_macro   0x00003355       0x40 ./Code/src/sysinit.o
 .debug_macro   0x00003395       0x22 ./Code/src/sysinit.o
 .debug_macro   0x000033b7      0x162 ./Code/src/sysinit.o
 .debug_macro   0x00003519       0x94 ./Code/src/sysinit.o
 .debug_macro   0x000035ad       0xb8 ./Code/src/sysinit.o
 .debug_macro   0x00003665       0x4c ./Code/src/sysinit.o
 .debug_macro   0x000036b1       0x16 ./Code/src/sysinit.o
 .debug_macro   0x000036c7      0x328 ./Code/src/sysinit.o
 .debug_macro   0x000039ef       0x49 ./Code/src/sysinit.o
 .debug_macro   0x00003a38       0x16 ./Code/src/sysinit.o
 .debug_macro   0x00003a4e       0xca ./Code/src/sysinit.o
 .debug_macro   0x00003b18       0x18 ./Code/src/sysinit.o
 .debug_macro   0x00003b30       0x70 ./Code/src/sysinit.o
 .debug_macro   0x00003ba0       0x9a ./Code/src/sysinit.o
 .debug_macro   0x00003c3a       0x20 ./Code/src/sysinit.o
 .debug_macro   0x00003c5a       0x28 ./Code/src/sysinit.o
 .debug_macro   0x00003c82      0x21d ./Code/src/timer.o
 .debug_macro   0x00003e9f      0x289 C:\Users\iamla\Documents\MCUXpressoIDE_10.2.1_795\workspace\lpc_board_nxp_lpcxpresso_1769\Debug\liblpc_board_nxp_lpcxpresso_1769.a(board.o)
 .debug_macro   0x00004128       0x12 C:\Users\iamla\Documents\MCUXpressoIDE_10.2.1_795\workspace\lpc_board_nxp_lpcxpresso_1769\Debug\liblpc_board_nxp_lpcxpresso_1769.a(board.o)
 .debug_macro   0x0000413a      0x217 C:\Users\iamla\Documents\MCUXpressoIDE_10.2.1_795\workspace\lpc_board_nxp_lpcxpresso_1769\Debug\liblpc_board_nxp_lpcxpresso_1769.a(board_sysinit.o)
 .debug_macro   0x00004351      0x1cd C:\Users\iamla\Documents\MCUXpressoIDE_10.2.1_795\workspace\lpc_chip_175x_6x\Debug\liblpc_chip_175x_6x.a(chip_17xx_40xx.o)
 .debug_macro   0x0000451e      0x1cd C:\Users\iamla\Documents\MCUXpressoIDE_10.2.1_795\workspace\lpc_chip_175x_6x\Debug\liblpc_chip_175x_6x.a(clock_17xx_40xx.o)
 .debug_macro   0x000046eb      0x1cd C:\Users\iamla\Documents\MCUXpressoIDE_10.2.1_795\workspace\lpc_chip_175x_6x\Debug\liblpc_chip_175x_6x.a(iocon_17xx_40xx.o)
 .debug_macro   0x000048b8      0x1cd C:\Users\iamla\Documents\MCUXpressoIDE_10.2.1_795\workspace\lpc_chip_175x_6x\Debug\liblpc_chip_175x_6x.a(sysinit_17xx_40xx.o)
 .debug_macro   0x00004a85      0x1cd C:\Users\iamla\Documents\MCUXpressoIDE_10.2.1_795\workspace\lpc_chip_175x_6x\Debug\liblpc_chip_175x_6x.a(timer_17xx_40xx.o)
 .debug_macro   0x00004c52      0x1cd C:\Users\iamla\Documents\MCUXpressoIDE_10.2.1_795\workspace\lpc_chip_175x_6x\Debug\liblpc_chip_175x_6x.a(uart_17xx_40xx.o)

.debug_line     0x00000000     0x3798
 .debug_line    0x00000000       0xd8 ./Code/src/cr_startup_lpc175x_6x.o
 .debug_line    0x000000d8      0x49c ./Code/src/sysinit.o
 .debug_line    0x00000574      0x4d9 ./Code/src/timer.o
 .debug_line    0x00000a4d      0x852 C:\Users\iamla\Documents\MCUXpressoIDE_10.2.1_795\workspace\lpc_board_nxp_lpcxpresso_1769\Debug\liblpc_board_nxp_lpcxpresso_1769.a(board.o)
 .debug_line    0x0000129f      0x4d7 C:\Users\iamla\Documents\MCUXpressoIDE_10.2.1_795\workspace\lpc_board_nxp_lpcxpresso_1769\Debug\liblpc_board_nxp_lpcxpresso_1769.a(board_sysinit.o)
 .debug_line    0x00001776      0x457 C:\Users\iamla\Documents\MCUXpressoIDE_10.2.1_795\workspace\lpc_chip_175x_6x\Debug\liblpc_chip_175x_6x.a(chip_17xx_40xx.o)
 .debug_line    0x00001bcd      0x6d3 C:\Users\iamla\Documents\MCUXpressoIDE_10.2.1_795\workspace\lpc_chip_175x_6x\Debug\liblpc_chip_175x_6x.a(clock_17xx_40xx.o)
 .debug_line    0x000022a0      0x443 C:\Users\iamla\Documents\MCUXpressoIDE_10.2.1_795\workspace\lpc_chip_175x_6x\Debug\liblpc_chip_175x_6x.a(iocon_17xx_40xx.o)
 .debug_line    0x000026e3      0x4cd C:\Users\iamla\Documents\MCUXpressoIDE_10.2.1_795\workspace\lpc_chip_175x_6x\Debug\liblpc_chip_175x_6x.a(sysinit_17xx_40xx.o)
 .debug_line    0x00002bb0      0x468 C:\Users\iamla\Documents\MCUXpressoIDE_10.2.1_795\workspace\lpc_chip_175x_6x\Debug\liblpc_chip_175x_6x.a(timer_17xx_40xx.o)
 .debug_line    0x00003018      0x780 C:\Users\iamla\Documents\MCUXpressoIDE_10.2.1_795\workspace\lpc_chip_175x_6x\Debug\liblpc_chip_175x_6x.a(uart_17xx_40xx.o)

.debug_str      0x00000000    0x13488
 .debug_str     0x00000000     0x2ead ./Code/src/cr_startup_lpc175x_6x.o
                               0x2ec0 (size before relaxing)
 .debug_str     0x00002ead     0xe4da ./Code/src/sysinit.o
                              0x112a2 (size before relaxing)
 .debug_str     0x00011387      0x14f ./Code/src/timer.o
                              0x113c0 (size before relaxing)
 .debug_str     0x000114d6      0xeab C:\Users\iamla\Documents\MCUXpressoIDE_10.2.1_795\workspace\lpc_board_nxp_lpcxpresso_1769\Debug\liblpc_board_nxp_lpcxpresso_1769.a(board.o)
                              0x12182 (size before relaxing)
 .debug_str     0x00012381      0x22d C:\Users\iamla\Documents\MCUXpressoIDE_10.2.1_795\workspace\lpc_board_nxp_lpcxpresso_1769\Debug\liblpc_board_nxp_lpcxpresso_1769.a(board_sysinit.o)
                              0x116bc (size before relaxing)
 .debug_str     0x000125ae       0xc6 C:\Users\iamla\Documents\MCUXpressoIDE_10.2.1_795\workspace\lpc_chip_175x_6x\Debug\liblpc_chip_175x_6x.a(chip_17xx_40xx.o)
                              0x1130c (size before relaxing)
 .debug_str     0x00012674      0x857 C:\Users\iamla\Documents\MCUXpressoIDE_10.2.1_795\workspace\lpc_chip_175x_6x\Debug\liblpc_chip_175x_6x.a(clock_17xx_40xx.o)
                              0x1198a (size before relaxing)
 .debug_str     0x00012ecb       0x79 C:\Users\iamla\Documents\MCUXpressoIDE_10.2.1_795\workspace\lpc_chip_175x_6x\Debug\liblpc_chip_175x_6x.a(iocon_17xx_40xx.o)
                              0x10e07 (size before relaxing)
 .debug_str     0x00012f44       0xc4 C:\Users\iamla\Documents\MCUXpressoIDE_10.2.1_795\workspace\lpc_chip_175x_6x\Debug\liblpc_chip_175x_6x.a(sysinit_17xx_40xx.o)
                              0x10fef (size before relaxing)
 .debug_str     0x00013008       0xc0 C:\Users\iamla\Documents\MCUXpressoIDE_10.2.1_795\workspace\lpc_chip_175x_6x\Debug\liblpc_chip_175x_6x.a(timer_17xx_40xx.o)
                              0x11138 (size before relaxing)
 .debug_str     0x000130c8      0x3c0 C:\Users\iamla\Documents\MCUXpressoIDE_10.2.1_795\workspace\lpc_chip_175x_6x\Debug\liblpc_chip_175x_6x.a(uart_17xx_40xx.o)
                              0x1185f (size before relaxing)

.comment        0x00000000       0x7e
 .comment       0x00000000       0x7e ./Code/src/cr_startup_lpc175x_6x.o
                                 0x7f (size before relaxing)
 .comment       0x0000007e       0x7f ./Code/src/sysinit.o
 .comment       0x0000007e       0x7f ./Code/src/timer.o
 .comment       0x0000007e       0x7f C:\Users\iamla\Documents\MCUXpressoIDE_10.2.1_795\workspace\lpc_board_nxp_lpcxpresso_1769\Debug\liblpc_board_nxp_lpcxpresso_1769.a(board.o)
 .comment       0x0000007e       0x7f C:\Users\iamla\Documents\MCUXpressoIDE_10.2.1_795\workspace\lpc_board_nxp_lpcxpresso_1769\Debug\liblpc_board_nxp_lpcxpresso_1769.a(board_sysinit.o)
 .comment       0x0000007e       0x7f C:\Users\iamla\Documents\MCUXpressoIDE_10.2.1_795\workspace\lpc_chip_175x_6x\Debug\liblpc_chip_175x_6x.a(chip_17xx_40xx.o)
 .comment       0x0000007e       0x7f C:\Users\iamla\Documents\MCUXpressoIDE_10.2.1_795\workspace\lpc_chip_175x_6x\Debug\liblpc_chip_175x_6x.a(clock_17xx_40xx.o)
 .comment       0x0000007e       0x7f C:\Users\iamla\Documents\MCUXpressoIDE_10.2.1_795\workspace\lpc_chip_175x_6x\Debug\liblpc_chip_175x_6x.a(iocon_17xx_40xx.o)
 .comment       0x0000007e       0x7f C:\Users\iamla\Documents\MCUXpressoIDE_10.2.1_795\workspace\lpc_chip_175x_6x\Debug\liblpc_chip_175x_6x.a(sysinit_17xx_40xx.o)
 .comment       0x0000007e       0x7f C:\Users\iamla\Documents\MCUXpressoIDE_10.2.1_795\workspace\lpc_chip_175x_6x\Debug\liblpc_chip_175x_6x.a(timer_17xx_40xx.o)
 .comment       0x0000007e       0x7f C:\Users\iamla\Documents\MCUXpressoIDE_10.2.1_795\workspace\lpc_chip_175x_6x\Debug\liblpc_chip_175x_6x.a(uart_17xx_40xx.o)
 .comment       0x0000007e       0x7f c:/nxp/mcuxpressoide_10.2.1_795/ide/tools/bin/../lib/gcc/arm-none-eabi/7.2.1/../../../../arm-none-eabi/lib/thumb/v7-m\libcr_nohost.a(_cr__main.o)
 .comment       0x0000007e       0x7f c:/nxp/mcuxpressoide_10.2.1_795/ide/tools/bin/../lib/gcc/arm-none-eabi/7.2.1/../../../../arm-none-eabi/lib/thumb/v7-m\libcr_c.a(initio.o)
 .comment       0x0000007e       0x7f c:/nxp/mcuxpressoide_10.2.1_795/ide/tools/bin/../lib/gcc/arm-none-eabi/7.2.1/../../../../arm-none-eabi/lib/thumb/v7-m\libcr_c.a(setvbuf.o)
 .comment       0x0000007e       0x7f c:/nxp/mcuxpressoide_10.2.1_795/ide/tools/bin/../lib/gcc/arm-none-eabi/7.2.1/../../../../arm-none-eabi/lib/thumb/v7-m\libcr_c.a(_fdopen.o)
 .comment       0x0000007e       0x7f c:/nxp/mcuxpressoide_10.2.1_795/ide/tools/bin/../lib/gcc/arm-none-eabi/7.2.1/../../../../arm-none-eabi/lib/thumb/v7-m\libcr_c.a(fclose.o)
 .comment       0x0000007e       0x7f c:/nxp/mcuxpressoide_10.2.1_795/ide/tools/bin/../lib/gcc/arm-none-eabi/7.2.1/../../../../arm-none-eabi/lib/thumb/v7-m\libcr_c.a(fflush.o)
 .comment       0x0000007e       0x7f c:/nxp/mcuxpressoide_10.2.1_795/ide/tools/bin/../lib/gcc/arm-none-eabi/7.2.1/../../../../arm-none-eabi/lib/thumb/v7-m\libcr_c.a(fseek.o)
 .comment       0x0000007e       0x7f c:/nxp/mcuxpressoide_10.2.1_795/ide/tools/bin/../lib/gcc/arm-none-eabi/7.2.1/../../../../arm-none-eabi/lib/thumb/v7-m\libcr_c.a(ftell.o)
 .comment       0x0000007e       0x7f c:/nxp/mcuxpressoide_10.2.1_795/ide/tools/bin/../lib/gcc/arm-none-eabi/7.2.1/../../../../arm-none-eabi/lib/thumb/v7-m\libcr_c.a(remove.o)
 .comment       0x0000007e       0x7f c:/nxp/mcuxpressoide_10.2.1_795/ide/tools/bin/../lib/gcc/arm-none-eabi/7.2.1/../../../../arm-none-eabi/lib/thumb/v7-m\libcr_c.a(strlen.o)
 .comment       0x0000007e       0x7f c:/nxp/mcuxpressoide_10.2.1_795/ide/tools/bin/../lib/gcc/arm-none-eabi/7.2.1/../../../../arm-none-eabi/lib/thumb/v7-m\libcr_c.a(memset.o)
 .comment       0x0000007e       0x7f c:/nxp/mcuxpressoide_10.2.1_795/ide/tools/bin/../lib/gcc/arm-none-eabi/7.2.1/../../../../arm-none-eabi/lib/thumb/v7-m\libcr_c.a(_do_fflush.o)
 .comment       0x0000007e       0x7f c:/nxp/mcuxpressoide_10.2.1_795/ide/tools/bin/../lib/gcc/arm-none-eabi/7.2.1/../../../../arm-none-eabi/lib/thumb/v7-m\libcr_c.a(_fflush.o)
 .comment       0x0000007e       0x7f c:/nxp/mcuxpressoide_10.2.1_795/ide/tools/bin/../lib/gcc/arm-none-eabi/7.2.1/../../../../arm-none-eabi/lib/thumb/v7-m\libcr_c.a(_writebuf.o)
 .comment       0x0000007e       0x7f c:/nxp/mcuxpressoide_10.2.1_795/ide/tools/bin/../lib/gcc/arm-none-eabi/7.2.1/../../../../arm-none-eabi/lib/thumb/v7-m\libcr_c.a(alloc.o)
 .comment       0x0000007e       0x7f c:/nxp/mcuxpressoide_10.2.1_795/ide/tools/bin/../lib/gcc/arm-none-eabi/7.2.1/../../../../arm-none-eabi/lib/thumb/v7-m\libcr_c.a(errno.o)
 .comment       0x0000007e       0x7f c:/nxp/mcuxpressoide_10.2.1_795/ide/tools/bin/../lib/gcc/arm-none-eabi/7.2.1/../../../../arm-none-eabi/lib/thumb/v7-m\libcr_c.a(_deferredlazyseek.o)
 .comment       0x0000007e       0x7f c:/nxp/mcuxpressoide_10.2.1_795/ide/tools/bin/../lib/gcc/arm-none-eabi/7.2.1/../../../../arm-none-eabi/lib/thumb/v7-m\libcr_nohost.a(__ciob.o)
 .comment       0x0000007e       0x7f c:/nxp/mcuxpressoide_10.2.1_795/ide/tools/bin/../lib/gcc/arm-none-eabi/7.2.1/../../../../arm-none-eabi/lib/thumb/v7-m\libcr_nohost.a(__sys_close.o)
 .comment       0x0000007e       0x7f c:/nxp/mcuxpressoide_10.2.1_795/ide/tools/bin/../lib/gcc/arm-none-eabi/7.2.1/../../../../arm-none-eabi/lib/thumb/v7-m\libcr_nohost.a(__sys_flen.o)
 .comment       0x0000007e       0x7f c:/nxp/mcuxpressoide_10.2.1_795/ide/tools/bin/../lib/gcc/arm-none-eabi/7.2.1/../../../../arm-none-eabi/lib/thumb/v7-m\libcr_nohost.a(__sys_istty.o)
 .comment       0x0000007e       0x7f c:/nxp/mcuxpressoide_10.2.1_795/ide/tools/bin/../lib/gcc/arm-none-eabi/7.2.1/../../../../arm-none-eabi/lib/thumb/v7-m\libcr_nohost.a(__sys_remove.o)
 .comment       0x0000007e       0x7f c:/nxp/mcuxpressoide_10.2.1_795/ide/tools/bin/../lib/gcc/arm-none-eabi/7.2.1/../../../../arm-none-eabi/lib/thumb/v7-m\libcr_nohost.a(__sys_seek.o)
 .comment       0x0000007e       0x7f c:/nxp/mcuxpressoide_10.2.1_795/ide/tools/bin/../lib/gcc/arm-none-eabi/7.2.1/../../../../arm-none-eabi/lib/thumb/v7-m\libcr_nohost.a(__sys_tmpnam.o)

.ARM.attributes
                0x00000000       0x31
 .ARM.attributes
                0x00000000       0x33 ./Code/src/cr_startup_lpc175x_6x.o
 .ARM.attributes
                0x00000033       0x33 ./Code/src/sysinit.o
 .ARM.attributes
                0x00000066       0x33 ./Code/src/timer.o
 .ARM.attributes
                0x00000099       0x33 C:\Users\iamla\Documents\MCUXpressoIDE_10.2.1_795\workspace\lpc_board_nxp_lpcxpresso_1769\Debug\liblpc_board_nxp_lpcxpresso_1769.a(board.o)
 .ARM.attributes
                0x000000cc       0x33 C:\Users\iamla\Documents\MCUXpressoIDE_10.2.1_795\workspace\lpc_board_nxp_lpcxpresso_1769\Debug\liblpc_board_nxp_lpcxpresso_1769.a(board_sysinit.o)
 .ARM.attributes
                0x000000ff       0x33 C:\Users\iamla\Documents\MCUXpressoIDE_10.2.1_795\workspace\lpc_chip_175x_6x\Debug\liblpc_chip_175x_6x.a(chip_17xx_40xx.o)
 .ARM.attributes
                0x00000132       0x33 C:\Users\iamla\Documents\MCUXpressoIDE_10.2.1_795\workspace\lpc_chip_175x_6x\Debug\liblpc_chip_175x_6x.a(clock_17xx_40xx.o)
 .ARM.attributes
                0x00000165       0x33 C:\Users\iamla\Documents\MCUXpressoIDE_10.2.1_795\workspace\lpc_chip_175x_6x\Debug\liblpc_chip_175x_6x.a(iocon_17xx_40xx.o)
 .ARM.attributes
                0x00000198       0x33 C:\Users\iamla\Documents\MCUXpressoIDE_10.2.1_795\workspace\lpc_chip_175x_6x\Debug\liblpc_chip_175x_6x.a(sysinit_17xx_40xx.o)
 .ARM.attributes
                0x000001cb       0x33 C:\Users\iamla\Documents\MCUXpressoIDE_10.2.1_795\workspace\lpc_chip_175x_6x\Debug\liblpc_chip_175x_6x.a(timer_17xx_40xx.o)
 .ARM.attributes
                0x000001fe       0x33 C:\Users\iamla\Documents\MCUXpressoIDE_10.2.1_795\workspace\lpc_chip_175x_6x\Debug\liblpc_chip_175x_6x.a(uart_17xx_40xx.o)
 .ARM.attributes
                0x00000231       0x33 c:/nxp/mcuxpressoide_10.2.1_795/ide/tools/bin/../lib/gcc/arm-none-eabi/7.2.1/../../../../arm-none-eabi/lib/thumb/v7-m\libcr_nohost.a(_cr__main.o)
 .ARM.attributes
                0x00000264       0x33 c:/nxp/mcuxpressoide_10.2.1_795/ide/tools/bin/../lib/gcc/arm-none-eabi/7.2.1/../../../../arm-none-eabi/lib/thumb/v7-m\libcr_c.a(initio.o)
 .ARM.attributes
                0x00000297       0x33 c:/nxp/mcuxpressoide_10.2.1_795/ide/tools/bin/../lib/gcc/arm-none-eabi/7.2.1/../../../../arm-none-eabi/lib/thumb/v7-m\libcr_c.a(setvbuf.o)
 .ARM.attributes
                0x000002ca       0x33 c:/nxp/mcuxpressoide_10.2.1_795/ide/tools/bin/../lib/gcc/arm-none-eabi/7.2.1/../../../../arm-none-eabi/lib/thumb/v7-m\libcr_c.a(_fdopen.o)
 .ARM.attributes
                0x000002fd       0x33 c:/nxp/mcuxpressoide_10.2.1_795/ide/tools/bin/../lib/gcc/arm-none-eabi/7.2.1/../../../../arm-none-eabi/lib/thumb/v7-m\libcr_c.a(fclose.o)
 .ARM.attributes
                0x00000330       0x33 c:/nxp/mcuxpressoide_10.2.1_795/ide/tools/bin/../lib/gcc/arm-none-eabi/7.2.1/../../../../arm-none-eabi/lib/thumb/v7-m\libcr_c.a(fflush.o)
 .ARM.attributes
                0x00000363       0x33 c:/nxp/mcuxpressoide_10.2.1_795/ide/tools/bin/../lib/gcc/arm-none-eabi/7.2.1/../../../../arm-none-eabi/lib/thumb/v7-m\libcr_c.a(fseek.o)
 .ARM.attributes
                0x00000396       0x33 c:/nxp/mcuxpressoide_10.2.1_795/ide/tools/bin/../lib/gcc/arm-none-eabi/7.2.1/../../../../arm-none-eabi/lib/thumb/v7-m\libcr_c.a(ftell.o)
 .ARM.attributes
                0x000003c9       0x33 c:/nxp/mcuxpressoide_10.2.1_795/ide/tools/bin/../lib/gcc/arm-none-eabi/7.2.1/../../../../arm-none-eabi/lib/thumb/v7-m\libcr_c.a(remove.o)
 .ARM.attributes
                0x000003fc       0x33 c:/nxp/mcuxpressoide_10.2.1_795/ide/tools/bin/../lib/gcc/arm-none-eabi/7.2.1/../../../../arm-none-eabi/lib/thumb/v7-m\libcr_c.a(strlen.o)
 .ARM.attributes
                0x0000042f       0x33 c:/nxp/mcuxpressoide_10.2.1_795/ide/tools/bin/../lib/gcc/arm-none-eabi/7.2.1/../../../../arm-none-eabi/lib/thumb/v7-m\libcr_c.a(memset.o)
 .ARM.attributes
                0x00000462       0x33 c:/nxp/mcuxpressoide_10.2.1_795/ide/tools/bin/../lib/gcc/arm-none-eabi/7.2.1/../../../../arm-none-eabi/lib/thumb/v7-m\libcr_c.a(_do_fflush.o)
 .ARM.attributes
                0x00000495       0x33 c:/nxp/mcuxpressoide_10.2.1_795/ide/tools/bin/../lib/gcc/arm-none-eabi/7.2.1/../../../../arm-none-eabi/lib/thumb/v7-m\libcr_c.a(_fflush.o)
 .ARM.attributes
                0x000004c8       0x33 c:/nxp/mcuxpressoide_10.2.1_795/ide/tools/bin/../lib/gcc/arm-none-eabi/7.2.1/../../../../arm-none-eabi/lib/thumb/v7-m\libcr_c.a(_writebuf.o)
 .ARM.attributes
                0x000004fb       0x33 c:/nxp/mcuxpressoide_10.2.1_795/ide/tools/bin/../lib/gcc/arm-none-eabi/7.2.1/../../../../arm-none-eabi/lib/thumb/v7-m\libcr_c.a(alloc.o)
 .ARM.attributes
                0x0000052e       0x33 c:/nxp/mcuxpressoide_10.2.1_795/ide/tools/bin/../lib/gcc/arm-none-eabi/7.2.1/../../../../arm-none-eabi/lib/thumb/v7-m\libcr_c.a(errno.o)
 .ARM.attributes
                0x00000561       0x33 c:/nxp/mcuxpressoide_10.2.1_795/ide/tools/bin/../lib/gcc/arm-none-eabi/7.2.1/../../../../arm-none-eabi/lib/thumb/v7-m\libcr_c.a(_deferredlazyseek.o)
 .ARM.attributes
                0x00000594       0x21 c:/nxp/mcuxpressoide_10.2.1_795/ide/tools/bin/../lib/gcc/arm-none-eabi/7.2.1/thumb/v7-m\libcr_eabihelpers.a(memcpy.o)
 .ARM.attributes
                0x000005b5       0x33 c:/nxp/mcuxpressoide_10.2.1_795/ide/tools/bin/../lib/gcc/arm-none-eabi/7.2.1/../../../../arm-none-eabi/lib/thumb/v7-m\libcr_nohost.a(__ciob.o)
 .ARM.attributes
                0x000005e8       0x33 c:/nxp/mcuxpressoide_10.2.1_795/ide/tools/bin/../lib/gcc/arm-none-eabi/7.2.1/../../../../arm-none-eabi/lib/thumb/v7-m\libcr_nohost.a(__sys_close.o)
 .ARM.attributes
                0x0000061b       0x33 c:/nxp/mcuxpressoide_10.2.1_795/ide/tools/bin/../lib/gcc/arm-none-eabi/7.2.1/../../../../arm-none-eabi/lib/thumb/v7-m\libcr_nohost.a(__sys_flen.o)
 .ARM.attributes
                0x0000064e       0x33 c:/nxp/mcuxpressoide_10.2.1_795/ide/tools/bin/../lib/gcc/arm-none-eabi/7.2.1/../../../../arm-none-eabi/lib/thumb/v7-m\libcr_nohost.a(__sys_istty.o)
 .ARM.attributes
                0x00000681       0x33 c:/nxp/mcuxpressoide_10.2.1_795/ide/tools/bin/../lib/gcc/arm-none-eabi/7.2.1/../../../../arm-none-eabi/lib/thumb/v7-m\libcr_nohost.a(__sys_remove.o)
 .ARM.attributes
                0x000006b4       0x33 c:/nxp/mcuxpressoide_10.2.1_795/ide/tools/bin/../lib/gcc/arm-none-eabi/7.2.1/../../../../arm-none-eabi/lib/thumb/v7-m\libcr_nohost.a(__sys_seek.o)
 .ARM.attributes
                0x000006e7       0x33 c:/nxp/mcuxpressoide_10.2.1_795/ide/tools/bin/../lib/gcc/arm-none-eabi/7.2.1/../../../../arm-none-eabi/lib/thumb/v7-m\libcr_nohost.a(__sys_tmpnam.o)

.debug_frame    0x00000000     0x1570
 .debug_frame   0x00000000      0x170 ./Code/src/cr_startup_lpc175x_6x.o
 .debug_frame   0x00000170       0x34 ./Code/src/sysinit.o
 .debug_frame   0x000001a4       0xa8 ./Code/src/timer.o
 .debug_frame   0x0000024c      0x5d4 C:\Users\iamla\Documents\MCUXpressoIDE_10.2.1_795\workspace\lpc_board_nxp_lpcxpresso_1769\Debug\liblpc_board_nxp_lpcxpresso_1769.a(board.o)
 .debug_frame   0x00000820       0x8c C:\Users\iamla\Documents\MCUXpressoIDE_10.2.1_795\workspace\lpc_board_nxp_lpcxpresso_1769\Debug\liblpc_board_nxp_lpcxpresso_1769.a(board_sysinit.o)
 .debug_frame   0x000008ac       0x88 C:\Users\iamla\Documents\MCUXpressoIDE_10.2.1_795\workspace\lpc_chip_175x_6x\Debug\liblpc_chip_175x_6x.a(chip_17xx_40xx.o)
 .debug_frame   0x00000934      0x490 C:\Users\iamla\Documents\MCUXpressoIDE_10.2.1_795\workspace\lpc_chip_175x_6x\Debug\liblpc_chip_175x_6x.a(clock_17xx_40xx.o)
 .debug_frame   0x00000dc4       0x80 C:\Users\iamla\Documents\MCUXpressoIDE_10.2.1_795\workspace\lpc_chip_175x_6x\Debug\liblpc_chip_175x_6x.a(iocon_17xx_40xx.o)
 .debug_frame   0x00000e44      0x12c C:\Users\iamla\Documents\MCUXpressoIDE_10.2.1_795\workspace\lpc_chip_175x_6x\Debug\liblpc_chip_175x_6x.a(sysinit_17xx_40xx.o)
 .debug_frame   0x00000f70       0xd0 C:\Users\iamla\Documents\MCUXpressoIDE_10.2.1_795\workspace\lpc_chip_175x_6x\Debug\liblpc_chip_175x_6x.a(timer_17xx_40xx.o)
 .debug_frame   0x00001040      0x530 C:\Users\iamla\Documents\MCUXpressoIDE_10.2.1_795\workspace\lpc_chip_175x_6x\Debug\liblpc_chip_175x_6x.a(uart_17xx_40xx.o)
